Component: ARM Compiler 5.05 (build 41) Tool: armlink [4d0eb9]

==============================================================================

Section Cross References

    main.o(.text) refers to rt_memclr_w.o(.text) for __aeabi_memclr4
    main.o(.text) refers to aeabi_memset.o(.text) for __aeabi_memset
    main.o(.text) refers to keypad_driver.o(.text) for WaitForKey
    main.o(.text) refers to lcd_driver.o(.text) for lcdWriteData
    main.o(.text) refers to main.o(.bss) for numbers
    main.o(.text) refers to main.o(.data) for numberSize
    main.o(.text) refers to dflt_clz.o(x$fpl$dflt) for __aeabi_i2d
    main.o(.text) refers to pow.o(i.__hardfp_pow) for __hardfp_pow
    main.o(.text) refers to dfix.o(x$fpl$dfix) for __aeabi_d2iz
    main.o(.text) refers to dleqf.o(x$fpl$dleqf) for __aeabi_cdcmple
    main.o(.text) refers to dmul.o(x$fpl$dmul) for __aeabi_dmul
    keypad_driver.o(.text) refers to main.o(.text) for SysTick_Wait_ms
    keypad_driver.o(.text) refers to keypad_driver.o(.data) for keypadKeysTotal
    keypad_driver.o(.text) refers to main.o(.data) for key
    lcd_driver.o(.text) refers to main.o(.text) for SysTick_Wait_us
    lcd_driver.o(.text) refers to lcd_driver.o(.data) for gameGraphics
    startup_tm4c123.o(STACK) refers (Special) to heapauxi.o(.text) for __use_two_region_memory
    startup_tm4c123.o(HEAP) refers (Special) to heapauxi.o(.text) for __use_two_region_memory
    startup_tm4c123.o(RESET) refers (Special) to heapauxi.o(.text) for __use_two_region_memory
    startup_tm4c123.o(RESET) refers to startup_tm4c123.o(STACK) for __initial_sp
    startup_tm4c123.o(RESET) refers to startup_tm4c123.o(.text) for Reset_Handler
    startup_tm4c123.o(RESET) refers to keypad_driver.o(.text) for GPIOA_Handler
    startup_tm4c123.o(.text) refers (Special) to heapauxi.o(.text) for __use_two_region_memory
    startup_tm4c123.o(.text) refers to system_tm4c123.o(.text) for SystemInit
    startup_tm4c123.o(.text) refers to __main.o(!!!main) for __main
    startup_tm4c123.o(.text) refers to startup_tm4c123.o(HEAP) for Heap_Mem
    startup_tm4c123.o(.text) refers to startup_tm4c123.o(STACK) for Stack_Mem
    system_tm4c123.o(.text) refers to system_tm4c123.o(.data) for SystemCoreClock
    aeabi_memset.o(.text) refers to rt_memclr.o(.text) for _memset
    __main.o(!!!main) refers to __rtentry.o(.ARM.Collect$$rtentry$$00000000) for __rt_entry
    dfix.o(x$fpl$dfix) refers (Special) to usenofp.o(x$fpl$usenofp) for __I$use$fp
    dfix.o(x$fpl$dfix) refers to dnaninf.o(x$fpl$dnaninf) for __fpl_dnaninf
    dfix.o(x$fpl$dfixr) refers (Special) to usenofp.o(x$fpl$usenofp) for __I$use$fp
    dfix.o(x$fpl$dfixr) refers to dnaninf.o(x$fpl$dnaninf) for __fpl_dnaninf
    dflt_clz.o(x$fpl$dfltu) refers (Special) to usenofp.o(x$fpl$usenofp) for __I$use$fp
    dflt_clz.o(x$fpl$dflt) refers (Special) to usenofp.o(x$fpl$usenofp) for __I$use$fp
    dflt_clz.o(x$fpl$dfltn) refers (Special) to usenofp.o(x$fpl$usenofp) for __I$use$fp
    dleqf.o(x$fpl$dleqf) refers (Special) to usenofp.o(x$fpl$usenofp) for __I$use$fp
    dleqf.o(x$fpl$dleqf) refers to dnaninf.o(x$fpl$dnaninf) for __fpl_dnaninf
    dleqf.o(x$fpl$dleqf) refers to dcmpi.o(x$fpl$dcmpinf) for __fpl_dcmp_Inf
    dmul.o(x$fpl$dmul) refers (Special) to usenofp.o(x$fpl$usenofp) for __I$use$fp
    dmul.o(x$fpl$dmul) refers to dretinf.o(x$fpl$dretinf) for __fpl_dretinf
    dmul.o(x$fpl$dmul) refers to dnaninf.o(x$fpl$dnaninf) for __fpl_dnaninf
    pow.o(i.__hardfp_pow) refers (Special) to usenofp.o(x$fpl$usenofp) for __I$use$fp
    pow.o(i.__hardfp_pow) refers to dunder.o(i.__mathlib_dbl_infnan2) for __mathlib_dbl_infnan2
    pow.o(i.__hardfp_pow) refers to _rserrno.o(.text) for __set_errno
    pow.o(i.__hardfp_pow) refers to dunder.o(i.__mathlib_dbl_divzero) for __mathlib_dbl_divzero
    pow.o(i.__hardfp_pow) refers to basic.o(x$fpl$basic) for __aeabi_dneg
    pow.o(i.__hardfp_pow) refers to dunder.o(i.__mathlib_dbl_overflow) for __mathlib_dbl_overflow
    pow.o(i.__hardfp_pow) refers to ddiv.o(x$fpl$ddiv) for __aeabi_ddiv
    pow.o(i.__hardfp_pow) refers to sqrt.o(i.sqrt) for sqrt
    pow.o(i.__hardfp_pow) refers to fabs.o(i.fabs) for fabs
    pow.o(i.__hardfp_pow) refers to dunder.o(i.__mathlib_dbl_invalid) for __mathlib_dbl_invalid
    pow.o(i.__hardfp_pow) refers to dunder.o(i.__mathlib_dbl_underflow) for __mathlib_dbl_underflow
    pow.o(i.__hardfp_pow) refers to daddsub_clz.o(x$fpl$dsub) for __aeabi_dsub
    pow.o(i.__hardfp_pow) refers to dmul.o(x$fpl$dmul) for __aeabi_dmul
    pow.o(i.__hardfp_pow) refers to daddsub_clz.o(x$fpl$drsb) for __aeabi_drsub
    pow.o(i.__hardfp_pow) refers to qnan.o(.constdata) for __mathlib_zero
    pow.o(i.__hardfp_pow) refers to daddsub_clz.o(x$fpl$dadd) for __aeabi_dadd
    pow.o(i.__hardfp_pow) refers to poly.o(i.__kernel_poly) for __kernel_poly
    pow.o(i.__hardfp_pow) refers to dflt_clz.o(x$fpl$dflt) for __aeabi_i2d
    pow.o(i.__hardfp_pow) refers to pow.o(.constdata) for .constdata
    pow.o(i.__hardfp_pow) refers to drleqf.o(x$fpl$drleqf) for __aeabi_cdrcmple
    pow.o(i.__hardfp_pow) refers to scalbn.o(x$fpl$scalbn) for __ARM_scalbn
    pow.o(i.__hardfp_pow) refers to fpclassify.o(i.__ARM_fpclassify) for __ARM_fpclassify
    pow.o(i.__softfp_pow) refers (Special) to usenofp.o(x$fpl$usenofp) for __I$use$fp
    pow.o(i.__softfp_pow) refers to pow.o(i.__hardfp_pow) for __hardfp_pow
    pow.o(i.pow) refers (Special) to usenofp.o(x$fpl$usenofp) for __I$use$fp
    pow.o(i.pow) refers to pow.o(i.__hardfp_pow) for __hardfp_pow
    pow.o(.constdata) refers (Special) to usenofp.o(x$fpl$usenofp) for __I$use$fp
    pow_x.o(i.____hardfp_pow$lsc) refers (Special) to usenofp.o(x$fpl$usenofp) for __I$use$fp
    pow_x.o(i.____hardfp_pow$lsc) refers to dunder.o(i.__mathlib_dbl_infnan2) for __mathlib_dbl_infnan2
    pow_x.o(i.____hardfp_pow$lsc) refers to _rserrno.o(.text) for __set_errno
    pow_x.o(i.____hardfp_pow$lsc) refers to basic.o(x$fpl$basic) for __aeabi_dneg
    pow_x.o(i.____hardfp_pow$lsc) refers to ddiv.o(x$fpl$ddiv) for __aeabi_ddiv
    pow_x.o(i.____hardfp_pow$lsc) refers to sqrt.o(i.sqrt) for sqrt
    pow_x.o(i.____hardfp_pow$lsc) refers to fabs.o(i.fabs) for fabs
    pow_x.o(i.____hardfp_pow$lsc) refers to dflt_clz.o(x$fpl$dflt) for __aeabi_i2d
    pow_x.o(i.____hardfp_pow$lsc) refers to daddsub_clz.o(x$fpl$dsub) for __aeabi_dsub
    pow_x.o(i.____hardfp_pow$lsc) refers to dmul.o(x$fpl$dmul) for __aeabi_dmul
    pow_x.o(i.____hardfp_pow$lsc) refers to daddsub_clz.o(x$fpl$drsb) for __aeabi_drsub
    pow_x.o(i.____hardfp_pow$lsc) refers to qnan.o(.constdata) for __mathlib_zero
    pow_x.o(i.____hardfp_pow$lsc) refers to daddsub_clz.o(x$fpl$dadd) for __aeabi_dadd
    pow_x.o(i.____hardfp_pow$lsc) refers to poly.o(i.__kernel_poly) for __kernel_poly
    pow_x.o(i.____hardfp_pow$lsc) refers to pow_x.o(.constdata) for .constdata
    pow_x.o(i.____hardfp_pow$lsc) refers to drleqf.o(x$fpl$drleqf) for __aeabi_cdrcmple
    pow_x.o(i.____hardfp_pow$lsc) refers to scalbn.o(x$fpl$scalbn) for __ARM_scalbn
    pow_x.o(i.____softfp_pow$lsc) refers (Special) to usenofp.o(x$fpl$usenofp) for __I$use$fp
    pow_x.o(i.____softfp_pow$lsc) refers to pow_x.o(i.____hardfp_pow$lsc) for ____hardfp_pow$lsc
    pow_x.o(i.__pow$lsc) refers (Special) to usenofp.o(x$fpl$usenofp) for __I$use$fp
    pow_x.o(i.__pow$lsc) refers to pow_x.o(i.____hardfp_pow$lsc) for ____hardfp_pow$lsc
    pow_x.o(.constdata) refers (Special) to usenofp.o(x$fpl$usenofp) for __I$use$fp
    __rtentry.o(.ARM.Collect$$rtentry$$00000000) refers (Special) to __rtentry2.o(.ARM.Collect$$rtentry$$0000000A) for __rt_entry_li
    __rtentry.o(.ARM.Collect$$rtentry$$00000000) refers (Special) to __rtentry2.o(.ARM.Collect$$rtentry$$0000000D) for __rt_entry_main
    __rtentry.o(.ARM.Collect$$rtentry$$00000000) refers (Special) to __rtentry2.o(.ARM.Collect$$rtentry$$0000000C) for __rt_entry_postli_1
    __rtentry.o(.ARM.Collect$$rtentry$$00000000) refers (Special) to __rtentry2.o(.ARM.Collect$$rtentry$$00000009) for __rt_entry_postsh_1
    __rtentry.o(.ARM.Collect$$rtentry$$00000000) refers (Special) to __rtentry2.o(.ARM.Collect$$rtentry$$00000002) for __rt_entry_presh_1
    __rtentry.o(.ARM.Collect$$rtentry$$00000000) refers (Special) to __rtentry4.o(.ARM.Collect$$rtentry$$00000004) for __rt_entry_sh
    _rserrno.o(.text) refers to rt_errno_addr_intlibspace.o(.text) for __aeabi_errno_addr
    rt_memclr.o(.text) refers to rt_memclr_w.o(.text) for _memset_w
    basic.o(x$fpl$basic) refers (Special) to usenofp.o(x$fpl$usenofp) for __I$use$fp
    daddsub_clz.o(x$fpl$dadd) refers (Special) to usenofp.o(x$fpl$usenofp) for __I$use$fp
    daddsub_clz.o(x$fpl$dadd) refers to daddsub_clz.o(x$fpl$dsub) for _dsub1
    daddsub_clz.o(x$fpl$dadd) refers to dretinf.o(x$fpl$dretinf) for __fpl_dretinf
    daddsub_clz.o(x$fpl$dadd) refers to dnaninf.o(x$fpl$dnaninf) for __fpl_dnaninf
    daddsub_clz.o(x$fpl$drsb) refers (Special) to usenofp.o(x$fpl$usenofp) for __I$use$fp
    daddsub_clz.o(x$fpl$drsb) refers to daddsub_clz.o(x$fpl$dadd) for _dadd1
    daddsub_clz.o(x$fpl$drsb) refers to daddsub_clz.o(x$fpl$dsub) for _dsub1
    daddsub_clz.o(x$fpl$dsub) refers (Special) to usenofp.o(x$fpl$usenofp) for __I$use$fp
    daddsub_clz.o(x$fpl$dsub) refers to daddsub_clz.o(x$fpl$dadd) for _dadd1
    daddsub_clz.o(x$fpl$dsub) refers to dnaninf.o(x$fpl$dnaninf) for __fpl_dnaninf
    dcmpi.o(x$fpl$dcmpinf) refers (Special) to usenofp.o(x$fpl$usenofp) for __I$use$fp
    ddiv.o(x$fpl$drdiv) refers (Special) to usenofp.o(x$fpl$usenofp) for __I$use$fp
    ddiv.o(x$fpl$drdiv) refers to ddiv.o(x$fpl$ddiv) for ddiv_entry
    ddiv.o(x$fpl$ddiv) refers (Special) to usenofp.o(x$fpl$usenofp) for __I$use$fp
    ddiv.o(x$fpl$ddiv) refers to dretinf.o(x$fpl$dretinf) for __fpl_dretinf
    ddiv.o(x$fpl$ddiv) refers to dnaninf.o(x$fpl$dnaninf) for __fpl_dnaninf
    dnaninf.o(x$fpl$dnaninf) refers (Special) to usenofp.o(x$fpl$usenofp) for __I$use$fp
    dretinf.o(x$fpl$dretinf) refers (Special) to usenofp.o(x$fpl$usenofp) for __I$use$fp
    drleqf.o(x$fpl$drleqf) refers (Special) to usenofp.o(x$fpl$usenofp) for __I$use$fp
    drleqf.o(x$fpl$drleqf) refers to dleqf.o(x$fpl$dleqf) for __fpl_dcmple_InfNaN
    scalbn.o(x$fpl$scalbn) refers (Special) to usenofp.o(x$fpl$usenofp) for __I$use$fp
    scalbn.o(x$fpl$scalbn) refers to dcheck1.o(x$fpl$dcheck1) for __fpl_dcheck_NaN1
    dunder.o(i.__mathlib_dbl_divzero) refers to ddiv.o(x$fpl$ddiv) for __aeabi_ddiv
    dunder.o(i.__mathlib_dbl_infnan) refers to daddsub_clz.o(x$fpl$dadd) for __aeabi_dadd
    dunder.o(i.__mathlib_dbl_infnan2) refers to daddsub_clz.o(x$fpl$dadd) for __aeabi_dadd
    dunder.o(i.__mathlib_dbl_invalid) refers to ddiv.o(x$fpl$ddiv) for __aeabi_ddiv
    dunder.o(i.__mathlib_dbl_overflow) refers to dmul.o(x$fpl$dmul) for __aeabi_dmul
    dunder.o(i.__mathlib_dbl_posinfnan) refers to dmul.o(x$fpl$dmul) for __aeabi_dmul
    dunder.o(i.__mathlib_dbl_underflow) refers to dmul.o(x$fpl$dmul) for __aeabi_dmul
    fabs.o(i.__hardfp_fabs) refers (Special) to usenofp.o(x$fpl$usenofp) for __I$use$fp
    fabs.o(i.__softfp_fabs) refers (Special) to usenofp.o(x$fpl$usenofp) for __I$use$fp
    fabs.o(i.fabs) refers (Special) to usenofp.o(x$fpl$usenofp) for __I$use$fp
    fpclassify.o(i.__ARM_fpclassify) refers (Special) to usenofp.o(x$fpl$usenofp) for __I$use$fp
    poly.o(i.__kernel_poly) refers (Special) to usenofp.o(x$fpl$usenofp) for __I$use$fp
    poly.o(i.__kernel_poly) refers to dmul.o(x$fpl$dmul) for __aeabi_dmul
    poly.o(i.__kernel_poly) refers to daddsub_clz.o(x$fpl$dadd) for __aeabi_dadd
    qnan.o(.constdata) refers (Special) to usenofp.o(x$fpl$usenofp) for __I$use$fp
    sqrt.o(i.__hardfp_sqrt) refers (Special) to usenofp.o(x$fpl$usenofp) for __I$use$fp
    sqrt.o(i.__hardfp_sqrt) refers to dsqrt_umaal.o(x$fpl$dsqrt) for _dsqrt
    sqrt.o(i.__hardfp_sqrt) refers to _rserrno.o(.text) for __set_errno
    sqrt.o(i.__softfp_sqrt) refers (Special) to usenofp.o(x$fpl$usenofp) for __I$use$fp
    sqrt.o(i.__softfp_sqrt) refers to dsqrt_umaal.o(x$fpl$dsqrt) for _dsqrt
    sqrt.o(i.__softfp_sqrt) refers to _rserrno.o(.text) for __set_errno
    sqrt.o(i.sqrt) refers (Special) to usenofp.o(x$fpl$usenofp) for __I$use$fp
    sqrt.o(i.sqrt) refers to dsqrt_umaal.o(x$fpl$dsqrt) for _dsqrt
    sqrt.o(i.sqrt) refers to _rserrno.o(.text) for __set_errno
    sqrt_x.o(i.____hardfp_sqrt$lsc) refers (Special) to usenofp.o(x$fpl$usenofp) for __I$use$fp
    sqrt_x.o(i.____hardfp_sqrt$lsc) refers to dleqf.o(x$fpl$dleqf) for __aeabi_cdcmple
    sqrt_x.o(i.____hardfp_sqrt$lsc) refers to _rserrno.o(.text) for __set_errno
    sqrt_x.o(i.____hardfp_sqrt$lsc) refers to dsqrt_umaal.o(x$fpl$dsqrt) for _dsqrt
    sqrt_x.o(i.____softfp_sqrt$lsc) refers (Special) to usenofp.o(x$fpl$usenofp) for __I$use$fp
    sqrt_x.o(i.____softfp_sqrt$lsc) refers to dleqf.o(x$fpl$dleqf) for __aeabi_cdcmple
    sqrt_x.o(i.____softfp_sqrt$lsc) refers to _rserrno.o(.text) for __set_errno
    sqrt_x.o(i.____softfp_sqrt$lsc) refers to dsqrt_umaal.o(x$fpl$dsqrt) for _dsqrt
    sqrt_x.o(i.__sqrt$lsc) refers (Special) to usenofp.o(x$fpl$usenofp) for __I$use$fp
    sqrt_x.o(i.__sqrt$lsc) refers to dleqf.o(x$fpl$dleqf) for __aeabi_cdcmple
    sqrt_x.o(i.__sqrt$lsc) refers to _rserrno.o(.text) for __set_errno
    sqrt_x.o(i.__sqrt$lsc) refers to dsqrt_umaal.o(x$fpl$dsqrt) for _dsqrt
    __rtentry2.o(.ARM.Collect$$rtentry$$00000008) refers to boardinit2.o(.text) for _platform_post_stackheap_init
    __rtentry2.o(.ARM.Collect$$rtentry$$0000000A) refers to libinit.o(.ARM.Collect$$libinit$$00000000) for __rt_lib_init
    __rtentry2.o(.ARM.Collect$$rtentry$$0000000B) refers to boardinit3.o(.text) for _platform_post_lib_init
    __rtentry2.o(.ARM.Collect$$rtentry$$0000000D) refers to main.o(.text) for main
    __rtentry2.o(.ARM.Collect$$rtentry$$0000000D) refers to exit.o(.text) for exit
    __rtentry2.o(.ARM.exidx) refers to __rtentry2.o(.ARM.Collect$$rtentry$$00000001) for .ARM.Collect$$rtentry$$00000001
    __rtentry2.o(.ARM.exidx) refers to __rtentry2.o(.ARM.Collect$$rtentry$$00000008) for .ARM.Collect$$rtentry$$00000008
    __rtentry2.o(.ARM.exidx) refers to __rtentry2.o(.ARM.Collect$$rtentry$$0000000A) for .ARM.Collect$$rtentry$$0000000A
    __rtentry2.o(.ARM.exidx) refers to __rtentry2.o(.ARM.Collect$$rtentry$$0000000B) for .ARM.Collect$$rtentry$$0000000B
    __rtentry2.o(.ARM.exidx) refers to __rtentry2.o(.ARM.Collect$$rtentry$$0000000D) for .ARM.Collect$$rtentry$$0000000D
    __rtentry4.o(.ARM.Collect$$rtentry$$00000004) refers to sys_stackheap_outer.o(.text) for __user_setup_stackheap
    __rtentry4.o(.ARM.exidx) refers to __rtentry4.o(.ARM.Collect$$rtentry$$00000004) for .ARM.Collect$$rtentry$$00000004
    rt_errno_addr.o(.text) refers to rt_errno_addr.o(.bss) for __aeabi_errno_addr_data
    rt_errno_addr_intlibspace.o(.text) refers to libspace.o(.bss) for __libspace_start
    dcheck1.o(x$fpl$dcheck1) refers (Special) to usenofp.o(x$fpl$usenofp) for __I$use$fp
    dcheck1.o(x$fpl$dcheck1) refers to retnan.o(x$fpl$retnan) for __fpl_return_NaN
    dsqrt_umaal.o(x$fpl$dsqrt) refers (Special) to usenofp.o(x$fpl$usenofp) for __I$use$fp
    dsqrt_umaal.o(x$fpl$dsqrt) refers to dnaninf.o(x$fpl$dnaninf) for __fpl_dnaninf
    libspace.o(.text) refers to libspace.o(.bss) for __libspace_start
    sys_stackheap_outer.o(.text) refers to libspace.o(.text) for __user_perproc_libspace
    sys_stackheap_outer.o(.text) refers to startup_tm4c123.o(.text) for __user_initial_stackheap
    exit.o(.text) refers to rtexit.o(.ARM.Collect$$rtexit$$00000000) for __rt_exit
    libinit.o(.ARM.Collect$$libinit$$00000000) refers (Special) to libinit2.o(.ARM.Collect$$libinit$$0000002E) for __rt_lib_init_alloca_1
    libinit.o(.ARM.Collect$$libinit$$00000000) refers (Special) to libinit2.o(.ARM.Collect$$libinit$$0000002C) for __rt_lib_init_argv_1
    libinit.o(.ARM.Collect$$libinit$$00000000) refers (Special) to libinit2.o(.ARM.Collect$$libinit$$0000001B) for __rt_lib_init_atexit_1
    libinit.o(.ARM.Collect$$libinit$$00000000) refers (Special) to libinit2.o(.ARM.Collect$$libinit$$00000021) for __rt_lib_init_clock_1
    libinit.o(.ARM.Collect$$libinit$$00000000) refers (Special) to libinit2.o(.ARM.Collect$$libinit$$00000032) for __rt_lib_init_cpp_1
    libinit.o(.ARM.Collect$$libinit$$00000000) refers (Special) to libinit2.o(.ARM.Collect$$libinit$$00000030) for __rt_lib_init_exceptions_1
    libinit.o(.ARM.Collect$$libinit$$00000000) refers (Special) to libinit2.o(.ARM.Collect$$libinit$$00000001) for __rt_lib_init_fp_1
    libinit.o(.ARM.Collect$$libinit$$00000000) refers (Special) to libinit2.o(.ARM.Collect$$libinit$$0000001F) for __rt_lib_init_fp_trap_1
    libinit.o(.ARM.Collect$$libinit$$00000000) refers (Special) to libinit2.o(.ARM.Collect$$libinit$$00000023) for __rt_lib_init_getenv_1
    libinit.o(.ARM.Collect$$libinit$$00000000) refers (Special) to libinit2.o(.ARM.Collect$$libinit$$0000000A) for __rt_lib_init_heap_1
    libinit.o(.ARM.Collect$$libinit$$00000000) refers (Special) to libinit2.o(.ARM.Collect$$libinit$$00000011) for __rt_lib_init_lc_collate_1
    libinit.o(.ARM.Collect$$libinit$$00000000) refers (Special) to libinit2.o(.ARM.Collect$$libinit$$00000013) for __rt_lib_init_lc_ctype_1
    libinit.o(.ARM.Collect$$libinit$$00000000) refers (Special) to libinit2.o(.ARM.Collect$$libinit$$00000015) for __rt_lib_init_lc_monetary_1
    libinit.o(.ARM.Collect$$libinit$$00000000) refers (Special) to libinit2.o(.ARM.Collect$$libinit$$00000017) for __rt_lib_init_lc_numeric_1
    libinit.o(.ARM.Collect$$libinit$$00000000) refers (Special) to libinit2.o(.ARM.Collect$$libinit$$00000019) for __rt_lib_init_lc_time_1
    libinit.o(.ARM.Collect$$libinit$$00000000) refers (Special) to libinit2.o(.ARM.Collect$$libinit$$00000004) for __rt_lib_init_preinit_1
    libinit.o(.ARM.Collect$$libinit$$00000000) refers (Special) to libinit2.o(.ARM.Collect$$libinit$$0000000E) for __rt_lib_init_rand_1
    libinit.o(.ARM.Collect$$libinit$$00000000) refers (Special) to libinit2.o(.ARM.Collect$$libinit$$00000033) for __rt_lib_init_return
    libinit.o(.ARM.Collect$$libinit$$00000000) refers (Special) to libinit2.o(.ARM.Collect$$libinit$$0000001D) for __rt_lib_init_signal_1
    libinit.o(.ARM.Collect$$libinit$$00000000) refers (Special) to libinit2.o(.ARM.Collect$$libinit$$00000025) for __rt_lib_init_stdio_1
    libinit.o(.ARM.Collect$$libinit$$00000000) refers (Special) to libinit2.o(.ARM.Collect$$libinit$$0000000C) for __rt_lib_init_user_alloc_1
    retnan.o(x$fpl$retnan) refers (Special) to usenofp.o(x$fpl$usenofp) for __I$use$fp
    retnan.o(x$fpl$retnan) refers to trapv.o(x$fpl$trapveneer) for __fpl_cmpreturn
    rtexit.o(.ARM.Collect$$rtexit$$00000000) refers (Special) to rtexit2.o(.ARM.Collect$$rtexit$$00000004) for __rt_exit_exit
    rtexit.o(.ARM.Collect$$rtexit$$00000000) refers (Special) to rtexit2.o(.ARM.Collect$$rtexit$$00000003) for __rt_exit_ls
    rtexit.o(.ARM.Collect$$rtexit$$00000000) refers (Special) to rtexit2.o(.ARM.Collect$$rtexit$$00000002) for __rt_exit_prels_1
    rtexit.o(.ARM.exidx) refers (Special) to rtexit2.o(.ARM.Collect$$rtexit$$00000004) for __rt_exit_exit
    rtexit.o(.ARM.exidx) refers (Special) to rtexit2.o(.ARM.Collect$$rtexit$$00000003) for __rt_exit_ls
    rtexit.o(.ARM.exidx) refers (Special) to rtexit2.o(.ARM.Collect$$rtexit$$00000002) for __rt_exit_prels_1
    rtexit.o(.ARM.exidx) refers to rtexit.o(.ARM.Collect$$rtexit$$00000000) for .ARM.Collect$$rtexit$$00000000
    libinit2.o(.ARM.Collect$$libinit$$00000001) refers to fpinit.o(x$fpl$fpinit) for _fp_init
    libinit2.o(.ARM.Collect$$libinit$$00000010) refers to libinit2.o(.ARM.Collect$$libinit$$0000000F) for .ARM.Collect$$libinit$$0000000F
    libinit2.o(.ARM.Collect$$libinit$$00000012) refers to libinit2.o(.ARM.Collect$$libinit$$0000000F) for .ARM.Collect$$libinit$$0000000F
    libinit2.o(.ARM.Collect$$libinit$$00000014) refers to libinit2.o(.ARM.Collect$$libinit$$0000000F) for .ARM.Collect$$libinit$$0000000F
    libinit2.o(.ARM.Collect$$libinit$$00000016) refers to libinit2.o(.ARM.Collect$$libinit$$0000000F) for .ARM.Collect$$libinit$$0000000F
    libinit2.o(.ARM.Collect$$libinit$$00000018) refers to libinit2.o(.ARM.Collect$$libinit$$0000000F) for .ARM.Collect$$libinit$$0000000F
    libinit2.o(.ARM.Collect$$libinit$$00000026) refers to argv_veneer.o(.emb_text) for __ARM_argv_veneer
    libinit2.o(.ARM.Collect$$libinit$$00000027) refers to argv_veneer.o(.emb_text) for __ARM_argv_veneer
    trapv.o(x$fpl$trapveneer) refers (Special) to usenofp.o(x$fpl$usenofp) for __I$use$fp
    rtexit2.o(.ARM.Collect$$rtexit$$00000003) refers to libshutdown.o(.ARM.Collect$$libshutdown$$00000000) for __rt_lib_shutdown
    rtexit2.o(.ARM.Collect$$rtexit$$00000004) refers to sys_exit.o(.text) for _sys_exit
    rtexit2.o(.ARM.exidx) refers to rtexit2.o(.ARM.Collect$$rtexit$$00000001) for .ARM.Collect$$rtexit$$00000001
    rtexit2.o(.ARM.exidx) refers to rtexit2.o(.ARM.Collect$$rtexit$$00000003) for .ARM.Collect$$rtexit$$00000003
    rtexit2.o(.ARM.exidx) refers to rtexit2.o(.ARM.Collect$$rtexit$$00000004) for .ARM.Collect$$rtexit$$00000004
    argv_veneer.o(.emb_text) refers to no_argv.o(.text) for __ARM_get_argv
    sys_exit.o(.text) refers (Special) to use_no_semi.o(.text) for __I$use$semihosting
    sys_exit.o(.text) refers (Special) to indicate_semi.o(.text) for __semihosting_library_function
    _get_argv_nomalloc.o(.text) refers (Special) to hrguard.o(.text) for __heap_region$guard
    _get_argv_nomalloc.o(.text) refers to defsig_rtmem_outer.o(.text) for __rt_SIGRTMEM
    _get_argv_nomalloc.o(.text) refers to sys_command.o(.text) for _sys_command_string
    libshutdown.o(.ARM.Collect$$libshutdown$$00000000) refers (Special) to libshutdown2.o(.ARM.Collect$$libshutdown$$00000006) for __rt_lib_shutdown_fp_trap_1
    libshutdown.o(.ARM.Collect$$libshutdown$$00000000) refers (Special) to libshutdown2.o(.ARM.Collect$$libshutdown$$0000000E) for __rt_lib_shutdown_heap_1
    libshutdown.o(.ARM.Collect$$libshutdown$$00000000) refers (Special) to libshutdown2.o(.ARM.Collect$$libshutdown$$0000000F) for __rt_lib_shutdown_return
    libshutdown.o(.ARM.Collect$$libshutdown$$00000000) refers (Special) to libshutdown2.o(.ARM.Collect$$libshutdown$$00000009) for __rt_lib_shutdown_signal_1
    libshutdown.o(.ARM.Collect$$libshutdown$$00000000) refers (Special) to libshutdown2.o(.ARM.Collect$$libshutdown$$00000003) for __rt_lib_shutdown_stdio_1
    libshutdown.o(.ARM.Collect$$libshutdown$$00000000) refers (Special) to libshutdown2.o(.ARM.Collect$$libshutdown$$0000000B) for __rt_lib_shutdown_user_alloc_1
    sys_command.o(.text) refers (Special) to use_no_semi.o(.text) for __I$use$semihosting
    sys_command.o(.text) refers (Special) to indicate_semi.o(.text) for __semihosting_library_function
    defsig_rtmem_outer.o(.text) refers to defsig_rtmem_inner.o(.text) for __rt_SIGRTMEM_inner
    defsig_rtmem_outer.o(.text) refers to defsig_exit.o(.text) for __sig_exit
    defsig_rtmem_formal.o(.text) refers to rt_raise.o(.text) for __rt_raise
    rt_raise.o(.text) refers to __raise.o(.text) for __raise
    rt_raise.o(.text) refers to sys_exit.o(.text) for _sys_exit
    defsig_exit.o(.text) refers to sys_exit.o(.text) for _sys_exit
    defsig_rtmem_inner.o(.text) refers to defsig_general.o(.text) for __default_signal_display
    __raise.o(.text) refers to defsig.o(CL$$defsig) for __default_signal_handler
    defsig_general.o(.text) refers to sys_wrch.o(.text) for _ttywrch
    sys_wrch.o(.text) refers (Special) to use_no_semi.o(.text) for __I$use$semihosting
    sys_wrch.o(.text) refers (Special) to indicate_semi.o(.text) for __semihosting_library_function
    defsig.o(CL$$defsig) refers to defsig_rtmem_inner.o(.text) for __rt_SIGRTMEM_inner
    defsig_abrt_inner.o(.text) refers to defsig_general.o(.text) for __default_signal_display
    defsig_fpe_inner.o(.text) refers to defsig_general.o(.text) for __default_signal_display
    defsig_rtred_inner.o(.text) refers to defsig_general.o(.text) for __default_signal_display
    defsig_stak_inner.o(.text) refers to defsig_general.o(.text) for __default_signal_display
    defsig_pvfn_inner.o(.text) refers to defsig_general.o(.text) for __default_signal_display
    defsig_cppl_inner.o(.text) refers to defsig_general.o(.text) for __default_signal_display
    defsig_segv_inner.o(.text) refers to defsig_general.o(.text) for __default_signal_display
    defsig_other.o(.text) refers to defsig_general.o(.text) for __default_signal_display


==============================================================================

Removing Unused input sections from the image.

    Removing main.o(.rev16_text), (4 bytes).
    Removing main.o(.revsh_text), (4 bytes).
    Removing main.o(.rrx_text), (6 bytes).
    Removing keypad_driver.o(.rev16_text), (4 bytes).
    Removing keypad_driver.o(.revsh_text), (4 bytes).
    Removing keypad_driver.o(.rrx_text), (6 bytes).
    Removing system_tm4c123.o(.rev16_text), (4 bytes).
    Removing system_tm4c123.o(.revsh_text), (4 bytes).
    Removing system_tm4c123.o(.rrx_text), (6 bytes).

9 unused section(s) (total 42 bytes) removed from the image.

==============================================================================

Image Symbol Table

    Local Symbols

    Symbol Name                              Value     Ov Type        Size  Object(Section)

    RESET                                    0x00000000   Section      620  startup_tm4c123.o(RESET)
    ../clib/angel/boardlib.s                 0x00000000   Number         0  boardinit3.o ABSOLUTE
    ../clib/angel/boardlib.s                 0x00000000   Number         0  boardinit1.o ABSOLUTE
    ../clib/angel/boardlib.s                 0x00000000   Number         0  boardinit2.o ABSOLUTE
    ../clib/angel/boardlib.s                 0x00000000   Number         0  boardshut.o ABSOLUTE
    ../clib/angel/handlers.s                 0x00000000   Number         0  __scatter_zi.o ABSOLUTE
    ../clib/angel/handlers.s                 0x00000000   Number         0  __scatter_copy.o ABSOLUTE
    ../clib/angel/kernel.s                   0x00000000   Number         0  __rtentry.o ABSOLUTE
    ../clib/angel/kernel.s                   0x00000000   Number         0  __rtentry4.o ABSOLUTE
    ../clib/angel/kernel.s                   0x00000000   Number         0  rtexit.o ABSOLUTE
    ../clib/angel/kernel.s                   0x00000000   Number         0  __rtentry2.o ABSOLUTE
    ../clib/angel/kernel.s                   0x00000000   Number         0  rtexit2.o ABSOLUTE
    ../clib/angel/rt.s                       0x00000000   Number         0  rt_raise.o ABSOLUTE
    ../clib/angel/rt.s                       0x00000000   Number         0  rt_errno_addr_intlibspace.o ABSOLUTE
    ../clib/angel/rt.s                       0x00000000   Number         0  rt_errno_addr.o ABSOLUTE
    ../clib/angel/scatter.s                  0x00000000   Number         0  __scatter.o ABSOLUTE
    ../clib/angel/startup.s                  0x00000000   Number         0  __main.o ABSOLUTE
    ../clib/angel/sys.s                      0x00000000   Number         0  use_no_semi.o ABSOLUTE
    ../clib/angel/sys.s                      0x00000000   Number         0  sys_stackheap_outer.o ABSOLUTE
    ../clib/angel/sys.s                      0x00000000   Number         0  libspace.o ABSOLUTE
    ../clib/angel/sys.s                      0x00000000   Number         0  indicate_semi.o ABSOLUTE
    ../clib/angel/sysapp.c                   0x00000000   Number         0  sys_command.o ABSOLUTE
    ../clib/angel/sysapp.c                   0x00000000   Number         0  sys_wrch.o ABSOLUTE
    ../clib/angel/sysapp.c                   0x00000000   Number         0  sys_exit.o ABSOLUTE
    ../clib/armsys.c                         0x00000000   Number         0  _get_argv_nomalloc.o ABSOLUTE
    ../clib/armsys.c                         0x00000000   Number         0  no_argv.o ABSOLUTE
    ../clib/armsys.c                         0x00000000   Number         0  argv_veneer.o ABSOLUTE
    ../clib/armsys.c                         0x00000000   Number         0  argv_veneer.o ABSOLUTE
    ../clib/fenv.c                           0x00000000   Number         0  _rserrno.o ABSOLUTE
    ../clib/heapalloc.c                      0x00000000   Number         0  hrguard.o ABSOLUTE
    ../clib/heapaux.c                        0x00000000   Number         0  heapauxi.o ABSOLUTE
    ../clib/libinit.s                        0x00000000   Number         0  libshutdown2.o ABSOLUTE
    ../clib/libinit.s                        0x00000000   Number         0  libshutdown.o ABSOLUTE
    ../clib/libinit.s                        0x00000000   Number         0  libinit2.o ABSOLUTE
    ../clib/libinit.s                        0x00000000   Number         0  libinit.o ABSOLUTE
    ../clib/memcpset.s                       0x00000000   Number         0  aeabi_memset.o ABSOLUTE
    ../clib/memcpset.s                       0x00000000   Number         0  rt_memclr_w.o ABSOLUTE
    ../clib/memcpset.s                       0x00000000   Number         0  rt_memclr.o ABSOLUTE
    ../clib/signal.c                         0x00000000   Number         0  defsig_rtmem_inner.o ABSOLUTE
    ../clib/signal.c                         0x00000000   Number         0  defsig_segv_inner.o ABSOLUTE
    ../clib/signal.c                         0x00000000   Number         0  defsig_exit.o ABSOLUTE
    ../clib/signal.c                         0x00000000   Number         0  defsig_other.o ABSOLUTE
    ../clib/signal.c                         0x00000000   Number         0  defsig_pvfn_inner.o ABSOLUTE
    ../clib/signal.c                         0x00000000   Number         0  __raise.o ABSOLUTE
    ../clib/signal.c                         0x00000000   Number         0  defsig_stak_inner.o ABSOLUTE
    ../clib/signal.c                         0x00000000   Number         0  defsig_rtmem_formal.o ABSOLUTE
    ../clib/signal.c                         0x00000000   Number         0  defsig_cppl_inner.o ABSOLUTE
    ../clib/signal.c                         0x00000000   Number         0  defsig_rtred_inner.o ABSOLUTE
    ../clib/signal.c                         0x00000000   Number         0  defsig_fpe_inner.o ABSOLUTE
    ../clib/signal.c                         0x00000000   Number         0  defsig_abrt_inner.o ABSOLUTE
    ../clib/signal.c                         0x00000000   Number         0  defsig_rtmem_outer.o ABSOLUTE
    ../clib/signal.c                         0x00000000   Number         0  defsig_general.o ABSOLUTE
    ../clib/signal.s                         0x00000000   Number         0  defsig.o ABSOLUTE
    ../clib/stdlib.c                         0x00000000   Number         0  exit.o ABSOLUTE
    ../fplib/basic.s                         0x00000000   Number         0  basic.o ABSOLUTE
    ../fplib/daddsub.s                       0x00000000   Number         0  daddsub_clz.o ABSOLUTE
    ../fplib/dcheck1.s                       0x00000000   Number         0  dcheck1.o ABSOLUTE
    ../fplib/dcmpi.s                         0x00000000   Number         0  dcmpi.o ABSOLUTE
    ../fplib/ddiv.s                          0x00000000   Number         0  ddiv.o ABSOLUTE
    ../fplib/dfix.s                          0x00000000   Number         0  dfix.o ABSOLUTE
    ../fplib/dflt.s                          0x00000000   Number         0  dflt_clz.o ABSOLUTE
    ../fplib/dleqf.s                         0x00000000   Number         0  dleqf.o ABSOLUTE
    ../fplib/dmul.s                          0x00000000   Number         0  dmul.o ABSOLUTE
    ../fplib/dnaninf.s                       0x00000000   Number         0  dnaninf.o ABSOLUTE
    ../fplib/dretinf.s                       0x00000000   Number         0  dretinf.o ABSOLUTE
    ../fplib/drleqf.s                        0x00000000   Number         0  drleqf.o ABSOLUTE
    ../fplib/dsqrt.s                         0x00000000   Number         0  dsqrt_umaal.o ABSOLUTE
    ../fplib/fpinit.s                        0x00000000   Number         0  fpinit.o ABSOLUTE
    ../fplib/retnan.s                        0x00000000   Number         0  retnan.o ABSOLUTE
    ../fplib/scalbn.s                        0x00000000   Number         0  scalbn.o ABSOLUTE
    ../fplib/trapv.s                         0x00000000   Number         0  trapv.o ABSOLUTE
    ../fplib/usenofp.s                       0x00000000   Number         0  usenofp.o ABSOLUTE
    ../mathlib/dunder.c                      0x00000000   Number         0  dunder.o ABSOLUTE
    ../mathlib/fabs.c                        0x00000000   Number         0  fabs.o ABSOLUTE
    ../mathlib/fpclassify.c                  0x00000000   Number         0  fpclassify.o ABSOLUTE
    ../mathlib/poly.c                        0x00000000   Number         0  poly.o ABSOLUTE
    ../mathlib/pow.c                         0x00000000   Number         0  pow_x.o ABSOLUTE
    ../mathlib/pow.c                         0x00000000   Number         0  pow.o ABSOLUTE
    ../mathlib/qnan.c                        0x00000000   Number         0  qnan.o ABSOLUTE
    ../mathlib/sqrt.c                        0x00000000   Number         0  sqrt.o ABSOLUTE
    ../mathlib/sqrt.c                        0x00000000   Number         0  sqrt_x.o ABSOLUTE
    KEYPAD_Driver.c                          0x00000000   Number         0  keypad_driver.o ABSOLUTE
    KEYPAD_Driver.c                          0x00000000   Number         0  keypad_driver.o ABSOLUTE
    LCD_Driver.c                             0x00000000   Number         0  lcd_driver.o ABSOLUTE
    RTE\Device\TM4C123GH6PM\startup_TM4C123.s 0x00000000   Number         0  startup_tm4c123.o ABSOLUTE
    RTE\Device\TM4C123GH6PM\system_TM4C123.c 0x00000000   Number         0  system_tm4c123.o ABSOLUTE
    RTE\\Device\\TM4C123GH6PM\\system_TM4C123.c 0x00000000   Number         0  system_tm4c123.o ABSOLUTE
    dc.s                                     0x00000000   Number         0  dc.o ABSOLUTE
    main.c                                   0x00000000   Number         0  main.o ABSOLUTE
    main.c                                   0x00000000   Number         0  main.o ABSOLUTE
    !!!main                                  0x0000026c   Section        8  __main.o(!!!main)
    !!!scatter                               0x00000274   Section       52  __scatter.o(!!!scatter)
    !!handler_copy                           0x000002a8   Section       26  __scatter_copy.o(!!handler_copy)
    !!handler_zi                             0x000002c4   Section       28  __scatter_zi.o(!!handler_zi)
    .ARM.Collect$$libinit$$00000000          0x000002e0   Section        2  libinit.o(.ARM.Collect$$libinit$$00000000)
    .ARM.Collect$$libinit$$00000001          0x000002e2   Section        4  libinit2.o(.ARM.Collect$$libinit$$00000001)
    .ARM.Collect$$libinit$$00000004          0x000002e6   Section        0  libinit2.o(.ARM.Collect$$libinit$$00000004)
    .ARM.Collect$$libinit$$0000000A          0x000002e6   Section        0  libinit2.o(.ARM.Collect$$libinit$$0000000A)
    .ARM.Collect$$libinit$$0000000C          0x000002e6   Section        0  libinit2.o(.ARM.Collect$$libinit$$0000000C)
    .ARM.Collect$$libinit$$0000000E          0x000002e6   Section        0  libinit2.o(.ARM.Collect$$libinit$$0000000E)
    .ARM.Collect$$libinit$$00000011          0x000002e6   Section        0  libinit2.o(.ARM.Collect$$libinit$$00000011)
    .ARM.Collect$$libinit$$00000013          0x000002e6   Section        0  libinit2.o(.ARM.Collect$$libinit$$00000013)
    .ARM.Collect$$libinit$$00000015          0x000002e6   Section        0  libinit2.o(.ARM.Collect$$libinit$$00000015)
    .ARM.Collect$$libinit$$00000017          0x000002e6   Section        0  libinit2.o(.ARM.Collect$$libinit$$00000017)
    .ARM.Collect$$libinit$$00000019          0x000002e6   Section        0  libinit2.o(.ARM.Collect$$libinit$$00000019)
    .ARM.Collect$$libinit$$0000001B          0x000002e6   Section        0  libinit2.o(.ARM.Collect$$libinit$$0000001B)
    .ARM.Collect$$libinit$$0000001D          0x000002e6   Section        0  libinit2.o(.ARM.Collect$$libinit$$0000001D)
    .ARM.Collect$$libinit$$0000001F          0x000002e6   Section        0  libinit2.o(.ARM.Collect$$libinit$$0000001F)
    .ARM.Collect$$libinit$$00000021          0x000002e6   Section        0  libinit2.o(.ARM.Collect$$libinit$$00000021)
    .ARM.Collect$$libinit$$00000023          0x000002e6   Section        0  libinit2.o(.ARM.Collect$$libinit$$00000023)
    .ARM.Collect$$libinit$$00000025          0x000002e6   Section        0  libinit2.o(.ARM.Collect$$libinit$$00000025)
    .ARM.Collect$$libinit$$0000002C          0x000002e6   Section        0  libinit2.o(.ARM.Collect$$libinit$$0000002C)
    .ARM.Collect$$libinit$$0000002E          0x000002e6   Section        0  libinit2.o(.ARM.Collect$$libinit$$0000002E)
    .ARM.Collect$$libinit$$00000030          0x000002e6   Section        0  libinit2.o(.ARM.Collect$$libinit$$00000030)
    .ARM.Collect$$libinit$$00000032          0x000002e6   Section        0  libinit2.o(.ARM.Collect$$libinit$$00000032)
    .ARM.Collect$$libinit$$00000033          0x000002e6   Section        2  libinit2.o(.ARM.Collect$$libinit$$00000033)
    .ARM.Collect$$libshutdown$$00000000      0x000002e8   Section        2  libshutdown.o(.ARM.Collect$$libshutdown$$00000000)
    .ARM.Collect$$libshutdown$$00000003      0x000002ea   Section        0  libshutdown2.o(.ARM.Collect$$libshutdown$$00000003)
    .ARM.Collect$$libshutdown$$00000006      0x000002ea   Section        0  libshutdown2.o(.ARM.Collect$$libshutdown$$00000006)
    .ARM.Collect$$libshutdown$$00000009      0x000002ea   Section        0  libshutdown2.o(.ARM.Collect$$libshutdown$$00000009)
    .ARM.Collect$$libshutdown$$0000000B      0x000002ea   Section        0  libshutdown2.o(.ARM.Collect$$libshutdown$$0000000B)
    .ARM.Collect$$libshutdown$$0000000E      0x000002ea   Section        0  libshutdown2.o(.ARM.Collect$$libshutdown$$0000000E)
    .ARM.Collect$$libshutdown$$0000000F      0x000002ea   Section        2  libshutdown2.o(.ARM.Collect$$libshutdown$$0000000F)
    .ARM.Collect$$rtentry$$00000000          0x000002ec   Section        0  __rtentry.o(.ARM.Collect$$rtentry$$00000000)
    .ARM.Collect$$rtentry$$00000002          0x000002ec   Section        0  __rtentry2.o(.ARM.Collect$$rtentry$$00000002)
    .ARM.Collect$$rtentry$$00000004          0x000002ec   Section        6  __rtentry4.o(.ARM.Collect$$rtentry$$00000004)
    .ARM.Collect$$rtentry$$00000009          0x000002f2   Section        0  __rtentry2.o(.ARM.Collect$$rtentry$$00000009)
    .ARM.Collect$$rtentry$$0000000A          0x000002f2   Section        4  __rtentry2.o(.ARM.Collect$$rtentry$$0000000A)
    .ARM.Collect$$rtentry$$0000000C          0x000002f6   Section        0  __rtentry2.o(.ARM.Collect$$rtentry$$0000000C)
    .ARM.Collect$$rtentry$$0000000D          0x000002f6   Section        8  __rtentry2.o(.ARM.Collect$$rtentry$$0000000D)
    .ARM.Collect$$rtexit$$00000000           0x000002fe   Section        2  rtexit.o(.ARM.Collect$$rtexit$$00000000)
    .ARM.Collect$$rtexit$$00000002           0x00000300   Section        0  rtexit2.o(.ARM.Collect$$rtexit$$00000002)
    .ARM.Collect$$rtexit$$00000003           0x00000300   Section        4  rtexit2.o(.ARM.Collect$$rtexit$$00000003)
    .ARM.Collect$$rtexit$$00000004           0x00000304   Section        6  rtexit2.o(.ARM.Collect$$rtexit$$00000004)
    .text                                    0x0000030c   Section        0  main.o(.text)
    .text                                    0x000008c4   Section        0  keypad_driver.o(.text)
    NVIC_SetPriority                         0x000008c5   Thumb Code    32  keypad_driver.o(.text)
    NVIC_EnableIRQ                           0x00000e0f   Thumb Code    22  keypad_driver.o(.text)
    .text                                    0x00000e3c   Section        0  lcd_driver.o(.text)
    .text                                    0x00001224   Section      276  startup_tm4c123.o(.text)
    $v0                                      0x00001224   Number         0  startup_tm4c123.o(.text)
    .text                                    0x00001338   Section        0  system_tm4c123.o(.text)
    getOscClk                                0x00001339   Thumb Code   182  system_tm4c123.o(.text)
    .text                                    0x00001588   Section       16  aeabi_memset.o(.text)
    .text                                    0x00001598   Section       78  rt_memclr_w.o(.text)
    .text                                    0x000015e6   Section        0  heapauxi.o(.text)
    .text                                    0x000015ec   Section        0  _rserrno.o(.text)
    .text                                    0x00001602   Section       68  rt_memclr.o(.text)
    .text                                    0x00001648   Section        8  rt_errno_addr_intlibspace.o(.text)
    .text                                    0x00001650   Section        8  libspace.o(.text)
    .text                                    0x00001658   Section       74  sys_stackheap_outer.o(.text)
    .text                                    0x000016a2   Section        0  exit.o(.text)
    .text                                    0x000016b0   Section        0  sys_exit.o(.text)
    .text                                    0x000016bc   Section        2  use_no_semi.o(.text)
    .text                                    0x000016be   Section        0  indicate_semi.o(.text)
    i.__ARM_fpclassify                       0x000016be   Section        0  fpclassify.o(i.__ARM_fpclassify)
    i.__hardfp_pow                           0x000016f0   Section        0  pow.o(i.__hardfp_pow)
    i.__kernel_poly                          0x00002328   Section        0  poly.o(i.__kernel_poly)
    i.__mathlib_dbl_divzero                  0x00002420   Section        0  dunder.o(i.__mathlib_dbl_divzero)
    i.__mathlib_dbl_infnan2                  0x00002450   Section        0  dunder.o(i.__mathlib_dbl_infnan2)
    i.__mathlib_dbl_invalid                  0x00002468   Section        0  dunder.o(i.__mathlib_dbl_invalid)
    i.__mathlib_dbl_overflow                 0x00002488   Section        0  dunder.o(i.__mathlib_dbl_overflow)
    i.__mathlib_dbl_underflow                0x000024a8   Section        0  dunder.o(i.__mathlib_dbl_underflow)
    i.fabs                                   0x000024c8   Section        0  fabs.o(i.fabs)
    i.sqrt                                   0x000024e0   Section        0  sqrt.o(i.sqrt)
    x$fpl$basic                              0x0000254e   Section       24  basic.o(x$fpl$basic)
    $v0                                      0x0000254e   Number         0  basic.o(x$fpl$basic)
    x$fpl$dadd                               0x00002568   Section      336  daddsub_clz.o(x$fpl$dadd)
    $v0                                      0x00002568   Number         0  daddsub_clz.o(x$fpl$dadd)
    _dadd1                                   0x00002579   Thumb Code     0  daddsub_clz.o(x$fpl$dadd)
    x$fpl$dcheck1                            0x000026b8   Section       16  dcheck1.o(x$fpl$dcheck1)
    $v0                                      0x000026b8   Number         0  dcheck1.o(x$fpl$dcheck1)
    x$fpl$dcmpinf                            0x000026c8   Section       24  dcmpi.o(x$fpl$dcmpinf)
    $v0                                      0x000026c8   Number         0  dcmpi.o(x$fpl$dcmpinf)
    x$fpl$ddiv                               0x000026e0   Section      688  ddiv.o(x$fpl$ddiv)
    $v0                                      0x000026e0   Number         0  ddiv.o(x$fpl$ddiv)
    ddiv_entry                               0x000026e7   Thumb Code     0  ddiv.o(x$fpl$ddiv)
    x$fpl$dfix                               0x00002990   Section       94  dfix.o(x$fpl$dfix)
    $v0                                      0x00002990   Number         0  dfix.o(x$fpl$dfix)
    x$fpl$dflt                               0x000029ee   Section       46  dflt_clz.o(x$fpl$dflt)
    $v0                                      0x000029ee   Number         0  dflt_clz.o(x$fpl$dflt)
    x$fpl$dleqf                              0x00002a1c   Section      120  dleqf.o(x$fpl$dleqf)
    $v0                                      0x00002a1c   Number         0  dleqf.o(x$fpl$dleqf)
    x$fpl$dmul                               0x00002a94   Section      340  dmul.o(x$fpl$dmul)
    $v0                                      0x00002a94   Number         0  dmul.o(x$fpl$dmul)
    x$fpl$dnaninf                            0x00002be8   Section      156  dnaninf.o(x$fpl$dnaninf)
    $v0                                      0x00002be8   Number         0  dnaninf.o(x$fpl$dnaninf)
    x$fpl$dretinf                            0x00002c84   Section       12  dretinf.o(x$fpl$dretinf)
    $v0                                      0x00002c84   Number         0  dretinf.o(x$fpl$dretinf)
    x$fpl$drleqf                             0x00002c90   Section      108  drleqf.o(x$fpl$drleqf)
    $v0                                      0x00002c90   Number         0  drleqf.o(x$fpl$drleqf)
    x$fpl$drsb                               0x00002cfc   Section       22  daddsub_clz.o(x$fpl$drsb)
    $v0                                      0x00002cfc   Number         0  daddsub_clz.o(x$fpl$drsb)
    x$fpl$dsqrt                              0x00002d14   Section      408  dsqrt_umaal.o(x$fpl$dsqrt)
    $v0                                      0x00002d14   Number         0  dsqrt_umaal.o(x$fpl$dsqrt)
    x$fpl$dsub                               0x00002eac   Section      468  daddsub_clz.o(x$fpl$dsub)
    $v0                                      0x00002eac   Number         0  daddsub_clz.o(x$fpl$dsub)
    _dsub1                                   0x00002ebd   Thumb Code     0  daddsub_clz.o(x$fpl$dsub)
    x$fpl$fpinit                             0x00003080   Section       10  fpinit.o(x$fpl$fpinit)
    $v0                                      0x00003080   Number         0  fpinit.o(x$fpl$fpinit)
    x$fpl$retnan                             0x0000308a   Section      100  retnan.o(x$fpl$retnan)
    $v0                                      0x0000308a   Number         0  retnan.o(x$fpl$retnan)
    x$fpl$scalbn                             0x000030ee   Section       92  scalbn.o(x$fpl$scalbn)
    $v0                                      0x000030ee   Number         0  scalbn.o(x$fpl$scalbn)
    x$fpl$trapveneer                         0x0000314a   Section       48  trapv.o(x$fpl$trapveneer)
    $v0                                      0x0000314a   Number         0  trapv.o(x$fpl$trapveneer)
    x$fpl$usenofp                            0x0000317a   Section        0  usenofp.o(x$fpl$usenofp)
    .constdata                               0x00003180   Section      136  pow.o(.constdata)
    bp                                       0x00003180   Data          16  pow.o(.constdata)
    dp_h                                     0x00003190   Data          16  pow.o(.constdata)
    dp_l                                     0x000031a0   Data          16  pow.o(.constdata)
    L                                        0x000031b0   Data          48  pow.o(.constdata)
    P                                        0x000031e0   Data          40  pow.o(.constdata)
    .constdata                               0x00003208   Section        8  qnan.o(.constdata)
    .data                                    0x20000000   Section       56  main.o(.data)
    str                                      0x20000018   Data          16  main.o(.data)
    str                                      0x20000028   Data          16  main.o(.data)
    .data                                    0x20000038   Section        4  keypad_driver.o(.data)
    .data                                    0x2000003c   Section       98  lcd_driver.o(.data)
    .data                                    0x200000a0   Section        4  system_tm4c123.o(.data)
    .bss                                     0x200000a4   Section      400  main.o(.bss)
    .bss                                     0x20000234   Section       96  libspace.o(.bss)
    HEAP                                     0x20000298   Section        0  startup_tm4c123.o(HEAP)
    STACK                                    0x20000298   Section      512  startup_tm4c123.o(STACK)
    Heap_Mem                                 0x20000298   Data           0  startup_tm4c123.o(HEAP)
    Stack_Mem                                0x20000298   Data         512  startup_tm4c123.o(STACK)
    __initial_sp                             0x20000498   Data           0  startup_tm4c123.o(STACK)

    Global Symbols

    Symbol Name                              Value     Ov Type        Size  Object(Section)

    BuildAttributes$$THM_ISAv4$E$P$D$K$B$S$7EM$VFPi3$EXTD16$VFPS$VFMA$PE$A:L22UL41UL21$X:L11$S22US41US21$IEEE1$IW$USESV6$~STKCKD$USESV7$~SHL$OTIME$ROPI$IEEEX$EBA8$UX$STANDARDLIB$REQ8$PRES8$EABIv2 0x00000000   Number         0  anon$$obj.o ABSOLUTE
    __ARM_use_no_argv                        0x00000000   Number         0  main.o ABSOLUTE
    __Vectors                                0x00000000   Data           4  startup_tm4c123.o(RESET)
    __ARM_exceptions_init                     - Undefined Weak Reference
    __alloca_initialize                       - Undefined Weak Reference
    __arm_preinit_                            - Undefined Weak Reference
    __cpp_initialize__aeabi_                  - Undefined Weak Reference
    __cxa_finalize                            - Undefined Weak Reference
    __rt_locale                               - Undefined Weak Reference
    __sigvec_lookup                           - Undefined Weak Reference
    _atexit_init                              - Undefined Weak Reference
    _call_atexit_fns                          - Undefined Weak Reference
    _clock_init                               - Undefined Weak Reference
    _fp_trap_init                             - Undefined Weak Reference
    _fp_trap_shutdown                         - Undefined Weak Reference
    _get_lc_collate                           - Undefined Weak Reference
    _get_lc_ctype                             - Undefined Weak Reference
    _get_lc_monetary                          - Undefined Weak Reference
    _get_lc_numeric                           - Undefined Weak Reference
    _get_lc_time                              - Undefined Weak Reference
    _getenv_init                              - Undefined Weak Reference
    _handle_redirection                       - Undefined Weak Reference
    _init_alloc                               - Undefined Weak Reference
    _init_user_alloc                          - Undefined Weak Reference
    _initio                                   - Undefined Weak Reference
    _rand_init                                - Undefined Weak Reference
    _signal_finish                            - Undefined Weak Reference
    _signal_init                              - Undefined Weak Reference
    _terminate_alloc                          - Undefined Weak Reference
    _terminate_user_alloc                     - Undefined Weak Reference
    _terminateio                              - Undefined Weak Reference
    __Vectors_End                            0x0000026c   Data           0  startup_tm4c123.o(RESET)
    __Vectors_Size                           0x0000026c   Number         0  startup_tm4c123.o ABSOLUTE
    __main                                   0x0000026d   Thumb Code     8  __main.o(!!!main)
    __scatterload                            0x00000275   Thumb Code     0  __scatter.o(!!!scatter)
    __scatterload_rt2                        0x00000275   Thumb Code    44  __scatter.o(!!!scatter)
    __scatterload_rt2_thumb_only             0x00000275   Thumb Code     0  __scatter.o(!!!scatter)
    __scatterload_null                       0x00000283   Thumb Code     0  __scatter.o(!!!scatter)
    __scatterload_copy                       0x000002a9   Thumb Code    26  __scatter_copy.o(!!handler_copy)
    __scatterload_zeroinit                   0x000002c5   Thumb Code    28  __scatter_zi.o(!!handler_zi)
    __rt_lib_init                            0x000002e1   Thumb Code     0  libinit.o(.ARM.Collect$$libinit$$00000000)
    __rt_lib_init_fp_1                       0x000002e3   Thumb Code     0  libinit2.o(.ARM.Collect$$libinit$$00000001)
    __rt_lib_init_alloca_1                   0x000002e7   Thumb Code     0  libinit2.o(.ARM.Collect$$libinit$$0000002E)
    __rt_lib_init_argv_1                     0x000002e7   Thumb Code     0  libinit2.o(.ARM.Collect$$libinit$$0000002C)
    __rt_lib_init_atexit_1                   0x000002e7   Thumb Code     0  libinit2.o(.ARM.Collect$$libinit$$0000001B)
    __rt_lib_init_clock_1                    0x000002e7   Thumb Code     0  libinit2.o(.ARM.Collect$$libinit$$00000021)
    __rt_lib_init_cpp_1                      0x000002e7   Thumb Code     0  libinit2.o(.ARM.Collect$$libinit$$00000032)
    __rt_lib_init_exceptions_1               0x000002e7   Thumb Code     0  libinit2.o(.ARM.Collect$$libinit$$00000030)
    __rt_lib_init_fp_trap_1                  0x000002e7   Thumb Code     0  libinit2.o(.ARM.Collect$$libinit$$0000001F)
    __rt_lib_init_getenv_1                   0x000002e7   Thumb Code     0  libinit2.o(.ARM.Collect$$libinit$$00000023)
    __rt_lib_init_heap_1                     0x000002e7   Thumb Code     0  libinit2.o(.ARM.Collect$$libinit$$0000000A)
    __rt_lib_init_lc_collate_1               0x000002e7   Thumb Code     0  libinit2.o(.ARM.Collect$$libinit$$00000011)
    __rt_lib_init_lc_ctype_1                 0x000002e7   Thumb Code     0  libinit2.o(.ARM.Collect$$libinit$$00000013)
    __rt_lib_init_lc_monetary_1              0x000002e7   Thumb Code     0  libinit2.o(.ARM.Collect$$libinit$$00000015)
    __rt_lib_init_lc_numeric_1               0x000002e7   Thumb Code     0  libinit2.o(.ARM.Collect$$libinit$$00000017)
    __rt_lib_init_lc_time_1                  0x000002e7   Thumb Code     0  libinit2.o(.ARM.Collect$$libinit$$00000019)
    __rt_lib_init_preinit_1                  0x000002e7   Thumb Code     0  libinit2.o(.ARM.Collect$$libinit$$00000004)
    __rt_lib_init_rand_1                     0x000002e7   Thumb Code     0  libinit2.o(.ARM.Collect$$libinit$$0000000E)
    __rt_lib_init_return                     0x000002e7   Thumb Code     0  libinit2.o(.ARM.Collect$$libinit$$00000033)
    __rt_lib_init_signal_1                   0x000002e7   Thumb Code     0  libinit2.o(.ARM.Collect$$libinit$$0000001D)
    __rt_lib_init_stdio_1                    0x000002e7   Thumb Code     0  libinit2.o(.ARM.Collect$$libinit$$00000025)
    __rt_lib_init_user_alloc_1               0x000002e7   Thumb Code     0  libinit2.o(.ARM.Collect$$libinit$$0000000C)
    __rt_lib_shutdown                        0x000002e9   Thumb Code     0  libshutdown.o(.ARM.Collect$$libshutdown$$00000000)
    __rt_lib_shutdown_fp_trap_1              0x000002eb   Thumb Code     0  libshutdown2.o(.ARM.Collect$$libshutdown$$00000006)
    __rt_lib_shutdown_heap_1                 0x000002eb   Thumb Code     0  libshutdown2.o(.ARM.Collect$$libshutdown$$0000000E)
    __rt_lib_shutdown_return                 0x000002eb   Thumb Code     0  libshutdown2.o(.ARM.Collect$$libshutdown$$0000000F)
    __rt_lib_shutdown_signal_1               0x000002eb   Thumb Code     0  libshutdown2.o(.ARM.Collect$$libshutdown$$00000009)
    __rt_lib_shutdown_stdio_1                0x000002eb   Thumb Code     0  libshutdown2.o(.ARM.Collect$$libshutdown$$00000003)
    __rt_lib_shutdown_user_alloc_1           0x000002eb   Thumb Code     0  libshutdown2.o(.ARM.Collect$$libshutdown$$0000000B)
    __rt_entry                               0x000002ed   Thumb Code     0  __rtentry.o(.ARM.Collect$$rtentry$$00000000)
    __rt_entry_presh_1                       0x000002ed   Thumb Code     0  __rtentry2.o(.ARM.Collect$$rtentry$$00000002)
    __rt_entry_sh                            0x000002ed   Thumb Code     0  __rtentry4.o(.ARM.Collect$$rtentry$$00000004)
    __rt_entry_li                            0x000002f3   Thumb Code     0  __rtentry2.o(.ARM.Collect$$rtentry$$0000000A)
    __rt_entry_postsh_1                      0x000002f3   Thumb Code     0  __rtentry2.o(.ARM.Collect$$rtentry$$00000009)
    __rt_entry_main                          0x000002f7   Thumb Code     0  __rtentry2.o(.ARM.Collect$$rtentry$$0000000D)
    __rt_entry_postli_1                      0x000002f7   Thumb Code     0  __rtentry2.o(.ARM.Collect$$rtentry$$0000000C)
    __rt_exit                                0x000002ff   Thumb Code     0  rtexit.o(.ARM.Collect$$rtexit$$00000000)
    __rt_exit_ls                             0x00000301   Thumb Code     0  rtexit2.o(.ARM.Collect$$rtexit$$00000003)
    __rt_exit_prels_1                        0x00000301   Thumb Code     0  rtexit2.o(.ARM.Collect$$rtexit$$00000002)
    __rt_exit_exit                           0x00000305   Thumb Code     0  rtexit2.o(.ARM.Collect$$rtexit$$00000004)
    clearOperationValues                     0x0000030d   Thumb Code    32  main.o(.text)
    convertIntToString                       0x0000032d   Thumb Code    74  main.o(.text)
    calculateResult                          0x00000377   Thumb Code   138  main.o(.text)
    regularCalculation                       0x00000401   Thumb Code   398  main.o(.text)
    mainMenu                                 0x0000058f   Thumb Code   166  main.o(.text)
    SysTick_Init                             0x00000635   Thumb Code    60  main.o(.text)
    PLL_Init                                 0x00000671   Thumb Code   108  main.o(.text)
    main                                     0x000006dd   Thumb Code   158  main.o(.text)
    SysTick_Wait_us                          0x0000077b   Thumb Code    34  main.o(.text)
    SysTick_Wait_ms                          0x0000079d   Thumb Code    34  main.o(.text)
    convertFloatToString                     0x000007bf   Thumb Code   228  main.o(.text)
    keypadFlip                               0x000008e5   Thumb Code   256  keypad_driver.o(.text)
    enableColumn                             0x000009e5   Thumb Code    60  keypad_driver.o(.text)
    enableRow                                0x00000a21   Thumb Code   116  keypad_driver.o(.text)
    readKeypad                               0x00000a95   Thumb Code   188  keypad_driver.o(.text)
    decodeKeyPress                           0x00000b51   Thumb Code   172  keypad_driver.o(.text)
    keypadInit                               0x00000bfd   Thumb Code   424  keypad_driver.o(.text)
    GPIOA_Handler                            0x00000da5   Thumb Code    32  keypad_driver.o(.text)
    GPIOB_Handler                            0x00000dc5   Thumb Code    32  keypad_driver.o(.text)
    WaitForKey                               0x00000de5   Thumb Code    42  keypad_driver.o(.text)
    lcdENPulse                               0x00000e3d   Thumb Code    34  lcd_driver.o(.text)
    lcdWriteData                             0x00000e5f   Thumb Code    46  lcd_driver.o(.text)
    lcdWriteCommand                          0x00000e8d   Thumb Code    52  lcd_driver.o(.text)
    lcdGoto                                  0x00000ec1   Thumb Code    32  lcd_driver.o(.text)
    setCGRAMaddr                             0x00000ee1   Thumb Code    16  lcd_driver.o(.text)
    displayFrame                             0x00000ef1   Thumb Code   230  lcd_driver.o(.text)
    portInit                                 0x00000fd7   Thumb Code   406  lcd_driver.o(.text)
    lcdInit                                  0x0000116d   Thumb Code    82  lcd_driver.o(.text)
    lcdWriteRamString                        0x000011bf   Thumb Code    28  lcd_driver.o(.text)
    lcdClearScreen                           0x000011db   Thumb Code    10  lcd_driver.o(.text)
    Reset_Handler                            0x00001225   Thumb Code     8  startup_tm4c123.o(.text)
    NMI_Handler                              0x0000122d   Thumb Code     2  startup_tm4c123.o(.text)
    HardFault_Handler                        0x0000122f   Thumb Code     2  startup_tm4c123.o(.text)
    MemManage_Handler                        0x00001231   Thumb Code     2  startup_tm4c123.o(.text)
    BusFault_Handler                         0x00001233   Thumb Code     2  startup_tm4c123.o(.text)
    UsageFault_Handler                       0x00001235   Thumb Code     2  startup_tm4c123.o(.text)
    SVC_Handler                              0x00001237   Thumb Code     2  startup_tm4c123.o(.text)
    DebugMon_Handler                         0x00001239   Thumb Code     2  startup_tm4c123.o(.text)
    PendSV_Handler                           0x0000123b   Thumb Code     2  startup_tm4c123.o(.text)
    SysTick_Handler                          0x0000123d   Thumb Code     2  startup_tm4c123.o(.text)
    GPIOC_Handler                            0x00001243   Thumb Code     2  startup_tm4c123.o(.text)
    GPIOD_Handler                            0x00001245   Thumb Code     2  startup_tm4c123.o(.text)
    GPIOE_Handler                            0x00001247   Thumb Code     2  startup_tm4c123.o(.text)
    UART0_Handler                            0x00001249   Thumb Code     2  startup_tm4c123.o(.text)
    UART1_Handler                            0x0000124b   Thumb Code     2  startup_tm4c123.o(.text)
    SSI0_Handler                             0x0000124d   Thumb Code     2  startup_tm4c123.o(.text)
    I2C0_Handler                             0x0000124f   Thumb Code     2  startup_tm4c123.o(.text)
    PMW0_FAULT_Handler                       0x00001251   Thumb Code     2  startup_tm4c123.o(.text)
    PWM0_0_Handler                           0x00001253   Thumb Code     2  startup_tm4c123.o(.text)
    PWM0_1_Handler                           0x00001255   Thumb Code     2  startup_tm4c123.o(.text)
    PWM0_2_Handler                           0x00001257   Thumb Code     2  startup_tm4c123.o(.text)
    QEI0_Handler                             0x00001259   Thumb Code     2  startup_tm4c123.o(.text)
    ADC0SS0_Handler                          0x0000125b   Thumb Code     2  startup_tm4c123.o(.text)
    ADC0SS1_Handler                          0x0000125d   Thumb Code     2  startup_tm4c123.o(.text)
    ADC0SS2_Handler                          0x0000125f   Thumb Code     2  startup_tm4c123.o(.text)
    ADC0SS3_Handler                          0x00001261   Thumb Code     2  startup_tm4c123.o(.text)
    WDT0_Handler                             0x00001263   Thumb Code     2  startup_tm4c123.o(.text)
    TIMER0A_Handler                          0x00001265   Thumb Code     2  startup_tm4c123.o(.text)
    TIMER0B_Handler                          0x00001267   Thumb Code     2  startup_tm4c123.o(.text)
    TIMER1A_Handler                          0x00001269   Thumb Code     2  startup_tm4c123.o(.text)
    TIMER1B_Handler                          0x0000126b   Thumb Code     2  startup_tm4c123.o(.text)
    TIMER2A_Handler                          0x0000126d   Thumb Code     2  startup_tm4c123.o(.text)
    TIMER2B_Handler                          0x0000126f   Thumb Code     2  startup_tm4c123.o(.text)
    COMP0_Handler                            0x00001271   Thumb Code     2  startup_tm4c123.o(.text)
    COMP1_Handler                            0x00001273   Thumb Code     2  startup_tm4c123.o(.text)
    COMP2_Handler                            0x00001275   Thumb Code     2  startup_tm4c123.o(.text)
    SYSCTL_Handler                           0x00001277   Thumb Code     2  startup_tm4c123.o(.text)
    FLASH_Handler                            0x00001279   Thumb Code     2  startup_tm4c123.o(.text)
    GPIOF_Handler                            0x0000127b   Thumb Code     2  startup_tm4c123.o(.text)
    GPIOG_Handler                            0x0000127d   Thumb Code     2  startup_tm4c123.o(.text)
    GPIOH_Handler                            0x0000127f   Thumb Code     2  startup_tm4c123.o(.text)
    UART2_Handler                            0x00001281   Thumb Code     2  startup_tm4c123.o(.text)
    SSI1_Handler                             0x00001283   Thumb Code     2  startup_tm4c123.o(.text)
    TIMER3A_Handler                          0x00001285   Thumb Code     2  startup_tm4c123.o(.text)
    TIMER3B_Handler                          0x00001287   Thumb Code     2  startup_tm4c123.o(.text)
    I2C1_Handler                             0x00001289   Thumb Code     2  startup_tm4c123.o(.text)
    QEI1_Handler                             0x0000128b   Thumb Code     2  startup_tm4c123.o(.text)
    CAN0_Handler                             0x0000128d   Thumb Code     2  startup_tm4c123.o(.text)
    CAN1_Handler                             0x0000128f   Thumb Code     2  startup_tm4c123.o(.text)
    CAN2_Handler                             0x00001291   Thumb Code     2  startup_tm4c123.o(.text)
    HIB_Handler                              0x00001293   Thumb Code     2  startup_tm4c123.o(.text)
    USB0_Handler                             0x00001295   Thumb Code     2  startup_tm4c123.o(.text)
    PWM0_3_Handler                           0x00001297   Thumb Code     2  startup_tm4c123.o(.text)
    UDMA_Handler                             0x00001299   Thumb Code     2  startup_tm4c123.o(.text)
    UDMAERR_Handler                          0x0000129b   Thumb Code     2  startup_tm4c123.o(.text)
    ADC1SS0_Handler                          0x0000129d   Thumb Code     2  startup_tm4c123.o(.text)
    ADC1SS1_Handler                          0x0000129f   Thumb Code     2  startup_tm4c123.o(.text)
    ADC1SS2_Handler                          0x000012a1   Thumb Code     2  startup_tm4c123.o(.text)
    ADC1SS3_Handler                          0x000012a3   Thumb Code     2  startup_tm4c123.o(.text)
    GPIOJ_Handler                            0x000012a5   Thumb Code     2  startup_tm4c123.o(.text)
    GPIOK_Handler                            0x000012a7   Thumb Code     2  startup_tm4c123.o(.text)
    GPIOL_Handler                            0x000012a9   Thumb Code     2  startup_tm4c123.o(.text)
    SSI2_Handler                             0x000012ab   Thumb Code     2  startup_tm4c123.o(.text)
    SSI3_Handler                             0x000012ad   Thumb Code     2  startup_tm4c123.o(.text)
    UART3_Handler                            0x000012af   Thumb Code     2  startup_tm4c123.o(.text)
    UART4_Handler                            0x000012b1   Thumb Code     2  startup_tm4c123.o(.text)
    UART5_Handler                            0x000012b3   Thumb Code     2  startup_tm4c123.o(.text)
    UART6_Handler                            0x000012b5   Thumb Code     2  startup_tm4c123.o(.text)
    UART7_Handler                            0x000012b7   Thumb Code     2  startup_tm4c123.o(.text)
    I2C2_Handler                             0x000012b9   Thumb Code     2  startup_tm4c123.o(.text)
    I2C3_Handler                             0x000012bb   Thumb Code     2  startup_tm4c123.o(.text)
    TIMER4A_Handler                          0x000012bd   Thumb Code     2  startup_tm4c123.o(.text)
    TIMER4B_Handler                          0x000012bf   Thumb Code     2  startup_tm4c123.o(.text)
    TIMER5A_Handler                          0x000012c1   Thumb Code     2  startup_tm4c123.o(.text)
    TIMER5B_Handler                          0x000012c3   Thumb Code     2  startup_tm4c123.o(.text)
    WTIMER0A_Handler                         0x000012c5   Thumb Code     2  startup_tm4c123.o(.text)
    WTIMER0B_Handler                         0x000012c7   Thumb Code     2  startup_tm4c123.o(.text)
    WTIMER1A_Handler                         0x000012c9   Thumb Code     2  startup_tm4c123.o(.text)
    WTIMER1B_Handler                         0x000012cb   Thumb Code     2  startup_tm4c123.o(.text)
    WTIMER2A_Handler                         0x000012cd   Thumb Code     2  startup_tm4c123.o(.text)
    WTIMER2B_Handler                         0x000012cf   Thumb Code     2  startup_tm4c123.o(.text)
    WTIMER3A_Handler                         0x000012d1   Thumb Code     2  startup_tm4c123.o(.text)
    WTIMER3B_Handler                         0x000012d3   Thumb Code     2  startup_tm4c123.o(.text)
    WTIMER4A_Handler                         0x000012d5   Thumb Code     2  startup_tm4c123.o(.text)
    WTIMER4B_Handler                         0x000012d7   Thumb Code     2  startup_tm4c123.o(.text)
    WTIMER5A_Handler                         0x000012d9   Thumb Code     2  startup_tm4c123.o(.text)
    WTIMER5B_Handler                         0x000012db   Thumb Code     2  startup_tm4c123.o(.text)
    FPU_Handler                              0x000012dd   Thumb Code     2  startup_tm4c123.o(.text)
    I2C4_Handler                             0x000012df   Thumb Code     2  startup_tm4c123.o(.text)
    I2C5_Handler                             0x000012e1   Thumb Code     2  startup_tm4c123.o(.text)
    GPIOM_Handler                            0x000012e3   Thumb Code     2  startup_tm4c123.o(.text)
    GPION_Handler                            0x000012e5   Thumb Code     2  startup_tm4c123.o(.text)
    QEI2_Handler                             0x000012e7   Thumb Code     2  startup_tm4c123.o(.text)
    GPIOP0_Handler                           0x000012e9   Thumb Code     2  startup_tm4c123.o(.text)
    GPIOP1_Handler                           0x000012eb   Thumb Code     2  startup_tm4c123.o(.text)
    GPIOP2_Handler                           0x000012ed   Thumb Code     2  startup_tm4c123.o(.text)
    GPIOP3_Handler                           0x000012ef   Thumb Code     2  startup_tm4c123.o(.text)
    GPIOP4_Handler                           0x000012f1   Thumb Code     2  startup_tm4c123.o(.text)
    GPIOP5_Handler                           0x000012f3   Thumb Code     2  startup_tm4c123.o(.text)
    GPIOP6_Handler                           0x000012f5   Thumb Code     2  startup_tm4c123.o(.text)
    GPIOP7_Handler                           0x000012f7   Thumb Code     2  startup_tm4c123.o(.text)
    GPIOQ0_Handler                           0x000012f9   Thumb Code     2  startup_tm4c123.o(.text)
    GPIOQ1_Handler                           0x000012fb   Thumb Code     2  startup_tm4c123.o(.text)
    GPIOQ2_Handler                           0x000012fd   Thumb Code     2  startup_tm4c123.o(.text)
    GPIOQ3_Handler                           0x000012ff   Thumb Code     2  startup_tm4c123.o(.text)
    GPIOQ4_Handler                           0x00001301   Thumb Code     2  startup_tm4c123.o(.text)
    GPIOQ5_Handler                           0x00001303   Thumb Code     2  startup_tm4c123.o(.text)
    GPIOQ6_Handler                           0x00001305   Thumb Code     2  startup_tm4c123.o(.text)
    GPIOQ7_Handler                           0x00001307   Thumb Code     2  startup_tm4c123.o(.text)
    GPIOR_Handler                            0x00001309   Thumb Code     2  startup_tm4c123.o(.text)
    GPIOS_Handler                            0x0000130b   Thumb Code     2  startup_tm4c123.o(.text)
    PMW1_0_Handler                           0x0000130d   Thumb Code     2  startup_tm4c123.o(.text)
    PWM1_1_Handler                           0x0000130f   Thumb Code     2  startup_tm4c123.o(.text)
    PWM1_2_Handler                           0x00001311   Thumb Code     2  startup_tm4c123.o(.text)
    PWM1_3_Handler                           0x00001313   Thumb Code     2  startup_tm4c123.o(.text)
    PWM1_FAULT_Handler                       0x00001315   Thumb Code     2  startup_tm4c123.o(.text)
    __user_initial_stackheap                 0x00001319   Thumb Code     0  startup_tm4c123.o(.text)
    SystemCoreClockUpdate                    0x000013ef   Thumb Code   184  system_tm4c123.o(.text)
    SystemInit                               0x000014a7   Thumb Code   112  system_tm4c123.o(.text)
    __aeabi_memset                           0x00001589   Thumb Code    16  aeabi_memset.o(.text)
    __aeabi_memclr4                          0x00001599   Thumb Code     0  rt_memclr_w.o(.text)
    __aeabi_memclr8                          0x00001599   Thumb Code     0  rt_memclr_w.o(.text)
    __rt_memclr_w                            0x00001599   Thumb Code    78  rt_memclr_w.o(.text)
    _memset_w                                0x0000159d   Thumb Code     0  rt_memclr_w.o(.text)
    __use_two_region_memory                  0x000015e7   Thumb Code     2  heapauxi.o(.text)
    __rt_heap_escrow$2region                 0x000015e9   Thumb Code     2  heapauxi.o(.text)
    __rt_heap_expand$2region                 0x000015eb   Thumb Code     2  heapauxi.o(.text)
    __read_errno                             0x000015ed   Thumb Code    10  _rserrno.o(.text)
    __set_errno                              0x000015f7   Thumb Code    12  _rserrno.o(.text)
    __aeabi_memclr                           0x00001603   Thumb Code     0  rt_memclr.o(.text)
    __rt_memclr                              0x00001603   Thumb Code    68  rt_memclr.o(.text)
    _memset                                  0x00001607   Thumb Code     0  rt_memclr.o(.text)
    __aeabi_errno_addr                       0x00001649   Thumb Code     8  rt_errno_addr_intlibspace.o(.text)
    __errno$intlibspace                      0x00001649   Thumb Code     0  rt_errno_addr_intlibspace.o(.text)
    __rt_errno_addr$intlibspace              0x00001649   Thumb Code     0  rt_errno_addr_intlibspace.o(.text)
    __user_libspace                          0x00001651   Thumb Code     8  libspace.o(.text)
    __user_perproc_libspace                  0x00001651   Thumb Code     0  libspace.o(.text)
    __user_perthread_libspace                0x00001651   Thumb Code     0  libspace.o(.text)
    __user_setup_stackheap                   0x00001659   Thumb Code    74  sys_stackheap_outer.o(.text)
    exit                                     0x000016a3   Thumb Code    12  exit.o(.text)
    _sys_exit                                0x000016b1   Thumb Code     8  sys_exit.o(.text)
    __I$use$semihosting                      0x000016bd   Thumb Code     0  use_no_semi.o(.text)
    __use_no_semihosting_swi                 0x000016bd   Thumb Code     2  use_no_semi.o(.text)
    __ARM_fpclassify                         0x000016bf   Thumb Code    48  fpclassify.o(i.__ARM_fpclassify)
    __semihosting_library_function           0x000016bf   Thumb Code     0  indicate_semi.o(.text)
    __hardfp_pow                             0x000016f1   Thumb Code  3044  pow.o(i.__hardfp_pow)
    __kernel_poly                            0x00002329   Thumb Code   248  poly.o(i.__kernel_poly)
    __mathlib_dbl_divzero                    0x00002421   Thumb Code    28  dunder.o(i.__mathlib_dbl_divzero)
    __mathlib_dbl_infnan2                    0x00002451   Thumb Code    20  dunder.o(i.__mathlib_dbl_infnan2)
    __mathlib_dbl_invalid                    0x00002469   Thumb Code    24  dunder.o(i.__mathlib_dbl_invalid)
    __mathlib_dbl_overflow                   0x00002489   Thumb Code    24  dunder.o(i.__mathlib_dbl_overflow)
    __mathlib_dbl_underflow                  0x000024a9   Thumb Code    24  dunder.o(i.__mathlib_dbl_underflow)
    fabs                                     0x000024c9   Thumb Code    24  fabs.o(i.fabs)
    sqrt                                     0x000024e1   Thumb Code   110  sqrt.o(i.sqrt)
    __aeabi_dneg                             0x0000254f   Thumb Code     0  basic.o(x$fpl$basic)
    _dneg                                    0x0000254f   Thumb Code     6  basic.o(x$fpl$basic)
    __aeabi_fneg                             0x00002555   Thumb Code     0  basic.o(x$fpl$basic)
    _fneg                                    0x00002555   Thumb Code     6  basic.o(x$fpl$basic)
    _dabs                                    0x0000255b   Thumb Code     6  basic.o(x$fpl$basic)
    _fabs                                    0x00002561   Thumb Code     6  basic.o(x$fpl$basic)
    __aeabi_dadd                             0x00002569   Thumb Code     0  daddsub_clz.o(x$fpl$dadd)
    _dadd                                    0x00002569   Thumb Code   332  daddsub_clz.o(x$fpl$dadd)
    __fpl_dcheck_NaN1                        0x000026b9   Thumb Code    10  dcheck1.o(x$fpl$dcheck1)
    __fpl_dcmp_Inf                           0x000026c9   Thumb Code    24  dcmpi.o(x$fpl$dcmpinf)
    __aeabi_ddiv                             0x000026e1   Thumb Code     0  ddiv.o(x$fpl$ddiv)
    _ddiv                                    0x000026e1   Thumb Code   552  ddiv.o(x$fpl$ddiv)
    __aeabi_d2iz                             0x00002991   Thumb Code     0  dfix.o(x$fpl$dfix)
    _dfix                                    0x00002991   Thumb Code    94  dfix.o(x$fpl$dfix)
    __aeabi_i2d                              0x000029ef   Thumb Code     0  dflt_clz.o(x$fpl$dflt)
    _dflt                                    0x000029ef   Thumb Code    46  dflt_clz.o(x$fpl$dflt)
    __aeabi_cdcmple                          0x00002a1d   Thumb Code     0  dleqf.o(x$fpl$dleqf)
    _dcmple                                  0x00002a1d   Thumb Code   120  dleqf.o(x$fpl$dleqf)
    __fpl_dcmple_InfNaN                      0x00002a7f   Thumb Code     0  dleqf.o(x$fpl$dleqf)
    __aeabi_dmul                             0x00002a95   Thumb Code     0  dmul.o(x$fpl$dmul)
    _dmul                                    0x00002a95   Thumb Code   332  dmul.o(x$fpl$dmul)
    __fpl_dnaninf                            0x00002be9   Thumb Code   156  dnaninf.o(x$fpl$dnaninf)
    __fpl_dretinf                            0x00002c85   Thumb Code    12  dretinf.o(x$fpl$dretinf)
    __aeabi_cdrcmple                         0x00002c91   Thumb Code     0  drleqf.o(x$fpl$drleqf)
    _drcmple                                 0x00002c91   Thumb Code   108  drleqf.o(x$fpl$drleqf)
    __aeabi_drsub                            0x00002cfd   Thumb Code     0  daddsub_clz.o(x$fpl$drsb)
    _drsb                                    0x00002cfd   Thumb Code    22  daddsub_clz.o(x$fpl$drsb)
    _dsqrt                                   0x00002d15   Thumb Code   404  dsqrt_umaal.o(x$fpl$dsqrt)
    __aeabi_dsub                             0x00002ead   Thumb Code     0  daddsub_clz.o(x$fpl$dsub)
    _dsub                                    0x00002ead   Thumb Code   464  daddsub_clz.o(x$fpl$dsub)
    _fp_init                                 0x00003081   Thumb Code    10  fpinit.o(x$fpl$fpinit)
    __fplib_config_fpu_vfp                   0x00003089   Thumb Code     0  fpinit.o(x$fpl$fpinit)
    __fplib_config_pureend_doubles           0x00003089   Thumb Code     0  fpinit.o(x$fpl$fpinit)
    __fpl_return_NaN                         0x0000308b   Thumb Code   100  retnan.o(x$fpl$retnan)
    __ARM_scalbn                             0x000030ef   Thumb Code    92  scalbn.o(x$fpl$scalbn)
    __fpl_cmpreturn                          0x0000314b   Thumb Code    48  trapv.o(x$fpl$trapveneer)
    __I$use$fp                               0x0000317a   Number         0  usenofp.o(x$fpl$usenofp)
    __mathlib_zero                           0x00003208   Data           8  qnan.o(.constdata)
    Region$$Table$$Base                      0x00003210   Number         0  anon$$obj.o(Region$$Table)
    Region$$Table$$Limit                     0x00003230   Number         0  anon$$obj.o(Region$$Table)
    key                                      0x20000000   Data           1  main.o(.data)
    state                                    0x20000001   Data           1  main.o(.data)
    test                                     0x20000002   Data           1  main.o(.data)
    ic                                       0x20000004   Data           4  main.o(.data)
    numberSize                               0x20000008   Data           4  main.o(.data)
    operationSize                            0x2000000c   Data           4  main.o(.data)
    testChar                                 0x20000010   Data           1  main.o(.data)
    testChar1                                0x20000011   Data           1  main.o(.data)
    floatTest                                0x20000014   Data           4  main.o(.data)
    keypadKeysTotal                          0x20000038   Data           4  keypad_driver.o(.data)
    gameGraphics                             0x2000003c   Data          64  lcd_driver.o(.data)
    gameField                                0x2000007c   Data          34  lcd_driver.o(.data)
    SystemCoreClock                          0x200000a0   Data           4  system_tm4c123.o(.data)
    numbers                                  0x200000a4   Data         320  main.o(.bss)
    operations                               0x200001e4   Data          80  main.o(.bss)
    __libspace_start                         0x20000234   Data          96  libspace.o(.bss)
    __temporary_stack_top$libspace           0x20000294   Data           0  libspace.o(.bss)



==============================================================================

Memory Map of the image

  Image Entry point : 0x00001225

  Load Region LR_1 (Base: 0x00000000, Size: 0x000032d4, Max: 0xffffffff, ABSOLUTE)

    Execution Region ER_RO (Base: 0x00000000, Size: 0x00003230, Max: 0xffffffff, ABSOLUTE)

    Base Addr    Size         Type   Attr      Idx    E Section Name        Object

    0x00000000   0x0000026c   Data   RO          126    RESET               startup_tm4c123.o
    0x0000026c   0x00000008   Code   RO          179  * !!!main             c_w.l(__main.o)
    0x00000274   0x00000034   Code   RO          440    !!!scatter          c_w.l(__scatter.o)
    0x000002a8   0x0000001a   Code   RO          442    !!handler_copy      c_w.l(__scatter_copy.o)
    0x000002c2   0x00000002   PAD
    0x000002c4   0x0000001c   Code   RO          444    !!handler_zi        c_w.l(__scatter_zi.o)
    0x000002e0   0x00000002   Code   RO          310    .ARM.Collect$$libinit$$00000000  c_w.l(libinit.o)
    0x000002e2   0x00000004   Code   RO          315    .ARM.Collect$$libinit$$00000001  c_w.l(libinit2.o)
    0x000002e6   0x00000000   Code   RO          318    .ARM.Collect$$libinit$$00000004  c_w.l(libinit2.o)
    0x000002e6   0x00000000   Code   RO          321    .ARM.Collect$$libinit$$0000000A  c_w.l(libinit2.o)
    0x000002e6   0x00000000   Code   RO          323    .ARM.Collect$$libinit$$0000000C  c_w.l(libinit2.o)
    0x000002e6   0x00000000   Code   RO          325    .ARM.Collect$$libinit$$0000000E  c_w.l(libinit2.o)
    0x000002e6   0x00000000   Code   RO          328    .ARM.Collect$$libinit$$00000011  c_w.l(libinit2.o)
    0x000002e6   0x00000000   Code   RO          330    .ARM.Collect$$libinit$$00000013  c_w.l(libinit2.o)
    0x000002e6   0x00000000   Code   RO          332    .ARM.Collect$$libinit$$00000015  c_w.l(libinit2.o)
    0x000002e6   0x00000000   Code   RO          334    .ARM.Collect$$libinit$$00000017  c_w.l(libinit2.o)
    0x000002e6   0x00000000   Code   RO          336    .ARM.Collect$$libinit$$00000019  c_w.l(libinit2.o)
    0x000002e6   0x00000000   Code   RO          338    .ARM.Collect$$libinit$$0000001B  c_w.l(libinit2.o)
    0x000002e6   0x00000000   Code   RO          340    .ARM.Collect$$libinit$$0000001D  c_w.l(libinit2.o)
    0x000002e6   0x00000000   Code   RO          342    .ARM.Collect$$libinit$$0000001F  c_w.l(libinit2.o)
    0x000002e6   0x00000000   Code   RO          344    .ARM.Collect$$libinit$$00000021  c_w.l(libinit2.o)
    0x000002e6   0x00000000   Code   RO          346    .ARM.Collect$$libinit$$00000023  c_w.l(libinit2.o)
    0x000002e6   0x00000000   Code   RO          348    .ARM.Collect$$libinit$$00000025  c_w.l(libinit2.o)
    0x000002e6   0x00000000   Code   RO          352    .ARM.Collect$$libinit$$0000002C  c_w.l(libinit2.o)
    0x000002e6   0x00000000   Code   RO          354    .ARM.Collect$$libinit$$0000002E  c_w.l(libinit2.o)
    0x000002e6   0x00000000   Code   RO          356    .ARM.Collect$$libinit$$00000030  c_w.l(libinit2.o)
    0x000002e6   0x00000000   Code   RO          358    .ARM.Collect$$libinit$$00000032  c_w.l(libinit2.o)
    0x000002e6   0x00000002   Code   RO          359    .ARM.Collect$$libinit$$00000033  c_w.l(libinit2.o)
    0x000002e8   0x00000002   Code   RO          381    .ARM.Collect$$libshutdown$$00000000  c_w.l(libshutdown.o)
    0x000002ea   0x00000000   Code   RO          395    .ARM.Collect$$libshutdown$$00000003  c_w.l(libshutdown2.o)
    0x000002ea   0x00000000   Code   RO          398    .ARM.Collect$$libshutdown$$00000006  c_w.l(libshutdown2.o)
    0x000002ea   0x00000000   Code   RO          401    .ARM.Collect$$libshutdown$$00000009  c_w.l(libshutdown2.o)
    0x000002ea   0x00000000   Code   RO          403    .ARM.Collect$$libshutdown$$0000000B  c_w.l(libshutdown2.o)
    0x000002ea   0x00000000   Code   RO          406    .ARM.Collect$$libshutdown$$0000000E  c_w.l(libshutdown2.o)
    0x000002ea   0x00000002   Code   RO          407    .ARM.Collect$$libshutdown$$0000000F  c_w.l(libshutdown2.o)
    0x000002ec   0x00000000   Code   RO          209    .ARM.Collect$$rtentry$$00000000  c_w.l(__rtentry.o)
    0x000002ec   0x00000000   Code   RO          275    .ARM.Collect$$rtentry$$00000002  c_w.l(__rtentry2.o)
    0x000002ec   0x00000006   Code   RO          287    .ARM.Collect$$rtentry$$00000004  c_w.l(__rtentry4.o)
    0x000002f2   0x00000000   Code   RO          277    .ARM.Collect$$rtentry$$00000009  c_w.l(__rtentry2.o)
    0x000002f2   0x00000004   Code   RO          278    .ARM.Collect$$rtentry$$0000000A  c_w.l(__rtentry2.o)
    0x000002f6   0x00000000   Code   RO          280    .ARM.Collect$$rtentry$$0000000C  c_w.l(__rtentry2.o)
    0x000002f6   0x00000008   Code   RO          281    .ARM.Collect$$rtentry$$0000000D  c_w.l(__rtentry2.o)
    0x000002fe   0x00000002   Code   RO          313    .ARM.Collect$$rtexit$$00000000  c_w.l(rtexit.o)
    0x00000300   0x00000000   Code   RO          363    .ARM.Collect$$rtexit$$00000002  c_w.l(rtexit2.o)
    0x00000300   0x00000004   Code   RO          364    .ARM.Collect$$rtexit$$00000003  c_w.l(rtexit2.o)
    0x00000304   0x00000006   Code   RO          365    .ARM.Collect$$rtexit$$00000004  c_w.l(rtexit2.o)
    0x0000030a   0x00000002   PAD
    0x0000030c   0x000005b8   Code   RO            4    .text               main.o
    0x000008c4   0x00000578   Code   RO           74    .text               keypad_driver.o
    0x00000e3c   0x000003e8   Code   RO          109    .text               lcd_driver.o
    0x00001224   0x00000114   Code   RO          127  * .text               startup_tm4c123.o
    0x00001338   0x00000250   Code   RO          134    .text               system_tm4c123.o
    0x00001588   0x00000010   Code   RO          173    .text               c_w.l(aeabi_memset.o)
    0x00001598   0x0000004e   Code   RO          175    .text               c_w.l(rt_memclr_w.o)
    0x000015e6   0x00000006   Code   RO          177    .text               c_w.l(heapauxi.o)
    0x000015ec   0x00000016   Code   RO          210    .text               c_w.l(_rserrno.o)
    0x00001602   0x00000044   Code   RO          212    .text               c_w.l(rt_memclr.o)
    0x00001646   0x00000002   PAD
    0x00001648   0x00000008   Code   RO          292    .text               c_w.l(rt_errno_addr_intlibspace.o)
    0x00001650   0x00000008   Code   RO          298    .text               c_w.l(libspace.o)
    0x00001658   0x0000004a   Code   RO          301    .text               c_w.l(sys_stackheap_outer.o)
    0x000016a2   0x0000000c   Code   RO          303    .text               c_w.l(exit.o)
    0x000016ae   0x00000002   PAD
    0x000016b0   0x0000000c   Code   RO          373    .text               c_w.l(sys_exit.o)
    0x000016bc   0x00000002   Code   RO          384    .text               c_w.l(use_no_semi.o)
    0x000016be   0x00000000   Code   RO          386    .text               c_w.l(indicate_semi.o)
    0x000016be   0x00000030   Code   RO          257    i.__ARM_fpclassify  m_wm.l(fpclassify.o)
    0x000016ee   0x00000002   PAD
    0x000016f0   0x00000c38   Code   RO          195    i.__hardfp_pow      m_wm.l(pow.o)
    0x00002328   0x000000f8   Code   RO          259    i.__kernel_poly     m_wm.l(poly.o)
    0x00002420   0x00000030   Code   RO          237    i.__mathlib_dbl_divzero  m_wm.l(dunder.o)
    0x00002450   0x00000014   Code   RO          239    i.__mathlib_dbl_infnan2  m_wm.l(dunder.o)
    0x00002464   0x00000004   PAD
    0x00002468   0x00000020   Code   RO          240    i.__mathlib_dbl_invalid  m_wm.l(dunder.o)
    0x00002488   0x00000020   Code   RO          241    i.__mathlib_dbl_overflow  m_wm.l(dunder.o)
    0x000024a8   0x00000020   Code   RO          243    i.__mathlib_dbl_underflow  m_wm.l(dunder.o)
    0x000024c8   0x00000018   Code   RO          253    i.fabs              m_wm.l(fabs.o)
    0x000024e0   0x0000006e   Code   RO          264    i.sqrt              m_wm.l(sqrt.o)
    0x0000254e   0x00000018   Code   RO          214    x$fpl$basic         fz_wm.l(basic.o)
    0x00002566   0x00000002   PAD
    0x00002568   0x00000150   Code   RO          216    x$fpl$dadd          fz_wm.l(daddsub_clz.o)
    0x000026b8   0x00000010   Code   RO          294    x$fpl$dcheck1       fz_wm.l(dcheck1.o)
    0x000026c8   0x00000018   Code   RO          222    x$fpl$dcmpinf       fz_wm.l(dcmpi.o)
    0x000026e0   0x000002b0   Code   RO          225    x$fpl$ddiv          fz_wm.l(ddiv.o)
    0x00002990   0x0000005e   Code   RO          181    x$fpl$dfix          fz_wm.l(dfix.o)
    0x000029ee   0x0000002e   Code   RO          186    x$fpl$dflt          fz_wm.l(dflt_clz.o)
    0x00002a1c   0x00000078   Code   RO          191    x$fpl$dleqf         fz_wm.l(dleqf.o)
    0x00002a94   0x00000154   Code   RO          193    x$fpl$dmul          fz_wm.l(dmul.o)
    0x00002be8   0x0000009c   Code   RO          228    x$fpl$dnaninf       fz_wm.l(dnaninf.o)
    0x00002c84   0x0000000c   Code   RO          230    x$fpl$dretinf       fz_wm.l(dretinf.o)
    0x00002c90   0x0000006c   Code   RO          232    x$fpl$drleqf        fz_wm.l(drleqf.o)
    0x00002cfc   0x00000016   Code   RO          217    x$fpl$drsb          fz_wm.l(daddsub_clz.o)
    0x00002d12   0x00000002   PAD
    0x00002d14   0x00000198   Code   RO          296    x$fpl$dsqrt         fz_wm.l(dsqrt_umaal.o)
    0x00002eac   0x000001d4   Code   RO          218    x$fpl$dsub          fz_wm.l(daddsub_clz.o)
    0x00003080   0x0000000a   Code   RO          371    x$fpl$fpinit        fz_wm.l(fpinit.o)
    0x0000308a   0x00000064   Code   RO          311    x$fpl$retnan        fz_wm.l(retnan.o)
    0x000030ee   0x0000005c   Code   RO          234    x$fpl$scalbn        fz_wm.l(scalbn.o)
    0x0000314a   0x00000030   Code   RO          360    x$fpl$trapveneer    fz_wm.l(trapv.o)
    0x0000317a   0x00000000   Code   RO          236    x$fpl$usenofp       fz_wm.l(usenofp.o)
    0x0000317a   0x00000006   PAD
    0x00003180   0x00000088   Data   RO          198    .constdata          m_wm.l(pow.o)
    0x00003208   0x00000008   Data   RO          261    .constdata          m_wm.l(qnan.o)
    0x00003210   0x00000020   Data   RO          438    Region$$Table       anon$$obj.o


    Execution Region ER_RW (Base: 0x20000000, Size: 0x000000a4, Max: 0xffffffff, ABSOLUTE)

    Base Addr    Size         Type   Attr      Idx    E Section Name        Object

    0x20000000   0x00000038   Data   RW            6    .data               main.o
    0x20000038   0x00000004   Data   RW           75    .data               keypad_driver.o
    0x2000003c   0x00000062   Data   RW          110    .data               lcd_driver.o
    0x2000009e   0x00000002   PAD
    0x200000a0   0x00000004   Data   RW          135    .data               system_tm4c123.o


    Execution Region ER_ZI (Base: 0x200000a4, Size: 0x000003f4, Max: 0xffffffff, ABSOLUTE)

    Base Addr    Size         Type   Attr      Idx    E Section Name        Object

    0x200000a4   0x00000190   Zero   RW            5    .bss                main.o
    0x20000234   0x00000060   Zero   RW          299    .bss                c_w.l(libspace.o)
    0x20000294   0x00000004   PAD
    0x20000298   0x00000000   Zero   RW          125    HEAP                startup_tm4c123.o
    0x20000298   0x00000200   Zero   RW          124    STACK               startup_tm4c123.o


==============================================================================

Image component sizes


      Code (inc. data)   RO Data    RW Data    ZI Data      Debug   Object Name

      1400         76          0          4          0      31089   keypad_driver.o
      1000         64          0         98          0       2967   lcd_driver.o
      1464        102          0         56        400      69014   main.o
       276         24        620          0        512       5432   startup_tm4c123.o
       592        138          0          4          0       1485   system_tm4c123.o

    ----------------------------------------------------------------------
      4732        404        652        164        912     109987   Object Totals
         0          0         32          0          0          0   (incl. Generated)
         0          0          0          2          0          0   (incl. Padding)

    ----------------------------------------------------------------------

      Code (inc. data)   RO Data    RW Data    ZI Data      Debug   Library Member Name

         8          0          0          0          0         68   __main.o
         0          0          0          0          0          0   __rtentry.o
        12          0          0          0          0          0   __rtentry2.o
         6          0          0          0          0          0   __rtentry4.o
        52          8          0          0          0          0   __scatter.o
        26          0          0          0          0          0   __scatter_copy.o
        28          0          0          0          0          0   __scatter_zi.o
        22          0          0          0          0        100   _rserrno.o
        16          0          0          0          0         68   aeabi_memset.o
        12          0          0          0          0         72   exit.o
         6          0          0          0          0        152   heapauxi.o
         0          0          0          0          0          0   indicate_semi.o
         2          0          0          0          0          0   libinit.o
         6          0          0          0          0          0   libinit2.o
         2          0          0          0          0          0   libshutdown.o
         2          0          0          0          0          0   libshutdown2.o
         8          4          0          0         96         68   libspace.o
         8          4          0          0          0         68   rt_errno_addr_intlibspace.o
        68          0          0          0          0         68   rt_memclr.o
        78          0          0          0          0         80   rt_memclr_w.o
         2          0          0          0          0          0   rtexit.o
        10          0          0          0          0          0   rtexit2.o
        12          4          0          0          0         68   sys_exit.o
        74          0          0          0          0         80   sys_stackheap_outer.o
         2          0          0          0          0         68   use_no_semi.o
        24          0          0          0          0        164   basic.o
       826         16          0          0          0        492   daddsub_clz.o
        16          4          0          0          0        116   dcheck1.o
        24          0          0          0          0        116   dcmpi.o
       688        140          0          0          0        256   ddiv.o
        94          4          0          0          0        140   dfix.o
        46          0          0          0          0        116   dflt_clz.o
       120          4          0          0          0        140   dleqf.o
       340         12          0          0          0        152   dmul.o
       156          4          0          0          0        140   dnaninf.o
        12          0          0          0          0        116   dretinf.o
       108          0          0          0          0        128   drleqf.o
       408         56          0          0          0        168   dsqrt_umaal.o
        10          0          0          0          0        116   fpinit.o
       100          0          0          0          0        116   retnan.o
        92          0          0          0          0        116   scalbn.o
        48          0          0          0          0        116   trapv.o
         0          0          0          0          0          0   usenofp.o
       164         44          0          0          0        620   dunder.o
        24          0          0          0          0        124   fabs.o
        48          0          0          0          0        124   fpclassify.o
       248          0          0          0          0        152   poly.o
      3128        302        136          0          0        356   pow.o
         0          0          8          0          0          0   qnan.o
       110          0          0          0          0        148   sqrt.o

    ----------------------------------------------------------------------
      7320        606        144          0        100       5192   Library Totals
        24          0          0          0          4          0   (incl. Padding)

    ----------------------------------------------------------------------

      Code (inc. data)   RO Data    RW Data    ZI Data      Debug   Library Name

       462         20          0          0         96        960   c_w.l
      3112        240          0          0          0       2708   fz_wm.l
      3722        346        144          0          0       1524   m_wm.l

    ----------------------------------------------------------------------
      7320        606        144          0        100       5192   Library Totals

    ----------------------------------------------------------------------

==============================================================================


      Code (inc. data)   RO Data    RW Data    ZI Data      Debug   

     12052       1010        796        164       1012     111263   Grand Totals
     12052       1010        796        164       1012     111263   ELF Image Totals
     12052       1010        796        164          0          0   ROM Totals

==============================================================================

    Total RO  Size (Code + RO Data)                12848 (  12.55kB)
    Total RW  Size (RW Data + ZI Data)              1176 (   1.15kB)
    Total ROM Size (Code + RO Data + RW Data)      13012 (  12.71kB)

==============================================================================

