Component: ARM Compiler 5.05 (build 41) Tool: armlink [4d0eb9]

==============================================================================

Section Cross References

    main.o(.text) refers to _printf_percent.o(.ARM.Collect$$_printf_percent$$00000000) for _printf_percent
    main.o(.text) refers to _printf_d.o(.ARM.Collect$$_printf_percent$$00000009) for _printf_d
    main.o(.text) refers to _printf_dec.o(.text) for _printf_int_dec
    main.o(.text) refers to _printf_f.o(.ARM.Collect$$_printf_percent$$00000003) for _printf_f
    main.o(.text) refers to printf1.o(x$fpl$printf1) for _printf_fp_dec
    main.o(.text) refers to lcd_driver.o(.text) for lcdWriteCommand
    main.o(.text) refers to keypad_driver.o(.text) for WaitForKeySoft
    main.o(.text) refers to noretval__2sprintf.o(.text) for __2sprintf
    main.o(.text) refers to f2d.o(x$fpl$f2d) for __aeabi_f2d
    main.o(.text) refers to daddsub_clz.o(x$fpl$dadd) for __aeabi_dadd
    main.o(.text) refers to d2f.o(x$fpl$d2f) for __aeabi_d2f
    main.o(.text) refers to daddsub_clz.o(x$fpl$dsub) for __aeabi_dsub
    main.o(.text) refers to speaker.o(.text) for beepINS
    main.o(.text) refers to strcat.o(.text) for strcat
    main.o(.text) refers to main.o(.data) for key
    main.o(.text) refers to rt_memclr_w.o(.text) for __aeabi_memclr4
    main.o(.text) refers to evaluate_expression.o(.text) for process_input
    main.o(.text) refers to pll.o(.text) for PLL_Init
    keypad_driver.o(.text) refers to pll.o(.text) for SysTick_Wait_ms
    keypad_driver.o(.text) refers to keypad_driver.o(.data) for currentState
    keypad_driver.o(.text) refers to main.o(.data) for key
    lcd_driver.o(.text) refers to pll.o(.text) for SysTick_Wait_us
    lcd_driver.o(.text) refers to graphics.o(.text) for getSinwave
    lcd_driver.o(.text) refers to lcd_driver.o(.bss) for gameGraphics
    graphics.o(.text) refers to f2d.o(x$fpl$f2d) for __aeabi_f2d
    graphics.o(.text) refers to ddiv.o(x$fpl$ddiv) for __aeabi_ddiv
    graphics.o(.text) refers to dmul.o(x$fpl$dmul) for __aeabi_dmul
    graphics.o(.text) refers to d2f.o(x$fpl$d2f) for __aeabi_d2f
    graphics.o(.text) refers to dflt_clz.o(x$fpl$dfltu) for __aeabi_ui2d
    graphics.o(.text) refers to cos.o(i.__hardfp_cos) for __hardfp_cos
    graphics.o(.text) refers to daddsub_clz.o(x$fpl$dadd) for __aeabi_dadd
    graphics.o(.text) refers to sin.o(i.__hardfp_sin) for __hardfp_sin
    graphics.o(.text) refers to graphics.o(.data) for sineCastValue
    graphics.o(.text) refers to graphics.o(.bss) for sinData
    evaluate_expression.o(.text) refers to _printf_percent.o(.ARM.Collect$$_printf_percent$$00000000) for _printf_percent
    evaluate_expression.o(.text) refers to _printf_c.o(.ARM.Collect$$_printf_percent$$00000013) for _printf_c
    evaluate_expression.o(.text) refers to _printf_str.o(.text) for _printf_str
    evaluate_expression.o(.text) refers to _printf_pad.o(.text) for _printf_pre_padding
    evaluate_expression.o(.text) refers to _printf_d.o(.ARM.Collect$$_printf_percent$$00000009) for _printf_d
    evaluate_expression.o(.text) refers to _printf_dec.o(.text) for _printf_int_dec
    evaluate_expression.o(.text) refers to _printf_g.o(.ARM.Collect$$_printf_percent$$00000005) for _printf_g
    evaluate_expression.o(.text) refers to printf1.o(x$fpl$printf1) for _printf_fp_dec
    evaluate_expression.o(.text) refers to noretval__2sprintf.o(.text) for __2sprintf
    evaluate_expression.o(.text) refers to atoi.o(.text) for atoi
    evaluate_expression.o(.text) refers to f2d.o(x$fpl$f2d) for __aeabi_f2d
    evaluate_expression.o(.text) refers to log10.o(i.__hardfp_log10) for __hardfp_log10
    evaluate_expression.o(.text) refers to d2f.o(x$fpl$d2f) for __aeabi_d2f
    evaluate_expression.o(.text) refers to log.o(i.__hardfp_log) for __hardfp_log
    evaluate_expression.o(.text) refers to asin.o(i.__hardfp_asin) for __hardfp_asin
    evaluate_expression.o(.text) refers to dmul.o(x$fpl$dmul) for __aeabi_dmul
    evaluate_expression.o(.text) refers to ddiv.o(x$fpl$ddiv) for __aeabi_ddiv
    evaluate_expression.o(.text) refers to acos.o(i.__hardfp_acos) for __hardfp_acos
    evaluate_expression.o(.text) refers to atan.o(i.__hardfp_atan) for __hardfp_atan
    evaluate_expression.o(.text) refers to tan.o(i.__hardfp_tan) for __hardfp_tan
    evaluate_expression.o(.text) refers to sqrt.o(i.__hardfp_sqrt) for __hardfp_sqrt
    evaluate_expression.o(.text) refers to cos.o(i.__hardfp_cos) for __hardfp_cos
    evaluate_expression.o(.text) refers to sin.o(i.__hardfp_sin) for __hardfp_sin
    evaluate_expression.o(.text) refers to pow.o(i.__hardfp_pow) for __hardfp_pow
    evaluate_expression.o(.text) refers to strcmpv7m.o(.text) for strcmp
    evaluate_expression.o(.text) refers to atof.o(i.__hardfp_atof) for __hardfp_atof
    speaker.o(.text) refers to pll.o(.text) for SysTick_Wait_ms
    startup_tm4c123.o(STACK) refers (Special) to heapauxi.o(.text) for __use_two_region_memory
[...]
    _local_sscanf                            0x00003045   Thumb Code    60  strtod.o(.text)
    .text                                    0x000030e4   Section        0  strtol.o(.text)
    .text                                    0x00003154   Section        8  libspace.o(.text)
    .text                                    0x0000315c   Section       16  rt_ctype_table.o(.text)
    .text                                    0x0000316c   Section        8  rt_locale_intlibspace.o(.text)
    .text                                    0x00003174   Section      138  lludiv10.o(.text)
    .text                                    0x000031fe   Section        0  isspace.o(.text)
    .text                                    0x00003210   Section        0  _printf_fp_infnan.o(.text)
    .text                                    0x00003290   Section        0  _sgetc.o(.text)
    .text                                    0x000032d0   Section        0  _strtoul.o(.text)
    .text                                    0x00003370   Section        0  bigflt0.o(.text)
    .text                                    0x0000344c   Section       74  sys_stackheap_outer.o(.text)
    .text                                    0x00003496   Section        0  _chval.o(.text)
    .text                                    0x000034b4   Section        0  scanf_fp.o(.text)
    _fp_value                                0x000034b5   Thumb Code   508  scanf_fp.o(.text)
    .text                                    0x00003958   Section        0  exit.o(.text)
    .text                                    0x00003964   Section        0  scanf_hexfp.o(.text)
    .text                                    0x00003c7c   Section        0  scanf_infnan.o(.text)
    .text                                    0x00003db0   Section        0  sys_exit.o(.text)
    .text                                    0x00003dbc   Section       38  llshl.o(.text)
    .text                                    0x00003de2   Section        2  use_no_semi.o(.text)
    .text                                    0x00003de4   Section        0  indicate_semi.o(.text)
    CL$$btod_d2e                             0x00003de4   Section       62  btod.o(CL$$btod_d2e)
    CL$$btod_d2e_denorm_low                  0x00003e22   Section       70  btod.o(CL$$btod_d2e_denorm_low)
    CL$$btod_d2e_norm_op1                    0x00003e68   Section       96  btod.o(CL$$btod_d2e_norm_op1)
    CL$$btod_div_common                      0x00003ec8   Section      824  btod.o(CL$$btod_div_common)
    CL$$btod_e2d                             0x00004200   Section       84  btod.o(CL$$btod_e2d)
    CL$$btod_e2e                             0x00004254   Section      198  btod.o(CL$$btod_e2e)
    CL$$btod_ediv                            0x0000431a   Section       40  btod.o(CL$$btod_ediv)
    CL$$btod_edivd                           0x00004342   Section       40  btod.o(CL$$btod_edivd)
    CL$$btod_emul                            0x0000436a   Section       40  btod.o(CL$$btod_emul)
    CL$$btod_emuld                           0x00004392   Section       40  btod.o(CL$$btod_emuld)
    CL$$btod_mult_common                     0x000043ba   Section      580  btod.o(CL$$btod_mult_common)
    i.__ARM_fpclassify                       0x000045fe   Section        0  fpclassify.o(i.__ARM_fpclassify)
    i.__hardfp_acos                          0x00004630   Section        0  acos.o(i.__hardfp_acos)
    i.__hardfp_asin                          0x00004988   Section        0  asin.o(i.__hardfp_asin)
    i.__hardfp_atan                          0x00004ce8   Section        0  atan.o(i.__hardfp_atan)
    i.__hardfp_atof                          0x00004fc0   Section        0  atof.o(i.__hardfp_atof)
    i.__hardfp_cos                           0x00004ff8   Section        0  cos.o(i.__hardfp_cos)
    i.__hardfp_ldexp                         0x000050c0   Section        0  ldexp.o(i.__hardfp_ldexp)
    i.__hardfp_log                           0x00005190   Section        0  log.o(i.__hardfp_log)
    i.__hardfp_log10                         0x00005558   Section        0  log10.o(i.__hardfp_log10)
    i.__hardfp_pow                           0x00005688   Section        0  pow.o(i.__hardfp_pow)
    i.__hardfp_sin                           0x000062c0   Section        0  sin.o(i.__hardfp_sin)
    i.__hardfp_sqrt                          0x00006388   Section        0  sqrt.o(i.__hardfp_sqrt)
    i.__hardfp_tan                           0x00006408   Section        0  tan.o(i.__hardfp_tan)
    i.__ieee754_rem_pio2                     0x00006488   Section        0  rred.o(i.__ieee754_rem_pio2)
    i.__kernel_cos                           0x000068c0   Section        0  cos_i.o(i.__kernel_cos)
    i.__kernel_poly                          0x00006a30   Section        0  poly.o(i.__kernel_poly)
    i.__kernel_sin                           0x00006b28   Section        0  sin_i.o(i.__kernel_sin)
    i.__kernel_tan                           0x00006c58   Section        0  tan_i.o(i.__kernel_tan)
    i.__mathlib_dbl_divzero                  0x00006fa8   Section        0  dunder.o(i.__mathlib_dbl_divzero)
    i.__mathlib_dbl_infnan                   0x00006fd8   Section        0  dunder.o(i.__mathlib_dbl_infnan)
    i.__mathlib_dbl_infnan2                  0x00006fec   Section        0  dunder.o(i.__mathlib_dbl_infnan2)
    i.__mathlib_dbl_invalid                  0x00007000   Section        0  dunder.o(i.__mathlib_dbl_invalid)
    i.__mathlib_dbl_overflow                 0x00007020   Section        0  dunder.o(i.__mathlib_dbl_overflow)
    i.__mathlib_dbl_underflow                0x00007040   Section        0  dunder.o(i.__mathlib_dbl_underflow)
    i.__mathlib_narrow                       0x00007060   Section        0  narrow.o(i.__mathlib_narrow)
    i.__support_ldexp                        0x00007118   Section        0  ldexp.o(i.__support_ldexp)
    i._is_digit                              0x0000712c   Section        0  __printf_wp.o(i._is_digit)
    i.fabs                                   0x0000713a   Section        0  fabs.o(i.fabs)
    i.frexp                                  0x00007158   Section        0  frexp.o(i.frexp)
    i.log                                    0x000071e4   Section        0  log.o(i.log)
    i.sqrt                                   0x000071f4   Section        0  sqrt.o(i.sqrt)
    locale$$code                             0x00007264   Section       44  lc_numeric_c.o(locale$$code)
    locale$$code                             0x00007290   Section       44  lc_ctype_c.o(locale$$code)
    x$fpl$basic                              0x000072bc   Section       24  basic.o(x$fpl$basic)
    $v0                                      0x000072bc   Number         0  basic.o(x$fpl$basic)
    x$fpl$d2f                                0x000072d4   Section       98  d2f.o(x$fpl$d2f)
    $v0                                      0x000072d4   Number         0  d2f.o(x$fpl$d2f)
    x$fpl$dadd                               0x00007338   Section      336  daddsub_clz.o(x$fpl$dadd)
    $v0                                      0x00007338   Number         0  daddsub_clz.o(x$fpl$dadd)
    _dadd1                                   0x00007349   Thumb Code     0  daddsub_clz.o(x$fpl$dadd)
    x$fpl$dcheck1                            0x00007488   Section       16  dcheck1.o(x$fpl$dcheck1)
    $v0                                      0x00007488   Number         0  dcheck1.o(x$fpl$dcheck1)
    x$fpl$dcmpinf                            0x00007498   Section       24  dcmpi.o(x$fpl$dcmpinf)
    $v0                                      0x00007498   Number         0  dcmpi.o(x$fpl$dcmpinf)
    x$fpl$ddiv                               0x000074b0   Section      688  ddiv.o(x$fpl$ddiv)
    $v0                                      0x000074b0   Number         0  ddiv.o(x$fpl$ddiv)
    ddiv_entry                               0x000074b7   Thumb Code     0  ddiv.o(x$fpl$ddiv)
    x$fpl$deqf                               0x00007760   Section      120  deqf.o(x$fpl$deqf)
    $v0                                      0x00007760   Number         0  deqf.o(x$fpl$deqf)
    x$fpl$dfix                               0x000077d8   Section       94  dfix.o(x$fpl$dfix)
    $v0                                      0x000077d8   Number         0  dfix.o(x$fpl$dfix)
    x$fpl$dflt                               0x00007836   Section       46  dflt_clz.o(x$fpl$dflt)
    $v0                                      0x00007836   Number         0  dflt_clz.o(x$fpl$dflt)
    x$fpl$dfltu                              0x00007864   Section       38  dflt_clz.o(x$fpl$dfltu)
    $v0                                      0x00007864   Number         0  dflt_clz.o(x$fpl$dfltu)
    x$fpl$dleqf                              0x0000788c   Section      120  dleqf.o(x$fpl$dleqf)
    $v0                                      0x0000788c   Number         0  dleqf.o(x$fpl$dleqf)
    x$fpl$dmul                               0x00007904   Section      340  dmul.o(x$fpl$dmul)
    $v0                                      0x00007904   Number         0  dmul.o(x$fpl$dmul)
    x$fpl$dnaninf                            0x00007a58   Section      156  dnaninf.o(x$fpl$dnaninf)
    $v0                                      0x00007a58   Number         0  dnaninf.o(x$fpl$dnaninf)
    x$fpl$dretinf                            0x00007af4   Section       12  dretinf.o(x$fpl$dretinf)
    $v0                                      0x00007af4   Number         0  dretinf.o(x$fpl$dretinf)
    x$fpl$drleqf                             0x00007b00   Section      108  drleqf.o(x$fpl$drleqf)
    $v0                                      0x00007b00   Number         0  drleqf.o(x$fpl$drleqf)
    x$fpl$drsb                               0x00007b6c   Section       22  daddsub_clz.o(x$fpl$drsb)
    $v0                                      0x00007b6c   Number         0  daddsub_clz.o(x$fpl$drsb)
    x$fpl$dsqrt                              0x00007b84   Section      408  dsqrt_umaal.o(x$fpl$dsqrt)
    $v0                                      0x00007b84   Number         0  dsqrt_umaal.o(x$fpl$dsqrt)
    x$fpl$dsub                               0x00007d1c   Section      468  daddsub_clz.o(x$fpl$dsub)
    $v0                                      0x00007d1c   Number         0  daddsub_clz.o(x$fpl$dsub)
    _dsub1                                   0x00007d2d   Thumb Code     0  daddsub_clz.o(x$fpl$dsub)
    x$fpl$f2d                                0x00007ef0   Section       86  f2d.o(x$fpl$f2d)
    $v0                                      0x00007ef0   Number         0  f2d.o(x$fpl$f2d)
    x$fpl$fnaninf                            0x00007f46   Section      140  fnaninf.o(x$fpl$fnaninf)
    $v0                                      0x00007f46   Number         0  fnaninf.o(x$fpl$fnaninf)
    x$fpl$fpinit                             0x00007fd2   Section       10  fpinit.o(x$fpl$fpinit)
    $v0                                      0x00007fd2   Number         0  fpinit.o(x$fpl$fpinit)
    x$fpl$fretinf                            0x00007fdc   Section       10  fretinf.o(x$fpl$fretinf)
    $v0                                      0x00007fdc   Number         0  fretinf.o(x$fpl$fretinf)
    x$fpl$printf1                            0x00007fe6   Section        4  printf1.o(x$fpl$printf1)
    $v0                                      0x00007fe6   Number         0  printf1.o(x$fpl$printf1)
    x$fpl$retnan                             0x00007fea   Section      100  retnan.o(x$fpl$retnan)
    $v0                                      0x00007fea   Number         0  retnan.o(x$fpl$retnan)
    x$fpl$scalbn                             0x0000804e   Section       92  scalbn.o(x$fpl$scalbn)
    $v0                                      0x0000804e   Number         0  scalbn.o(x$fpl$scalbn)
    x$fpl$scanf1                             0x000080aa   Section        4  scanf1.o(x$fpl$scanf1)
    $v0                                      0x000080aa   Number         0  scanf1.o(x$fpl$scanf1)
    x$fpl$scanf2                             0x000080ae   Section        8  scanf2.o(x$fpl$scanf2)
    $v0                                      0x000080ae   Number         0  scanf2.o(x$fpl$scanf2)
    x$fpl$trapveneer                         0x000080b6   Section       48  trapv.o(x$fpl$trapveneer)
    $v0                                      0x000080b6   Number         0  trapv.o(x$fpl$trapveneer)
    .constdata                               0x000080e6   Section       17  __printf_flags_wp.o(.constdata)
    x$fpl$usenofp                            0x000080e6   Section        0  usenofp.o(x$fpl$usenofp)
    maptable                                 0x000080e6   Data          17  __printf_flags_wp.o(.constdata)
    .constdata                               0x000080f8   Section       80  acos.o(.constdata)
    pS                                       0x000080f8   Data          48  acos.o(.constdata)
    qS                                       0x00008128   Data          32  acos.o(.constdata)
    .constdata                               0x00008148   Section       80  asin.o(.constdata)
    pS                                       0x00008148   Data          48  asin.o(.constdata)
    qS                                       0x00008178   Data          32  asin.o(.constdata)
    .constdata                               0x00008198   Section      152  atan.o(.constdata)
    atanhi                                   0x00008198   Data          32  atan.o(.constdata)
    atanlo                                   0x000081b8   Data          32  atan.o(.constdata)
    aTodd                                    0x000081d8   Data          40  atan.o(.constdata)
    aTeven                                   0x00008200   Data          48  atan.o(.constdata)
    .constdata                               0x00008230   Section       56  log.o(.constdata)
    Lg2                                      0x00008230   Data          24  log.o(.constdata)
    Lg                                       0x00008248   Data          32  log.o(.constdata)
    .constdata                               0x00008268   Section      136  pow.o(.constdata)
    bp                                       0x00008268   Data          16  pow.o(.constdata)
    dp_h                                     0x00008278   Data          16  pow.o(.constdata)
    dp_l                                     0x00008288   Data          16  pow.o(.constdata)
    L                                        0x00008298   Data          48  pow.o(.constdata)
    P                                        0x000082c8   Data          40  pow.o(.constdata)
    .constdata                               0x000082f0   Section       48  cos_i.o(.constdata)
    C                                        0x000082f0   Data          48  cos_i.o(.constdata)
    .constdata                               0x00008320   Section        8  qnan.o(.constdata)
    .constdata                               0x00008328   Section      200  rred.o(.constdata)
    pio2s                                    0x00008328   Data          48  rred.o(.constdata)
    twooverpi                                0x00008358   Data         152  rred.o(.constdata)
    .constdata                               0x000083f0   Section       40  sin_i.o(.constdata)
    S                                        0x000083f0   Data          40  sin_i.o(.constdata)
    .constdata                               0x00008418   Section       96  tan_i.o(.constdata)
    Todd                                     0x00008418   Data          48  tan_i.o(.constdata)
    Teven                                    0x00008448   Data          48  tan_i.o(.constdata)
    .constdata                               0x00008478   Section      148  bigflt0.o(.constdata)
    tenpwrs_x                                0x00008478   Data          60  bigflt0.o(.constdata)
    tenpwrs_i                                0x000084b4   Data          64  bigflt0.o(.constdata)
    c$$dinf                                  0x0000852c   Section        8  fpconst.o(c$$dinf)
    locale$$data                             0x00008534   Section       28  lc_numeric_c.o(locale$$data)
    __lcnum_c_name                           0x00008538   Data           2  lc_numeric_c.o(locale$$data)
    __lcnum_c_start                          0x00008540   Data           0  lc_numeric_c.o(locale$$data)
    __lcnum_c_point                          0x0000854c   Data           0  lc_numeric_c.o(locale$$data)
    __lcnum_c_thousands                      0x0000854e   Data           0  lc_numeric_c.o(locale$$data)
    __lcnum_c_grouping                       0x0000854f   Data           0  lc_numeric_c.o(locale$$data)
    locale$$data                             0x00008550   Section      272  lc_ctype_c.o(locale$$data)
    __lcnum_c_end                            0x00008550   Data           0  lc_numeric_c.o(locale$$data)
    __lcctype_c_name                         0x00008554   Data           2  lc_ctype_c.o(locale$$data)
    __lcctype_c_start                        0x0000855c   Data           0  lc_ctype_c.o(locale$$data)
    __lcctype_c_end                          0x00008660   Data           0  lc_ctype_c.o(locale$$data)
    .data                                    0x20000000   Section        3  main.o(.data)
    .data                                    0x20000003   Section        2  keypad_driver.o(.data)
    .data                                    0x20000008   Section        8  graphics.o(.data)
    .data                                    0x20000010   Section        4  system_tm4c123.o(.data)
    .bss                                     0x20000014   Section       64  lcd_driver.o(.bss)
    .bss                                     0x20000054   Section       40  graphics.o(.bss)
    .bss                                     0x2000007c   Section       96  libspace.o(.bss)
    HEAP                                     0x200000e0   Section        0  startup_tm4c123.o(HEAP)
    STACK                                    0x200000e0   Section     1280  startup_tm4c123.o(STACK)
    Heap_Mem                                 0x200000e0   Data           0  startup_tm4c123.o(HEAP)
    Stack_Mem                                0x200000e0   Data        1280  startup_tm4c123.o(STACK)
    __initial_sp                             0x200005e0   Data           0  startup_tm4c123.o(STACK)

    Global Symbols

    Symbol Name                              Value     Ov Type        Size  Object(Section)

    BuildAttributes$$THM_ISAv4$E$P$D$K$B$S$7EM$VFPi3$EXTD16$VFPS$VFMA$PE$A:L22UL41UL21$X:L11$S22US41US21$IEEE1$IW$USESV6$~STKCKD$USESV7$~SHL$OTIME$ROPI$IEEEX$EBA8$UX$STANDARDLIB$REQ8$PRES8$EABIv2 0x00000000   Number         0  anon$$obj.o ABSOLUTE
    __ARM_use_no_argv                        0x00000000   Number         0  main.o ABSOLUTE
    __Vectors                                0x00000000   Data           4  startup_tm4c123.o(RESET)
    _printf_flags                            0x00000000   Number         0  printf_stubs.o ABSOLUTE
    _printf_return_value                     0x00000000   Number         0  printf_stubs.o ABSOLUTE
    _printf_sizespec                         0x00000000   Number         0  printf_stubs.o ABSOLUTE
    _printf_widthprec                        0x00000000   Number         0  printf_stubs.o ABSOLUTE
    __ARM_exceptions_init                     - Undefined Weak Reference
    __alloca_initialize                       - Undefined Weak Reference
    __arm_preinit_                            - Undefined Weak Reference
    __cpp_initialize__aeabi_                  - Undefined Weak Reference
    __cxa_finalize                            - Undefined Weak Reference
    __sigvec_lookup                           - Undefined Weak Reference
    _atexit_init                              - Undefined Weak Reference
    _call_atexit_fns                          - Undefined Weak Reference
    _clock_init                               - Undefined Weak Reference
    _fp_trap_init                             - Undefined Weak Reference
    _fp_trap_shutdown                         - Undefined Weak Reference
    _get_lc_collate                           - Undefined Weak Reference
    _get_lc_monetary                          - Undefined Weak Reference
    _get_lc_time                              - Undefined Weak Reference
    _getenv_init                              - Undefined Weak Reference
    _handle_redirection                       - Undefined Weak Reference
    _init_alloc                               - Undefined Weak Reference
    _init_user_alloc                          - Undefined Weak Reference
    _initio                                   - Undefined Weak Reference
    _printf_mbtowc                            - Undefined Weak Reference
    _printf_truncate_signed                   - Undefined Weak Reference
    _printf_truncate_unsigned                 - Undefined Weak Reference
    _rand_init                                - Undefined Weak Reference
    _signal_finish                            - Undefined Weak Reference
    _signal_init                              - Undefined Weak Reference
    _terminate_alloc                          - Undefined Weak Reference
    _terminate_user_alloc                     - Undefined Weak Reference
    _terminateio                              - Undefined Weak Reference
    __Vectors_End                            0x0000026c   Data           0  startup_tm4c123.o(RESET)
    __Vectors_Size                           0x0000026c   Number         0  startup_tm4c123.o ABSOLUTE
    __main                                   0x0000026d   Thumb Code     8  __main.o(!!!main)
    __scatterload                            0x00000275   Thumb Code     0  __scatter.o(!!!scatter)
    __scatterload_rt2                        0x00000275   Thumb Code    44  __scatter.o(!!!scatter)
    __scatterload_rt2_thumb_only             0x00000275   Thumb Code     0  __scatter.o(!!!scatter)
    __scatterload_null                       0x00000283   Thumb Code     0  __scatter.o(!!!scatter)
    __scatterload_copy                       0x000002a9   Thumb Code    26  __scatter_copy.o(!!handler_copy)
    __scatterload_zeroinit                   0x000002c5   Thumb Code    28  __scatter_zi.o(!!handler_zi)
    _printf_f                                0x000002e1   Thumb Code     0  _printf_f.o(.ARM.Collect$$_printf_percent$$00000003)
    _printf_percent                          0x000002e1   Thumb Code     0  _printf_percent.o(.ARM.Collect$$_printf_percent$$00000000)
    _printf_g                                0x000002e7   Thumb Code     0  _printf_g.o(.ARM.Collect$$_printf_percent$$00000005)
    _printf_d                                0x000002ed   Thumb Code     0  _printf_d.o(.ARM.Collect$$_printf_percent$$00000009)
    _printf_c                                0x000002f3   Thumb Code     0  _printf_c.o(.ARM.Collect$$_printf_percent$$00000013)
    _printf_percent_end                      0x000002f9   Thumb Code     0  _printf_percent_end.o(.ARM.Collect$$_printf_percent$$00000017)
    __rt_lib_init                            0x000002fd   Thumb Code     0  libinit.o(.ARM.Collect$$libinit$$00000000)
    __rt_lib_init_fp_1                       0x000002ff   Thumb Code     0  libinit2.o(.ARM.Collect$$libinit$$00000001)
    __rt_lib_init_heap_1                     0x00000303   Thumb Code     0  libinit2.o(.ARM.Collect$$libinit$$0000000A)
    __rt_lib_init_lc_common                  0x00000303   Thumb Code     0  libinit2.o(.ARM.Collect$$libinit$$0000000F)
    __rt_lib_init_preinit_1                  0x00000303   Thumb Code     0  libinit2.o(.ARM.Collect$$libinit$$00000004)
    __rt_lib_init_rand_1                     0x00000303   Thumb Code     0  libinit2.o(.ARM.Collect$$libinit$$0000000E)
    __rt_lib_init_user_alloc_1               0x00000303   Thumb Code     0  libinit2.o(.ARM.Collect$$libinit$$0000000C)
    __rt_lib_init_lc_collate_1               0x00000309   Thumb Code     0  libinit2.o(.ARM.Collect$$libinit$$00000011)
    __rt_lib_init_lc_ctype_2                 0x00000309   Thumb Code     0  libinit2.o(.ARM.Collect$$libinit$$00000012)
    __rt_lib_init_lc_ctype_1                 0x00000315   Thumb Code     0  libinit2.o(.ARM.Collect$$libinit$$00000013)
    __rt_lib_init_lc_monetary_1              0x00000315   Thumb Code     0  libinit2.o(.ARM.Collect$$libinit$$00000015)
    __rt_lib_init_lc_numeric_2               0x00000315   Thumb Code     0  libinit2.o(.ARM.Collect$$libinit$$00000016)
    __rt_lib_init_alloca_1                   0x0000031f   Thumb Code     0  libinit2.o(.ARM.Collect$$libinit$$0000002E)
    __rt_lib_init_argv_1                     0x0000031f   Thumb Code     0  libinit2.o(.ARM.Collect$$libinit$$0000002C)
    __rt_lib_init_atexit_1                   0x0000031f   Thumb Code     0  libinit2.o(.ARM.Collect$$libinit$$0000001B)
    __rt_lib_init_clock_1                    0x0000031f   Thumb Code     0  libinit2.o(.ARM.Collect$$libinit$$00000021)
    __rt_lib_init_cpp_1                      0x0000031f   Thumb Code     0  libinit2.o(.ARM.Collect$$libinit$$00000032)
    __rt_lib_init_exceptions_1               0x0000031f   Thumb Code     0  libinit2.o(.ARM.Collect$$libinit$$00000030)
    __rt_lib_init_fp_trap_1                  0x0000031f   Thumb Code     0  libinit2.o(.ARM.Collect$$libinit$$0000001F)
    __rt_lib_init_getenv_1                   0x0000031f   Thumb Code     0  libinit2.o(.ARM.Collect$$libinit$$00000023)
    __rt_lib_init_lc_numeric_1               0x0000031f   Thumb Code     0  libinit2.o(.ARM.Collect$$libinit$$00000017)
    __rt_lib_init_lc_time_1                  0x0000031f   Thumb Code     0  libinit2.o(.ARM.Collect$$libinit$$00000019)
    __rt_lib_init_return                     0x0000031f   Thumb Code     0  libinit2.o(.ARM.Collect$$libinit$$00000033)
    __rt_lib_init_signal_1                   0x0000031f   Thumb Code     0  libinit2.o(.ARM.Collect$$libinit$$0000001D)
    __rt_lib_init_stdio_1                    0x0000031f   Thumb Code     0  libinit2.o(.ARM.Collect$$libinit$$00000025)
    __rt_lib_shutdown                        0x00000321   Thumb Code     0  libshutdown.o(.ARM.Collect$$libshutdown$$00000000)
    __rt_lib_shutdown_fp_trap_1              0x00000323   Thumb Code     0  libshutdown2.o(.ARM.Collect$$libshutdown$$00000006)
    __rt_lib_shutdown_heap_1                 0x00000323   Thumb Code     0  libshutdown2.o(.ARM.Collect$$libshutdown$$0000000E)
    __rt_lib_shutdown_return                 0x00000323   Thumb Code     0  libshutdown2.o(.ARM.Collect$$libshutdown$$0000000F)
    __rt_lib_shutdown_signal_1               0x00000323   Thumb Code     0  libshutdown2.o(.ARM.Collect$$libshutdown$$00000009)
    __rt_lib_shutdown_stdio_1                0x00000323   Thumb Code     0  libshutdown2.o(.ARM.Collect$$libshutdown$$00000003)
    __rt_lib_shutdown_user_alloc_1           0x00000323   Thumb Code     0  libshutdown2.o(.ARM.Collect$$libshutdown$$0000000B)
    __rt_entry                               0x00000325   Thumb Code     0  __rtentry.o(.ARM.Collect$$rtentry$$00000000)
    __rt_entry_presh_1                       0x00000325   Thumb Code     0  __rtentry2.o(.ARM.Collect$$rtentry$$00000002)
    __rt_entry_sh                            0x00000325   Thumb Code     0  __rtentry4.o(.ARM.Collect$$rtentry$$00000004)
    __rt_entry_li                            0x0000032b   Thumb Code     0  __rtentry2.o(.ARM.Collect$$rtentry$$0000000A)
    __rt_entry_postsh_1                      0x0000032b   Thumb Code     0  __rtentry2.o(.ARM.Collect$$rtentry$$00000009)
    __rt_entry_main                          0x0000032f   Thumb Code     0  __rtentry2.o(.ARM.Collect$$rtentry$$0000000D)
    __rt_entry_postli_1                      0x0000032f   Thumb Code     0  __rtentry2.o(.ARM.Collect$$rtentry$$0000000C)
    __rt_exit                                0x00000337   Thumb Code     0  rtexit.o(.ARM.Collect$$rtexit$$00000000)
    __rt_exit_ls                             0x00000339   Thumb Code     0  rtexit2.o(.ARM.Collect$$rtexit$$00000003)
    __rt_exit_prels_1                        0x00000339   Thumb Code     0  rtexit2.o(.ARM.Collect$$rtexit$$00000002)
    __rt_exit_exit                           0x0000033d   Thumb Code     0  rtexit2.o(.ARM.Collect$$rtexit$$00000004)
    waveformDisplay                          0x00000345   Thumb Code   642  main.o(.text)
    regularCalculation                       0x000005c7   Thumb Code   912  main.o(.text)
    mainMenu                                 0x00000957   Thumb Code   176  main.o(.text)
    main                                     0x00000a07   Thumb Code   100  main.o(.text)
    enableRow                                0x00000ad5   Thumb Code    34  keypad_driver.o(.text)
    readKeypad                               0x00000af7   Thumb Code    48  keypad_driver.o(.text)
    decodeKeyPress                           0x00000b27   Thumb Code   132  keypad_driver.o(.text)
    readKey                                  0x00000bab   Thumb Code   274  keypad_driver.o(.text)
    keypadInit                               0x00000cbd   Thumb Code   228  keypad_driver.o(.text)
    GPIOB_Handler                            0x00000da1   Thumb Code    24  keypad_driver.o(.text)
    keypadFlip                               0x00000db9   Thumb Code   124  keypad_driver.o(.text)
    WaitForKey                               0x00000e35   Thumb Code    24  keypad_driver.o(.text)
    WaitForKeySoft                           0x00000e4d   Thumb Code    16  keypad_driver.o(.text)
    enableColumn                             0x00000e5d   Thumb Code    36  keypad_driver.o(.text)
    lcdENPulse                               0x00000ea9   Thumb Code    34  lcd_driver.o(.text)
    lcdWriteData                             0x00000ecb   Thumb Code    46  lcd_driver.o(.text)
    lcdWriteCommand                          0x00000ef9   Thumb Code    52  lcd_driver.o(.text)
    lcdGoto                                  0x00000f2d   Thumb Code    32  lcd_driver.o(.text)
    setCGRAMaddr                             0x00000f4d   Thumb Code    16  lcd_driver.o(.text)
    initFrame                                0x00000f5d   Thumb Code   306  lcd_driver.o(.text)
    clearWaveformSetting                     0x0000108f   Thumb Code   100  lcd_driver.o(.text)
    updateFrame                              0x000010f3   Thumb Code   218  lcd_driver.o(.text)
    portInit                                 0x000011cd   Thumb Code   450  lcd_driver.o(.text)
    lcdInit                                  0x0000138f   Thumb Code    82  lcd_driver.o(.text)
    lcdWriteRamString                        0x000013e1   Thumb Code    22  lcd_driver.o(.text)
    lcdClearScreen                           0x000013f7   Thumb Code    10  lcd_driver.o(.text)
    findWave                                 0x0000141d   Thumb Code   300  graphics.o(.text)
    initSinFlat                              0x00001549   Thumb Code    20  graphics.o(.text)
    buildSinFlat                             0x0000155d   Thumb Code    62  graphics.o(.text)
    clearSin2D                               0x0000159b   Thumb Code    36  graphics.o(.text)
    calculateSin2D                           0x000015bf   Thumb Code    88  graphics.o(.text)
    getSinwave                               0x00001617   Thumb Code    78  graphics.o(.text)
    PLL_Init                                 0x00001691   Thumb Code   108  pll.o(.text)
    SysTick_Init                             0x000016fd   Thumb Code    60  pll.o(.text)
    SysTick_Wait_us                          0x00001739   Thumb Code    34  pll.o(.text)
    SysTick_Wait_ms                          0x0000175b   Thumb Code    34  pll.o(.text)
    evaluate1                                0x00001789   Thumb Code  1078  evaluate_expression.o(.text)
    evaluate2                                0x00001bbf   Thumb Code   318  evaluate_expression.o(.text)
    get_constant_value                       0x00001cfd   Thumb Code    26  evaluate_expression.o(.text)
    is_constant                              0x00001d17   Thumb Code    20  evaluate_expression.o(.text)
    is_operator                              0x00001d2b   Thumb Code   118  evaluate_expression.o(.text)
    get_operator_for_a_function              0x00001da1   Thumb Code   134  evaluate_expression.o(.text)
    is_number                                0x00001e27   Thumb Code    22  evaluate_expression.o(.text)
    is_letter                                0x00001e3d   Thumb Code    18  evaluate_expression.o(.text)
    operator_priority                        0x00001e4f   Thumb Code   126  evaluate_expression.o(.text)
    operator_args                            0x00001ecd   Thumb Code   118  evaluate_expression.o(.text)
    shunting_yard                            0x00001f43   Thumb Code   226  evaluate_expression.o(.text)
    process_input                            0x00002025   Thumb Code   566  evaluate_expression.o(.text)
    calculate                                0x0000225b   Thumb Code   208  evaluate_expression.o(.text)
    speakerInit                              0x00002339   Thumb Code    58  speaker.o(.text)
    beepANS                                  0x00002373   Thumb Code    66  speaker.o(.text)
    beepINS                                  0x000023b5   Thumb Code    70  speaker.o(.text)
    Reset_Handler                            0x0000240d   Thumb Code     8  startup_tm4c123.o(.text)
    NMI_Handler                              0x00002415   Thumb Code     2  startup_tm4c123.o(.text)
    HardFault_Handler                        0x00002417   Thumb Code     2  startup_tm4c123.o(.text)
    MemManage_Handler                        0x00002419   Thumb Code     2  startup_tm4c123.o(.text)
    BusFault_Handler                         0x0000241b   Thumb Code     2  startup_tm4c123.o(.text)
    UsageFault_Handler                       0x0000241d   Thumb Code     2  startup_tm4c123.o(.text)
    SVC_Handler                              0x0000241f   Thumb Code     2  startup_tm4c123.o(.text)
    DebugMon_Handler                         0x00002421   Thumb Code     2  startup_tm4c123.o(.text)
    PendSV_Handler                           0x00002423   Thumb Code     2  startup_tm4c123.o(.text)
    SysTick_Handler                          0x00002425   Thumb Code     2  startup_tm4c123.o(.text)
    GPIOA_Handler                            0x00002427   Thumb Code     2  startup_tm4c123.o(.text)
    GPIOC_Handler                            0x0000242b   Thumb Code     2  startup_tm4c123.o(.text)
    GPIOD_Handler                            0x0000242d   Thumb Code     2  startup_tm4c123.o(.text)
    GPIOE_Handler                            0x0000242f   Thumb Code     2  startup_tm4c123.o(.text)
    UART0_Handler                            0x00002431   Thumb Code     2  startup_tm4c123.o(.text)
    UART1_Handler                            0x00002433   Thumb Code     2  startup_tm4c123.o(.text)
    SSI0_Handler                             0x00002435   Thumb Code     2  startup_tm4c123.o(.text)
    I2C0_Handler                             0x00002437   Thumb Code     2  startup_tm4c123.o(.text)
    PMW0_FAULT_Handler                       0x00002439   Thumb Code     2  startup_tm4c123.o(.text)
    PWM0_0_Handler                           0x0000243b   Thumb Code     2  startup_tm4c123.o(.text)
    PWM0_1_Handler                           0x0000243d   Thumb Code     2  startup_tm4c123.o(.text)
    PWM0_2_Handler                           0x0000243f   Thumb Code     2  startup_tm4c123.o(.text)
    QEI0_Handler                             0x00002441   Thumb Code     2  startup_tm4c123.o(.text)
    ADC0SS0_Handler                          0x00002443   Thumb Code     2  startup_tm4c123.o(.text)
    ADC0SS1_Handler                          0x00002445   Thumb Code     2  startup_tm4c123.o(.text)
    ADC0SS2_Handler                          0x00002447   Thumb Code     2  startup_tm4c123.o(.text)
    ADC0SS3_Handler                          0x00002449   Thumb Code     2  startup_tm4c123.o(.text)
    WDT0_Handler                             0x0000244b   Thumb Code     2  startup_tm4c123.o(.text)
    TIMER0A_Handler                          0x0000244d   Thumb Code     2  startup_tm4c123.o(.text)
    TIMER0B_Handler                          0x0000244f   Thumb Code     2  startup_tm4c123.o(.text)
    TIMER1A_Handler                          0x00002451   Thumb Code     2  startup_tm4c123.o(.text)
    TIMER1B_Handler                          0x00002453   Thumb Code     2  startup_tm4c123.o(.text)
    TIMER2A_Handler                          0x00002455   Thumb Code     2  startup_tm4c123.o(.text)
    TIMER2B_Handler                          0x00002457   Thumb Code     2  startup_tm4c123.o(.text)
    COMP0_Handler                            0x00002459   Thumb Code     2  startup_tm4c123.o(.text)
    COMP1_Handler                            0x0000245b   Thumb Code     2  startup_tm4c123.o(.text)
    COMP2_Handler                            0x0000245d   Thumb Code     2  startup_tm4c123.o(.text)
    SYSCTL_Handler                           0x0000245f   Thumb Code     2  startup_tm4c123.o(.text)
    FLASH_Handler                            0x00002461   Thumb Code     2  startup_tm4c123.o(.text)
    GPIOF_Handler                            0x00002463   Thumb Code     2  startup_tm4c123.o(.text)
    GPIOG_Handler                            0x00002465   Thumb Code     2  startup_tm4c123.o(.text)
    GPIOH_Handler                            0x00002467   Thumb Code     2  startup_tm4c123.o(.text)
    UART2_Handler                            0x00002469   Thumb Code     2  startup_tm4c123.o(.text)
    SSI1_Handler                             0x0000246b   Thumb Code     2  startup_tm4c123.o(.text)
    TIMER3A_Handler                          0x0000246d   Thumb Code     2  startup_tm4c123.o(.text)
    TIMER3B_Handler                          0x0000246f   Thumb Code     2  startup_tm4c123.o(.text)
    I2C1_Handler                             0x00002471   Thumb Code     2  startup_tm4c123.o(.text)
    QEI1_Handler                             0x00002473   Thumb Code     2  startup_tm4c123.o(.text)
    CAN0_Handler                             0x00002475   Thumb Code     2  startup_tm4c123.o(.text)
    CAN1_Handler                             0x00002477   Thumb Code     2  startup_tm4c123.o(.text)
    CAN2_Handler                             0x00002479   Thumb Code     2  startup_tm4c123.o(.text)
    HIB_Handler                              0x0000247b   Thumb Code     2  startup_tm4c123.o(.text)
    USB0_Handler                             0x0000247d   Thumb Code     2  startup_tm4c123.o(.text)
    PWM0_3_Handler                           0x0000247f   Thumb Code     2  startup_tm4c123.o(.text)
    UDMA_Handler                             0x00002481   Thumb Code     2  startup_tm4c123.o(.text)
    UDMAERR_Handler                          0x00002483   Thumb Code     2  startup_tm4c123.o(.text)
    ADC1SS0_Handler                          0x00002485   Thumb Code     2  startup_tm4c123.o(.text)
    ADC1SS1_Handler                          0x00002487   Thumb Code     2  startup_tm4c123.o(.text)
    ADC1SS2_Handler                          0x00002489   Thumb Code     2  startup_tm4c123.o(.text)
    ADC1SS3_Handler                          0x0000248b   Thumb Code     2  startup_tm4c123.o(.text)
    GPIOJ_Handler                            0x0000248d   Thumb Code     2  startup_tm4c123.o(.text)
    GPIOK_Handler                            0x0000248f   Thumb Code     2  startup_tm4c123.o(.text)
    GPIOL_Handler                            0x00002491   Thumb Code     2  startup_tm4c123.o(.text)
    SSI2_Handler                             0x00002493   Thumb Code     2  startup_tm4c123.o(.text)
    SSI3_Handler                             0x00002495   Thumb Code     2  startup_tm4c123.o(.text)
    UART3_Handler                            0x00002497   Thumb Code     2  startup_tm4c123.o(.text)
    UART4_Handler                            0x00002499   Thumb Code     2  startup_tm4c123.o(.text)
    UART5_Handler                            0x0000249b   Thumb Code     2  startup_tm4c123.o(.text)
    UART6_Handler                            0x0000249d   Thumb Code     2  startup_tm4c123.o(.text)
    UART7_Handler                            0x0000249f   Thumb Code     2  startup_tm4c123.o(.text)
    I2C2_Handler                             0x000024a1   Thumb Code     2  startup_tm4c123.o(.text)
    I2C3_Handler                             0x000024a3   Thumb Code     2  startup_tm4c123.o(.text)
    TIMER4A_Handler                          0x000024a5   Thumb Code     2  startup_tm4c123.o(.text)
    TIMER4B_Handler                          0x000024a7   Thumb Code     2  startup_tm4c123.o(.text)
    TIMER5A_Handler                          0x000024a9   Thumb Code     2  startup_tm4c123.o(.text)
    TIMER5B_Handler                          0x000024ab   Thumb Code     2  startup_tm4c123.o(.text)
    WTIMER0A_Handler                         0x000024ad   Thumb Code     2  startup_tm4c123.o(.text)
    WTIMER0B_Handler                         0x000024af   Thumb Code     2  startup_tm4c123.o(.text)
    WTIMER1A_Handler                         0x000024b1   Thumb Code     2  startup_tm4c123.o(.text)
    WTIMER1B_Handler                         0x000024b3   Thumb Code     2  startup_tm4c123.o(.text)
    WTIMER2A_Handler                         0x000024b5   Thumb Code     2  startup_tm4c123.o(.text)
    WTIMER2B_Handler                         0x000024b7   Thumb Code     2  startup_tm4c123.o(.text)
    WTIMER3A_Handler                         0x000024b9   Thumb Code     2  startup_tm4c123.o(.text)
    WTIMER3B_Handler                         0x000024bb   Thumb Code     2  startup_tm4c123.o(.text)
    WTIMER4A_Handler                         0x000024bd   Thumb Code     2  startup_tm4c123.o(.text)
    WTIMER4B_Handler                         0x000024bf   Thumb Code     2  startup_tm4c123.o(.text)
    WTIMER5A_Handler                         0x000024c1   Thumb Code     2  startup_tm4c123.o(.text)
    WTIMER5B_Handler                         0x000024c3   Thumb Code     2  startup_tm4c123.o(.text)
    FPU_Handler                              0x000024c5   Thumb Code     2  startup_tm4c123.o(.text)
    I2C4_Handler                             0x000024c7   Thumb Code     2  startup_tm4c123.o(.text)
    I2C5_Handler                             0x000024c9   Thumb Code     2  startup_tm4c123.o(.text)
    GPIOM_Handler                            0x000024cb   Thumb Code     2  startup_tm4c123.o(.text)
    GPION_Handler                            0x000024cd   Thumb Code     2  startup_tm4c123.o(.text)
    QEI2_Handler                             0x000024cf   Thumb Code     2  startup_tm4c123.o(.text)
    GPIOP0_Handler                           0x000024d1   Thumb Code     2  startup_tm4c123.o(.text)
    GPIOP1_Handler                           0x000024d3   Thumb Code     2  startup_tm4c123.o(.text)
    GPIOP2_Handler                           0x000024d5   Thumb Code     2  startup_tm4c123.o(.text)
    GPIOP3_Handler                           0x000024d7   Thumb Code     2  startup_tm4c123.o(.text)
    GPIOP4_Handler                           0x000024d9   Thumb Code     2  startup_tm4c123.o(.text)
    GPIOP5_Handler                           0x000024db   Thumb Code     2  startup_tm4c123.o(.text)
    GPIOP6_Handler                           0x000024dd   Thumb Code     2  startup_tm4c123.o(.text)
    GPIOP7_Handler                           0x000024df   Thumb Code     2  startup_tm4c123.o(.text)
    GPIOQ0_Handler                           0x000024e1   Thumb Code     2  startup_tm4c123.o(.text)
    GPIOQ1_Handler                           0x000024e3   Thumb Code     2  startup_tm4c123.o(.text)
    GPIOQ2_Handler                           0x000024e5   Thumb Code     2  startup_tm4c123.o(.text)
    GPIOQ3_Handler                           0x000024e7   Thumb Code     2  startup_tm4c123.o(.text)
    GPIOQ4_Handler                           0x000024e9   Thumb Code     2  startup_tm4c123.o(.text)
    GPIOQ5_Handler                           0x000024eb   Thumb Code     2  startup_tm4c123.o(.text)
    GPIOQ6_Handler                           0x000024ed   Thumb Code     2  startup_tm4c123.o(.text)
    GPIOQ7_Handler                           0x000024ef   Thumb Code     2  startup_tm4c123.o(.text)
    GPIOR_Handler                            0x000024f1   Thumb Code     2  startup_tm4c123.o(.text)
    GPIOS_Handler                            0x000024f3   Thumb Code     2  startup_tm4c123.o(.text)
    PMW1_0_Handler                           0x000024f5   Thumb Code     2  startup_tm4c123.o(.text)
    PWM1_1_Handler                           0x000024f7   Thumb Code     2  startup_tm4c123.o(.text)
    PWM1_2_Handler                           0x000024f9   Thumb Code     2  startup_tm4c123.o(.text)
    PWM1_3_Handler                           0x000024fb   Thumb Code     2  startup_tm4c123.o(.text)
    PWM1_FAULT_Handler                       0x000024fd   Thumb Code     2  startup_tm4c123.o(.text)
    __user_initial_stackheap                 0x00002501   Thumb Code     0  startup_tm4c123.o(.text)
    SystemCoreClockUpdate                    0x000025d7   Thumb Code   184  system_tm4c123.o(.text)
    SystemInit                               0x0000268f   Thumb Code   112  system_tm4c123.o(.text)
    __2sprintf                               0x00002771   Thumb Code    34  noretval__2sprintf.o(.text)
    _printf_pre_padding                      0x00002799   Thumb Code    44  _printf_pad.o(.text)
    _printf_post_padding                     0x000027c5   Thumb Code    34  _printf_pad.o(.text)
    _printf_str                              0x000027e7   Thumb Code    82  _printf_str.o(.text)
    _printf_int_dec                          0x00002839   Thumb Code   104  _printf_dec.o(.text)
    __printf                                 0x000028b1   Thumb Code   308  __printf_flags_wp.o(.text)
    atoi                                     0x000029e9   Thumb Code    26  atoi.o(.text)
    strcat                                   0x00002a03   Thumb Code    24  strcat.o(.text)
    __aeabi_memclr4                          0x00002a1b   Thumb Code     0  rt_memclr_w.o(.text)
    __aeabi_memclr8                          0x00002a1b   Thumb Code     0  rt_memclr_w.o(.text)
    __rt_memclr_w                            0x00002a1b   Thumb Code    78  rt_memclr_w.o(.text)
    _memset_w                                0x00002a1f   Thumb Code     0  rt_memclr_w.o(.text)
    strcmp                                   0x00002a69   Thumb Code   128  strcmpv7m.o(.text)
    __use_two_region_memory                  0x00002ae9   Thumb Code     2  heapauxi.o(.text)
    __rt_heap_escrow$2region                 0x00002aeb   Thumb Code     2  heapauxi.o(.text)
    __rt_heap_expand$2region                 0x00002aed   Thumb Code     2  heapauxi.o(.text)
    __aeabi_errno_addr                       0x00002af1   Thumb Code     8  rt_errno_addr_intlibspace.o(.text)
    __errno$intlibspace                      0x00002af1   Thumb Code     0  rt_errno_addr_intlibspace.o(.text)
    __rt_errno_addr$intlibspace              0x00002af1   Thumb Code     0  rt_errno_addr_intlibspace.o(.text)
    __read_errno                             0x00002af9   Thumb Code    10  _rserrno.o(.text)
    __set_errno                              0x00002b03   Thumb Code    12  _rserrno.o(.text)
    _printf_int_common                       0x00002b0f   Thumb Code   178  _printf_intcommon.o(.text)
    __lib_sel_fp_printf                      0x00002bc1   Thumb Code     2  _printf_fp_dec.o(.text)
    _printf_fp_dec_real                      0x00002d6f   Thumb Code   620  _printf_fp_dec.o(.text)
    _printf_char_common                      0x00002fe7   Thumb Code    32  _printf_char_common.o(.text)
    _sputc                                   0x0000300d   Thumb Code    10  _sputc.o(.text)
    _printf_cs_common                        0x00003017   Thumb Code    20  _printf_char.o(.text)
    _printf_char                             0x0000302b   Thumb Code    16  _printf_char.o(.text)
    _printf_string                           0x0000303b   Thumb Code     8  _printf_char.o(.text)
    __strtod_int                             0x00003081   Thumb Code    88  strtod.o(.text)
    strtol                                   0x000030e5   Thumb Code   112  strtol.o(.text)
    __user_libspace                          0x00003155   Thumb Code     8  libspace.o(.text)
    __user_perproc_libspace                  0x00003155   Thumb Code     0  libspace.o(.text)
    __user_perthread_libspace                0x00003155   Thumb Code     0  libspace.o(.text)
    __rt_ctype_table                         0x0000315d   Thumb Code    16  rt_ctype_table.o(.text)
    __rt_locale                              0x0000316d   Thumb Code     8  rt_locale_intlibspace.o(.text)
    _ll_udiv10                               0x00003175   Thumb Code   138  lludiv10.o(.text)
    isspace                                  0x000031ff   Thumb Code    18  isspace.o(.text)
    _printf_fp_infnan                        0x00003211   Thumb Code   112  _printf_fp_infnan.o(.text)
    _sgetc                                   0x00003291   Thumb Code    30  _sgetc.o(.text)
    _sbackspace                              0x000032af   Thumb Code    34  _sgetc.o(.text)
    _strtoul                                 0x000032d1   Thumb Code   158  _strtoul.o(.text)
    _btod_etento                             0x00003371   Thumb Code   216  bigflt0.o(.text)
    __user_setup_stackheap                   0x0000344d   Thumb Code    74  sys_stackheap_outer.o(.text)
    _chval                                   0x00003497   Thumb Code    28  _chval.o(.text)
    _scanf_really_real                       0x000036b1   Thumb Code   668  scanf_fp.o(.text)
    exit                                     0x00003959   Thumb Code    12  exit.o(.text)
    _scanf_really_hex_real                   0x00003965   Thumb Code   778  scanf_hexfp.o(.text)
    _scanf_really_infnan                     0x00003c7d   Thumb Code   292  scanf_infnan.o(.text)
    _sys_exit                                0x00003db1   Thumb Code     8  sys_exit.o(.text)
    __aeabi_llsl                             0x00003dbd   Thumb Code     0  llshl.o(.text)
    _ll_shift_l                              0x00003dbd   Thumb Code    38  llshl.o(.text)
    __I$use$semihosting                      0x00003de3   Thumb Code     0  use_no_semi.o(.text)
    __use_no_semihosting_swi                 0x00003de3   Thumb Code     2  use_no_semi.o(.text)
    __semihosting_library_function           0x00003de5   Thumb Code     0  indicate_semi.o(.text)
    _btod_d2e                                0x00003de5   Thumb Code    62  btod.o(CL$$btod_d2e)
    _d2e_denorm_low                          0x00003e23   Thumb Code    70  btod.o(CL$$btod_d2e_denorm_low)
    _d2e_norm_op1                            0x00003e69   Thumb Code    96  btod.o(CL$$btod_d2e_norm_op1)
    __btod_div_common                        0x00003ec9   Thumb Code   696  btod.o(CL$$btod_div_common)
    _e2d                                     0x00004201   Thumb Code    80  btod.o(CL$$btod_e2d)
    _e2e                                     0x00004255   Thumb Code   198  btod.o(CL$$btod_e2e)
    _btod_ediv                               0x0000431b   Thumb Code    40  btod.o(CL$$btod_ediv)
    _btod_edivd                              0x00004343   Thumb Code    40  btod.o(CL$$btod_edivd)
    _btod_emul                               0x0000436b   Thumb Code    40  btod.o(CL$$btod_emul)
    _btod_emuld                              0x00004393   Thumb Code    40  btod.o(CL$$btod_emuld)
    __btod_mult_common                       0x000043bb   Thumb Code   580  btod.o(CL$$btod_mult_common)
    __ARM_fpclassify                         0x000045ff   Thumb Code    48  fpclassify.o(i.__ARM_fpclassify)
    __hardfp_acos                            0x00004631   Thumb Code   738  acos.o(i.__hardfp_acos)
    __hardfp_asin                            0x00004989   Thumb Code   770  asin.o(i.__hardfp_asin)
    __hardfp_atan                            0x00004ce9   Thumb Code   622  atan.o(i.__hardfp_atan)
    __hardfp_atof                            0x00004fc1   Thumb Code    44  atof.o(i.__hardfp_atof)
    __hardfp_cos                             0x00004ff9   Thumb Code   180  cos.o(i.__hardfp_cos)
    __hardfp_ldexp                           0x000050c1   Thumb Code   200  ldexp.o(i.__hardfp_ldexp)
    __hardfp_log                             0x00005191   Thumb Code   872  log.o(i.__hardfp_log)
    __hardfp_log10                           0x00005559   Thumb Code   260  log10.o(i.__hardfp_log10)
    __hardfp_pow                             0x00005689   Thumb Code  3044  pow.o(i.__hardfp_pow)
    __hardfp_sin                             0x000062c1   Thumb Code   180  sin.o(i.__hardfp_sin)
    __hardfp_sqrt                            0x00006389   Thumb Code   122  sqrt.o(i.__hardfp_sqrt)
    __hardfp_tan                             0x00006409   Thumb Code   108  tan.o(i.__hardfp_tan)
    __ieee754_rem_pio2                       0x00006489   Thumb Code   938  rred.o(i.__ieee754_rem_pio2)
    __kernel_cos                             0x000068c1   Thumb Code   322  cos_i.o(i.__kernel_cos)
    __kernel_poly                            0x00006a31   Thumb Code   248  poly.o(i.__kernel_poly)
    __kernel_sin                             0x00006b29   Thumb Code   280  sin_i.o(i.__kernel_sin)
    __kernel_tan                             0x00006c59   Thumb Code   764  tan_i.o(i.__kernel_tan)
    __mathlib_dbl_divzero                    0x00006fa9   Thumb Code    28  dunder.o(i.__mathlib_dbl_divzero)
    __mathlib_dbl_infnan                     0x00006fd9   Thumb Code    20  dunder.o(i.__mathlib_dbl_infnan)
    __mathlib_dbl_infnan2                    0x00006fed   Thumb Code    20  dunder.o(i.__mathlib_dbl_infnan2)
    __mathlib_dbl_invalid                    0x00007001   Thumb Code    24  dunder.o(i.__mathlib_dbl_invalid)
    __mathlib_dbl_overflow                   0x00007021   Thumb Code    24  dunder.o(i.__mathlib_dbl_overflow)
    __mathlib_dbl_underflow                  0x00007041   Thumb Code    24  dunder.o(i.__mathlib_dbl_underflow)
    __mathlib_narrow                         0x00007061   Thumb Code   166  narrow.o(i.__mathlib_narrow)
    __support_ldexp                          0x00007119   Thumb Code    20  ldexp.o(i.__support_ldexp)
    _is_digit                                0x0000712d   Thumb Code    14  __printf_wp.o(i._is_digit)
    fabs                                     0x0000713b   Thumb Code    24  fabs.o(i.fabs)
    frexp                                    0x00007159   Thumb Code   118  frexp.o(i.frexp)
    log                                      0x000071e5   Thumb Code    16  log.o(i.log)
    sqrt                                     0x000071f5   Thumb Code   110  sqrt.o(i.sqrt)
    _get_lc_numeric                          0x00007265   Thumb Code    44  lc_numeric_c.o(locale$$code)
    _get_lc_ctype                            0x00007291   Thumb Code    44  lc_ctype_c.o(locale$$code)
    __aeabi_dneg                             0x000072bd   Thumb Code     0  basic.o(x$fpl$basic)
    _dneg                                    0x000072bd   Thumb Code     6  basic.o(x$fpl$basic)
    __aeabi_fneg                             0x000072c3   Thumb Code     0  basic.o(x$fpl$basic)
    _fneg                                    0x000072c3   Thumb Code     6  basic.o(x$fpl$basic)
    _dabs                                    0x000072c9   Thumb Code     6  basic.o(x$fpl$basic)
    _fabs                                    0x000072cf   Thumb Code     6  basic.o(x$fpl$basic)
    __aeabi_d2f                              0x000072d5   Thumb Code     0  d2f.o(x$fpl$d2f)
    _d2f                                     0x000072d5   Thumb Code    98  d2f.o(x$fpl$d2f)
    __aeabi_dadd                             0x00007339   Thumb Code     0  daddsub_clz.o(x$fpl$dadd)
    _dadd                                    0x00007339   Thumb Code   332  daddsub_clz.o(x$fpl$dadd)
    __fpl_dcheck_NaN1                        0x00007489   Thumb Code    10  dcheck1.o(x$fpl$dcheck1)
    __fpl_dcmp_Inf                           0x00007499   Thumb Code    24  dcmpi.o(x$fpl$dcmpinf)
    __aeabi_ddiv                             0x000074b1   Thumb Code     0  ddiv.o(x$fpl$ddiv)
    _ddiv                                    0x000074b1   Thumb Code   552  ddiv.o(x$fpl$ddiv)
    __aeabi_cdcmpeq                          0x00007761   Thumb Code     0  deqf.o(x$fpl$deqf)
    _dcmpeq                                  0x00007761   Thumb Code   120  deqf.o(x$fpl$deqf)
    __aeabi_d2iz                             0x000077d9   Thumb Code     0  dfix.o(x$fpl$dfix)
    _dfix                                    0x000077d9   Thumb Code    94  dfix.o(x$fpl$dfix)
    __aeabi_i2d                              0x00007837   Thumb Code     0  dflt_clz.o(x$fpl$dflt)
    _dflt                                    0x00007837   Thumb Code    46  dflt_clz.o(x$fpl$dflt)
    __aeabi_ui2d                             0x00007865   Thumb Code     0  dflt_clz.o(x$fpl$dfltu)
    _dfltu                                   0x00007865   Thumb Code    38  dflt_clz.o(x$fpl$dfltu)
    __aeabi_cdcmple                          0x0000788d   Thumb Code     0  dleqf.o(x$fpl$dleqf)
    _dcmple                                  0x0000788d   Thumb Code   120  dleqf.o(x$fpl$dleqf)
    __fpl_dcmple_InfNaN                      0x000078ef   Thumb Code     0  dleqf.o(x$fpl$dleqf)
    __aeabi_dmul                             0x00007905   Thumb Code     0  dmul.o(x$fpl$dmul)
    _dmul                                    0x00007905   Thumb Code   332  dmul.o(x$fpl$dmul)
    __fpl_dnaninf                            0x00007a59   Thumb Code   156  dnaninf.o(x$fpl$dnaninf)
    __fpl_dretinf                            0x00007af5   Thumb Code    12  dretinf.o(x$fpl$dretinf)
    __aeabi_cdrcmple                         0x00007b01   Thumb Code     0  drleqf.o(x$fpl$drleqf)
    _drcmple                                 0x00007b01   Thumb Code   108  drleqf.o(x$fpl$drleqf)
    __aeabi_drsub                            0x00007b6d   Thumb Code     0  daddsub_clz.o(x$fpl$drsb)
    _drsb                                    0x00007b6d   Thumb Code    22  daddsub_clz.o(x$fpl$drsb)
    _dsqrt                                   0x00007b85   Thumb Code   404  dsqrt_umaal.o(x$fpl$dsqrt)
    __aeabi_dsub                             0x00007d1d   Thumb Code     0  daddsub_clz.o(x$fpl$dsub)
    _dsub                                    0x00007d1d   Thumb Code   464  daddsub_clz.o(x$fpl$dsub)
    __aeabi_f2d                              0x00007ef1   Thumb Code     0  f2d.o(x$fpl$f2d)
    _f2d                                     0x00007ef1   Thumb Code    86  f2d.o(x$fpl$f2d)
    __fpl_fnaninf                            0x00007f47   Thumb Code   140  fnaninf.o(x$fpl$fnaninf)
    _fp_init                                 0x00007fd3   Thumb Code    10  fpinit.o(x$fpl$fpinit)
    __fplib_config_fpu_vfp                   0x00007fdb   Thumb Code     0  fpinit.o(x$fpl$fpinit)
    __fplib_config_pureend_doubles           0x00007fdb   Thumb Code     0  fpinit.o(x$fpl$fpinit)
    __fpl_fretinf                            0x00007fdd   Thumb Code    10  fretinf.o(x$fpl$fretinf)
    _printf_fp_dec                           0x00007fe7   Thumb Code     4  printf1.o(x$fpl$printf1)
    __fpl_return_NaN                         0x00007feb   Thumb Code   100  retnan.o(x$fpl$retnan)
    __ARM_scalbn                             0x0000804f   Thumb Code    92  scalbn.o(x$fpl$scalbn)
    _scanf_real                              0x000080ab   Thumb Code     4  scanf1.o(x$fpl$scanf1)
    _scanf_hex_real                          0x000080af   Thumb Code     4  scanf2.o(x$fpl$scanf2)
    _scanf_infnan                            0x000080b3   Thumb Code     4  scanf2.o(x$fpl$scanf2)
    __fpl_cmpreturn                          0x000080b7   Thumb Code    48  trapv.o(x$fpl$trapveneer)
    __I$use$fp                               0x000080e6   Number         0  usenofp.o(x$fpl$usenofp)
    __mathlib_zero                           0x00008320   Data           8  qnan.o(.constdata)
    Region$$Table$$Base                      0x0000850c   Number         0  anon$$obj.o(Region$$Table)
    Region$$Table$$Limit                     0x0000852c   Number         0  anon$$obj.o(Region$$Table)
    __aeabi_HUGE_VAL                         0x0000852c   Data           0  fpconst.o(c$$dinf)
    __aeabi_HUGE_VALL                        0x0000852c   Data           0  fpconst.o(c$$dinf)
    __aeabi_INFINITY                         0x0000852c   Data           0  fpconst.o(c$$dinf)
    __dInf                                   0x0000852c   Data           0  fpconst.o(c$$dinf)
    __huge_val                               0x0000852c   Data           0  fpconst.o(c$$dinf)
    __ctype                                  0x0000855d   Data           0  lc_ctype_c.o(locale$$data)
    key                                      0x20000000   Data           1  main.o(.data)
    state                                    0x20000001   Data           1  main.o(.data)
    raddeg                                   0x20000002   Data           1  main.o(.data)
    currentState                             0x20000003   Data           1  keypad_driver.o(.data)
    prevState                                0x20000004   Data           1  keypad_driver.o(.data)
    sineCastValue                            0x20000008   Data           4  graphics.o(.data)
    sin2DCastInt                             0x2000000c   Data           4  graphics.o(.data)
    SystemCoreClock                          0x20000010   Data           4  system_tm4c123.o(.data)
    gameGraphics                             0x20000014   Data          64  lcd_driver.o(.bss)
    sinData                                  0x20000054   Data          40  graphics.o(.bss)
    __libspace_start                         0x2000007c   Data          96  libspace.o(.bss)
    __temporary_stack_top$libspace           0x200000dc   Data           0  libspace.o(.bss)



==============================================================================

Memory Map of the image

  Image Entry point : 0x0000240d

  Load Region LR_1 (Base: 0x00000000, Size: 0x00008674, Max: 0xffffffff, ABSOLUTE)

    Execution Region ER_RO (Base: 0x00000000, Size: 0x00008660, Max: 0xffffffff, ABSOLUTE)

    Base Addr    Size         Type   Attr      Idx    E Section Name        Object

    0x00000000   0x0000026c   Data   RO          213    RESET               startup_tm4c123.o
    0x0000026c   0x00000008   Code   RO          307  * !!!main             c_w.l(__main.o)
    0x00000274   0x00000034   Code   RO          826    !!!scatter          c_w.l(__scatter.o)
    0x000002a8   0x0000001a   Code   RO          828    !!handler_copy      c_w.l(__scatter_copy.o)
    0x000002c2   0x00000002   PAD
    0x000002c4   0x0000001c   Code   RO          830    !!handler_zi        c_w.l(__scatter_zi.o)
    0x000002e0   0x00000000   Code   RO          296    .ARM.Collect$$_printf_percent$$00000000  c_w.l(_printf_percent.o)
    0x000002e0   0x00000006   Code   RO          294    .ARM.Collect$$_printf_percent$$00000003  c_w.l(_printf_f.o)
    0x000002e6   0x00000006   Code   RO          295    .ARM.Collect$$_printf_percent$$00000005  c_w.l(_printf_g.o)
    0x000002ec   0x00000006   Code   RO          293    .ARM.Collect$$_printf_percent$$00000009  c_w.l(_printf_d.o)
    0x000002f2   0x00000006   Code   RO          292    .ARM.Collect$$_printf_percent$$00000013  c_w.l(_printf_c.o)
    0x000002f8   0x00000004   Code   RO          487    .ARM.Collect$$_printf_percent$$00000017  c_w.l(_printf_percent_end.o)
    0x000002fc   0x00000002   Code   RO          651    .ARM.Collect$$libinit$$00000000  c_w.l(libinit.o)
    0x000002fe   0x00000004   Code   RO          652    .ARM.Collect$$libinit$$00000001  c_w.l(libinit2.o)
    0x00000302   0x00000000   Code   RO          655    .ARM.Collect$$libinit$$00000004  c_w.l(libinit2.o)
    0x00000302   0x00000000   Code   RO          658    .ARM.Collect$$libinit$$0000000A  c_w.l(libinit2.o)
    0x00000302   0x00000000   Code   RO          660    .ARM.Collect$$libinit$$0000000C  c_w.l(libinit2.o)
    0x00000302   0x00000000   Code   RO          662    .ARM.Collect$$libinit$$0000000E  c_w.l(libinit2.o)
    0x00000302   0x00000006   Code   RO          663    .ARM.Collect$$libinit$$0000000F  c_w.l(libinit2.o)
    0x00000308   0x00000000   Code   RO          665    .ARM.Collect$$libinit$$00000011  c_w.l(libinit2.o)
    0x00000308   0x0000000c   Code   RO          666    .ARM.Collect$$libinit$$00000012  c_w.l(libinit2.o)
    0x00000314   0x00000000   Code   RO          667    .ARM.Collect$$libinit$$00000013  c_w.l(libinit2.o)
    0x00000314   0x00000000   Code   RO          669    .ARM.Collect$$libinit$$00000015  c_w.l(libinit2.o)
    0x00000314   0x0000000a   Code   RO          670    .ARM.Collect$$libinit$$00000016  c_w.l(libinit2.o)
    0x0000031e   0x00000000   Code   RO          671    .ARM.Collect$$libinit$$00000017  c_w.l(libinit2.o)
    0x0000031e   0x00000000   Code   RO          673    .ARM.Collect$$libinit$$00000019  c_w.l(libinit2.o)
    0x0000031e   0x00000000   Code   RO          675    .ARM.Collect$$libinit$$0000001B  c_w.l(libinit2.o)
    0x0000031e   0x00000000   Code   RO          677    .ARM.Collect$$libinit$$0000001D  c_w.l(libinit2.o)
    0x0000031e   0x00000000   Code   RO          679    .ARM.Collect$$libinit$$0000001F  c_w.l(libinit2.o)
    0x0000031e   0x00000000   Code   RO          681    .ARM.Collect$$libinit$$00000021  c_w.l(libinit2.o)
    0x0000031e   0x00000000   Code   RO          683    .ARM.Collect$$libinit$$00000023  c_w.l(libinit2.o)
    0x0000031e   0x00000000   Code   RO          685    .ARM.Collect$$libinit$$00000025  c_w.l(libinit2.o)
    0x0000031e   0x00000000   Code   RO          689    .ARM.Collect$$libinit$$0000002C  c_w.l(libinit2.o)
    0x0000031e   0x00000000   Code   RO          691    .ARM.Collect$$libinit$$0000002E  c_w.l(libinit2.o)
    0x0000031e   0x00000000   Code   RO          693    .ARM.Collect$$libinit$$00000030  c_w.l(libinit2.o)
    0x0000031e   0x00000000   Code   RO          695    .ARM.Collect$$libinit$$00000032  c_w.l(libinit2.o)
    0x0000031e   0x00000002   Code   RO          696    .ARM.Collect$$libinit$$00000033  c_w.l(libinit2.o)
    0x00000320   0x00000002   Code   RO          759    .ARM.Collect$$libshutdown$$00000000  c_w.l(libshutdown.o)
    0x00000322   0x00000000   Code   RO          787    .ARM.Collect$$libshutdown$$00000003  c_w.l(libshutdown2.o)
    0x00000322   0x00000000   Code   RO          790    .ARM.Collect$$libshutdown$$00000006  c_w.l(libshutdown2.o)
    0x00000322   0x00000000   Code   RO          793    .ARM.Collect$$libshutdown$$00000009  c_w.l(libshutdown2.o)
    0x00000322   0x00000000   Code   RO          795    .ARM.Collect$$libshutdown$$0000000B  c_w.l(libshutdown2.o)
    0x00000322   0x00000000   Code   RO          798    .ARM.Collect$$libshutdown$$0000000E  c_w.l(libshutdown2.o)
    0x00000322   0x00000002   Code   RO          799    .ARM.Collect$$libshutdown$$0000000F  c_w.l(libshutdown2.o)
    0x00000324   0x00000000   Code   RO          469    .ARM.Collect$$rtentry$$00000000  c_w.l(__rtentry.o)
    0x00000324   0x00000000   Code   RO          562    .ARM.Collect$$rtentry$$00000002  c_w.l(__rtentry2.o)
    0x00000324   0x00000006   Code   RO          574    .ARM.Collect$$rtentry$$00000004  c_w.l(__rtentry4.o)
    0x0000032a   0x00000000   Code   RO          564    .ARM.Collect$$rtentry$$00000009  c_w.l(__rtentry2.o)
    0x0000032a   0x00000004   Code   RO          565    .ARM.Collect$$rtentry$$0000000A  c_w.l(__rtentry2.o)
    0x0000032e   0x00000000   Code   RO          567    .ARM.Collect$$rtentry$$0000000C  c_w.l(__rtentry2.o)
    0x0000032e   0x00000008   Code   RO          568    .ARM.Collect$$rtentry$$0000000D  c_w.l(__rtentry2.o)
    0x00000336   0x00000002   Code   RO          699    .ARM.Collect$$rtexit$$00000000  c_w.l(rtexit.o)
    0x00000338   0x00000000   Code   RO          725    .ARM.Collect$$rtexit$$00000002  c_w.l(rtexit2.o)
    0x00000338   0x00000004   Code   RO          726    .ARM.Collect$$rtexit$$00000003  c_w.l(rtexit2.o)
    0x0000033c   0x00000006   Code   RO          727    .ARM.Collect$$rtexit$$00000004  c_w.l(rtexit2.o)
    0x00000342   0x00000002   PAD
    0x00000344   0x00000790   Code   RO            4    .text               main.o
    0x00000ad4   0x000003d4   Code   RO           83    .text               keypad_driver.o
    0x00000ea8   0x00000574   Code   RO          118    .text               lcd_driver.o
    0x0000141c   0x00000274   Code   RO          133    .text               graphics.o
    0x00001690   0x000000f8   Code   RO          152    .text               pll.o
    0x00001788   0x00000bb0   Code   RO          177    .text               evaluate_expression.o
    0x00002338   0x000000d4   Code   RO          199    .text               speaker.o
    0x0000240c   0x00000114   Code   RO          214  * .text               startup_tm4c123.o
    0x00002520   0x00000250   Code   RO          221    .text               system_tm4c123.o
    0x00002770   0x00000028   Code   RO          262    .text               c_w.l(noretval__2sprintf.o)
    0x00002798   0x0000004e   Code   RO          266    .text               c_w.l(_printf_pad.o)
    0x000027e6   0x00000052   Code   RO          268    .text               c_w.l(_printf_str.o)
    0x00002838   0x00000078   Code   RO          270    .text               c_w.l(_printf_dec.o)
    0x000028b0   0x00000138   Code   RO          284    .text               c_w.l(__printf_flags_wp.o)
    0x000029e8   0x0000001a   Code   RO          297    .text               c_w.l(atoi.o)
    0x00002a02   0x00000018   Code   RO          299    .text               c_w.l(strcat.o)
    0x00002a1a   0x0000004e   Code   RO          301    .text               c_w.l(rt_memclr_w.o)
    0x00002a68   0x00000080   Code   RO          303    .text               c_w.l(strcmpv7m.o)
    0x00002ae8   0x00000006   Code   RO          305    .text               c_w.l(heapauxi.o)
    0x00002aee   0x00000002   PAD
    0x00002af0   0x00000008   Code   RO          473    .text               c_w.l(rt_errno_addr_intlibspace.o)
    0x00002af8   0x00000016   Code   RO          475    .text               c_w.l(_rserrno.o)
    0x00002b0e   0x000000b2   Code   RO          477    .text               c_w.l(_printf_intcommon.o)
    0x00002bc0   0x0000041a   Code   RO          479    .text               c_w.l(_printf_fp_dec.o)
    0x00002fda   0x00000002   PAD
    0x00002fdc   0x00000030   Code   RO          481    .text               c_w.l(_printf_char_common.o)
    0x0000300c   0x0000000a   Code   RO          483    .text               c_w.l(_sputc.o)
    0x00003016   0x0000002c   Code   RO          485    .text               c_w.l(_printf_char.o)
    0x00003042   0x00000002   PAD
    0x00003044   0x000000a0   Code   RO          488    .text               c_w.l(strtod.o)
    0x000030e4   0x00000070   Code   RO          490    .text               c_w.l(strtol.o)
    0x00003154   0x00000008   Code   RO          558    .text               c_w.l(libspace.o)
    0x0000315c   0x00000010   Code   RO          576    .text               c_w.l(rt_ctype_table.o)
    0x0000316c   0x00000008   Code   RO          581    .text               c_w.l(rt_locale_intlibspace.o)
    0x00003174   0x0000008a   Code   RO          583    .text               c_w.l(lludiv10.o)
    0x000031fe   0x00000012   Code   RO          585    .text               c_w.l(isspace.o)
    0x00003210   0x00000080   Code   RO          587    .text               c_w.l(_printf_fp_infnan.o)
    0x00003290   0x00000040   Code   RO          591    .text               c_w.l(_sgetc.o)
    0x000032d0   0x0000009e   Code   RO          593    .text               c_w.l(_strtoul.o)
    0x0000336e   0x00000002   PAD
    0x00003370   0x000000dc   Code   RO          595    .text               c_w.l(bigflt0.o)
    0x0000344c   0x0000004a   Code   RO          635    .text               c_w.l(sys_stackheap_outer.o)
    0x00003496   0x0000001c   Code   RO          637    .text               c_w.l(_chval.o)
    0x000034b2   0x00000002   PAD
    0x000034b4   0x000004a4   Code   RO          639    .text               c_w.l(scanf_fp.o)
    0x00003958   0x0000000c   Code   RO          644    .text               c_w.l(exit.o)
    0x00003964   0x00000318   Code   RO          731    .text               c_w.l(scanf_hexfp.o)
    0x00003c7c   0x00000134   Code   RO          733    .text               c_w.l(scanf_infnan.o)
    0x00003db0   0x0000000c   Code   RO          747    .text               c_w.l(sys_exit.o)
    0x00003dbc   0x00000026   Code   RO          751    .text               c_w.l(llshl.o)
    0x00003de2   0x00000002   Code   RO          776    .text               c_w.l(use_no_semi.o)
    0x00003de4   0x00000000   Code   RO          778    .text               c_w.l(indicate_semi.o)
    0x00003de4   0x0000003e   Code   RO          598    CL$$btod_d2e        c_w.l(btod.o)
    0x00003e22   0x00000046   Code   RO          600    CL$$btod_d2e_denorm_low  c_w.l(btod.o)
    0x00003e68   0x00000060   Code   RO          599    CL$$btod_d2e_norm_op1  c_w.l(btod.o)
    0x00003ec8   0x00000338   Code   RO          608    CL$$btod_div_common  c_w.l(btod.o)
    0x00004200   0x00000054   Code   RO          606    CL$$btod_e2d        c_w.l(btod.o)
    0x00004254   0x000000c6   Code   RO          605    CL$$btod_e2e        c_w.l(btod.o)
    0x0000431a   0x00000028   Code   RO          602    CL$$btod_ediv       c_w.l(btod.o)
    0x00004342   0x00000028   Code   RO          604    CL$$btod_edivd      c_w.l(btod.o)
    0x0000436a   0x00000028   Code   RO          601    CL$$btod_emul       c_w.l(btod.o)
    0x00004392   0x00000028   Code   RO          603    CL$$btod_emuld      c_w.l(btod.o)
    0x000043ba   0x00000244   Code   RO          607    CL$$btod_mult_common  c_w.l(btod.o)
    0x000045fe   0x00000030   Code   RO          536    i.__ARM_fpclassify  m_wm.l(fpclassify.o)
    0x0000462e   0x00000002   PAD
    0x00004630   0x00000358   Code   RO          333    i.__hardfp_acos     m_wm.l(acos.o)
    0x00004988   0x00000360   Code   RO          347    i.__hardfp_asin     m_wm.l(asin.o)
    0x00004ce8   0x000002d8   Code   RO          361    i.__hardfp_atan     m_wm.l(atan.o)
    0x00004fc0   0x00000038   Code   RO          375    i.__hardfp_atof     m_wm.l(atof.o)
    0x00004ff8   0x000000c8   Code   RO          381    i.__hardfp_cos      m_wm.l(cos.o)
    0x000050c0   0x000000d0   Code   RO          760    i.__hardfp_ldexp    m_wm.l(ldexp.o)
    0x00005190   0x000003c4   Code   RO          393    i.__hardfp_log      m_wm.l(log.o)
    0x00005554   0x00000004   PAD
    0x00005558   0x00000130   Code   RO          407    i.__hardfp_log10    m_wm.l(log10.o)
    0x00005688   0x00000c38   Code   RO          419    i.__hardfp_pow      m_wm.l(pow.o)
    0x000062c0   0x000000c8   Code   RO          433    i.__hardfp_sin      m_wm.l(sin.o)
    0x00006388   0x0000007a   Code   RO          445    i.__hardfp_sqrt     m_wm.l(sqrt.o)
    0x00006402   0x00000006   PAD
    0x00006408   0x00000080   Code   RO          457    i.__hardfp_tan      m_wm.l(tan.o)
    0x00006488   0x00000438   Code   RO          541    i.__ieee754_rem_pio2  m_wm.l(rred.o)
    0x000068c0   0x00000170   Code   RO          513    i.__kernel_cos      m_wm.l(cos_i.o)
    0x00006a30   0x000000f8   Code   RO          538    i.__kernel_poly     m_wm.l(poly.o)
    0x00006b28   0x00000130   Code   RO          546    i.__kernel_sin      m_wm.l(sin_i.o)
    0x00006c58   0x00000350   Code   RO          552    i.__kernel_tan      m_wm.l(tan_i.o)
    0x00006fa8   0x00000030   Code   RO          516    i.__mathlib_dbl_divzero  m_wm.l(dunder.o)
    0x00006fd8   0x00000014   Code   RO          517    i.__mathlib_dbl_infnan  m_wm.l(dunder.o)
    0x00006fec   0x00000014   Code   RO          518    i.__mathlib_dbl_infnan2  m_wm.l(dunder.o)
    0x00007000   0x00000020   Code   RO          519    i.__mathlib_dbl_invalid  m_wm.l(dunder.o)
    0x00007020   0x00000020   Code   RO          520    i.__mathlib_dbl_overflow  m_wm.l(dunder.o)
    0x00007040   0x00000020   Code   RO          522    i.__mathlib_dbl_underflow  m_wm.l(dunder.o)
    0x00007060   0x000000b8   Code   RO          717    i.__mathlib_narrow  m_wm.l(narrow.o)
    0x00007118   0x00000014   Code   RO          762    i.__support_ldexp   m_wm.l(ldexp.o)
    0x0000712c   0x0000000e   Code   RO          282    i._is_digit         c_w.l(__printf_wp.o)
    0x0000713a   0x00000018   Code   RO          532    i.fabs              m_wm.l(fabs.o)
    0x00007152   0x00000006   PAD
    0x00007158   0x0000008c   Code   RO          741    i.frexp             m_wm.l(frexp.o)
    0x000071e4   0x00000010   Code   RO          395    i.log               m_wm.l(log.o)
    0x000071f4   0x0000006e   Code   RO          447    i.sqrt              m_wm.l(sqrt.o)
    0x00007262   0x00000002   PAD
    0x00007264   0x0000002c   Code   RO          621    locale$$code        c_w.l(lc_numeric_c.o)
    0x00007290   0x0000002c   Code   RO          642    locale$$code        c_w.l(lc_ctype_c.o)
    0x000072bc   0x00000018   Code   RO          492    x$fpl$basic         fz_wm.l(basic.o)
    0x000072d4   0x00000062   Code   RO          309    x$fpl$d2f           fz_wm.l(d2f.o)
    0x00007336   0x00000002   PAD
    0x00007338   0x00000150   Code   RO          311    x$fpl$dadd          fz_wm.l(daddsub_clz.o)
    0x00007488   0x00000010   Code   RO          623    x$fpl$dcheck1       fz_wm.l(dcheck1.o)
    0x00007498   0x00000018   Code   RO          625    x$fpl$dcmpinf       fz_wm.l(dcmpi.o)
    0x000074b0   0x000002b0   Code   RO          318    x$fpl$ddiv          fz_wm.l(ddiv.o)
    0x00007760   0x00000078   Code   RO          494    x$fpl$deqf          fz_wm.l(deqf.o)
    0x000077d8   0x0000005e   Code   RO          627    x$fpl$dfix          fz_wm.l(dfix.o)
    0x00007836   0x0000002e   Code   RO          322    x$fpl$dflt          fz_wm.l(dflt_clz.o)
    0x00007864   0x00000026   Code   RO          321    x$fpl$dfltu         fz_wm.l(dflt_clz.o)
    0x0000788a   0x00000002   PAD
    0x0000788c   0x00000078   Code   RO          496    x$fpl$dleqf         fz_wm.l(dleqf.o)
    0x00007904   0x00000154   Code   RO          327    x$fpl$dmul          fz_wm.l(dmul.o)
    0x00007a58   0x0000009c   Code   RO          498    x$fpl$dnaninf       fz_wm.l(dnaninf.o)
    0x00007af4   0x0000000c   Code   RO          500    x$fpl$dretinf       fz_wm.l(dretinf.o)
    0x00007b00   0x0000006c   Code   RO          502    x$fpl$drleqf        fz_wm.l(drleqf.o)
    0x00007b6c   0x00000016   Code   RO          312    x$fpl$drsb          fz_wm.l(daddsub_clz.o)
    0x00007b82   0x00000002   PAD
    0x00007b84   0x00000198   Code   RO          504    x$fpl$dsqrt         fz_wm.l(dsqrt_umaal.o)
    0x00007d1c   0x000001d4   Code   RO          313    x$fpl$dsub          fz_wm.l(daddsub_clz.o)
    0x00007ef0   0x00000056   Code   RO          329    x$fpl$f2d           fz_wm.l(f2d.o)
    0x00007f46   0x0000008c   Code   RO          506    x$fpl$fnaninf       fz_wm.l(fnaninf.o)
    0x00007fd2   0x0000000a   Code   RO          706    x$fpl$fpinit        fz_wm.l(fpinit.o)
    0x00007fdc   0x0000000a   Code   RO          508    x$fpl$fretinf       fz_wm.l(fretinf.o)
    0x00007fe6   0x00000004   Code   RO          331    x$fpl$printf1       fz_wm.l(printf1.o)
    0x00007fea   0x00000064   Code   RO          697    x$fpl$retnan        fz_wm.l(retnan.o)
    0x0000804e   0x0000005c   Code   RO          510    x$fpl$scalbn        fz_wm.l(scalbn.o)
    0x000080aa   0x00000004   Code   RO          633    x$fpl$scanf1        fz_wm.l(scanf1.o)
    0x000080ae   0x00000008   Code   RO          708    x$fpl$scanf2        fz_wm.l(scanf2.o)
    0x000080b6   0x00000030   Code   RO          714    x$fpl$trapveneer    fz_wm.l(trapv.o)
    0x000080e6   0x00000000   Code   RO          512    x$fpl$usenofp       fz_wm.l(usenofp.o)
    0x000080e6   0x00000011   Data   RO          285    .constdata          c_w.l(__printf_flags_wp.o)
    0x000080f7   0x00000001   PAD
    0x000080f8   0x00000050   Data   RO          336    .constdata          m_wm.l(acos.o)
    0x00008148   0x00000050   Data   RO          350    .constdata          m_wm.l(asin.o)
    0x00008198   0x00000098   Data   RO          364    .constdata          m_wm.l(atan.o)
    0x00008230   0x00000038   Data   RO          396    .constdata          m_wm.l(log.o)
    0x00008268   0x00000088   Data   RO          422    .constdata          m_wm.l(pow.o)
    0x000082f0   0x00000030   Data   RO          514    .constdata          m_wm.l(cos_i.o)
    0x00008320   0x00000008   Data   RO          540    .constdata          m_wm.l(qnan.o)
    0x00008328   0x000000c8   Data   RO          543    .constdata          m_wm.l(rred.o)
    0x000083f0   0x00000028   Data   RO          547    .constdata          m_wm.l(sin_i.o)
    0x00008418   0x00000060   Data   RO          553    .constdata          m_wm.l(tan_i.o)
    0x00008478   0x00000094   Data   RO          596    .constdata          c_w.l(bigflt0.o)
    0x0000850c   0x00000020   Data   RO          824    Region$$Table       anon$$obj.o
    0x0000852c   0x00000008   Data   RO          703    c$$dinf             fz_wm.l(fpconst.o)
    0x00008534   0x0000001c   Data   RO          620    locale$$data        c_w.l(lc_numeric_c.o)
    0x00008550   0x00000110   Data   RO          641    locale$$data        c_w.l(lc_ctype_c.o)


    Execution Region ER_RW (Base: 0x20000000, Size: 0x00000014, Max: 0xffffffff, ABSOLUTE)

    Base Addr    Size         Type   Attr      Idx    E Section Name        Object

    0x20000000   0x00000003   Data   RW            5    .data               main.o
    0x20000003   0x00000002   Data   RW           84    .data               keypad_driver.o
    0x20000005   0x00000003   PAD
    0x20000008   0x00000008   Data   RW          135    .data               graphics.o
    0x20000010   0x00000004   Data   RW          222    .data               system_tm4c123.o


    Execution Region ER_ZI (Base: 0x20000014, Size: 0x000005cc, Max: 0xffffffff, ABSOLUTE)

    Base Addr    Size         Type   Attr      Idx    E Section Name        Object

    0x20000014   0x00000040   Zero   RW          119    .bss                lcd_driver.o
    0x20000054   0x00000028   Zero   RW          134    .bss                graphics.o
    0x2000007c   0x00000060   Zero   RW          559    .bss                c_w.l(libspace.o)
    0x200000dc   0x00000004   PAD
    0x200000e0   0x00000000   Zero   RW          212    HEAP                startup_tm4c123.o
    0x200000e0   0x00000500   Zero   RW          211    STACK               startup_tm4c123.o


==============================================================================

Image component sizes


      Code (inc. data)   RO Data    RW Data    ZI Data      Debug   Object Name

      2992        110          0          0          0       6243   evaluate_expression.o
       628         44          0          8         40       2874   graphics.o
       980         40          0          2          0      30969   keypad_driver.o
      1396         88          0          0         64       3743   lcd_driver.o
      1936        194          0          3          0      40778   main.o
       248         12          0          0          0      27663   pll.o
       212         18          0          0          0        910   speaker.o
       276         24        620          0       1280       5436   startup_tm4c123.o
       592        138          0          4          0       1497   system_tm4c123.o

    ----------------------------------------------------------------------
      9260        668        652         20       1384     120113   Object Totals
         0          0         32          0          0          0   (incl. Generated)
         0          0          0          3          0          0   (incl. Padding)

    ----------------------------------------------------------------------

      Code (inc. data)   RO Data    RW Data    ZI Data      Debug   Library Member Name

         8          0          0          0          0         68   __main.o
       312          4         17          0          0         92   __printf_flags_wp.o
        14          0          0          0          0         68   __printf_wp.o
         0          0          0          0          0          0   __rtentry.o
        12          0          0          0          0          0   __rtentry2.o
         6          0          0          0          0          0   __rtentry4.o
        52          8          0          0          0          0   __scatter.o
        26          0          0          0          0          0   __scatter_copy.o
        28          0          0          0          0          0   __scatter_zi.o
        28          0          0          0          0         68   _chval.o
         6          0          0          0          0          0   _printf_c.o
        44          0          0          0          0        108   _printf_char.o
        48          6          0          0          0         96   _printf_char_common.o
         6          0          0          0          0          0   _printf_d.o
       120         16          0          0          0         92   _printf_dec.o
         6          0          0          0          0          0   _printf_f.o
      1050          0          0          0          0        216   _printf_fp_dec.o
       128         16          0          0          0         84   _printf_fp_infnan.o
         6          0          0          0          0          0   _printf_g.o
       178          0          0          0          0         88   _printf_intcommon.o
        78          0          0          0          0        108   _printf_pad.o
         0          0          0          0          0          0   _printf_percent.o
         4          0          0          0          0          0   _printf_percent_end.o
        82          0          0          0          0         80   _printf_str.o
        22          0          0          0          0        100   _rserrno.o
        64          0          0          0          0         84   _sgetc.o
        10          0          0          0          0         68   _sputc.o
       158          0          0          0          0         92   _strtoul.o
        26          0          0          0          0         80   atoi.o
       220          4        148          0          0         96   bigflt0.o
      2074        132          0          0          0        940   btod.o
        12          0          0          0          0         72   exit.o
         6          0          0          0          0        152   heapauxi.o
         0          0          0          0          0          0   indicate_semi.o
        18          0          0          0          0         76   isspace.o
        44         10        272          0          0         76   lc_ctype_c.o
        44         10         28          0          0         76   lc_numeric_c.o
         2          0          0          0          0          0   libinit.o
        34          0          0          0          0          0   libinit2.o
         2          0          0          0          0          0   libshutdown.o
         2          0          0          0          0          0   libshutdown2.o
         8          4          0          0         96         68   libspace.o
        38          0          0          0          0         68   llshl.o
       138          0          0          0          0         80   lludiv10.o
        40          6          0          0          0         84   noretval__2sprintf.o
        16          4          0          0          0         76   rt_ctype_table.o
         8          4          0          0          0         68   rt_errno_addr_intlibspace.o
         8          4          0          0          0         68   rt_locale_intlibspace.o
        78          0          0          0          0         80   rt_memclr_w.o
         2          0          0          0          0          0   rtexit.o
        10          0          0          0          0          0   rtexit2.o
      1188         12          0          0          0        148   scanf_fp.o
       792         14          0          0          0        100   scanf_hexfp.o
       308         16          0          0          0        100   scanf_infnan.o
        24          0          0          0          0         68   strcat.o
       128          0          0          0          0         68   strcmpv7m.o
       160         12          0          0          0        120   strtod.o
       112          0          0          0          0         88   strtol.o
        12          4          0          0          0         68   sys_exit.o
        74          0          0          0          0         80   sys_stackheap_outer.o
         2          0          0          0          0         68   use_no_semi.o
        24          0          0          0          0        164   basic.o
        98          4          0          0          0        140   d2f.o
       826         16          0          0          0        492   daddsub_clz.o
        16          4          0          0          0        116   dcheck1.o
        24          0          0          0          0        116   dcmpi.o
       688        140          0          0          0        256   ddiv.o
       120          4          0          0          0        140   deqf.o
        94          4          0          0          0        140   dfix.o
        84          0          0          0          0        232   dflt_clz.o
       120          4          0          0          0        140   dleqf.o
       340         12          0          0          0        152   dmul.o
       156          4          0          0          0        140   dnaninf.o
        12          0          0          0          0        116   dretinf.o
       108          0          0          0          0        128   drleqf.o
       408         56          0          0          0        168   dsqrt_umaal.o
        86          4          0          0          0        132   f2d.o
       140          4          0          0          0        132   fnaninf.o
         0          0          8          0          0          0   fpconst.o
        10          0          0          0          0        116   fpinit.o
        10          0          0          0          0        116   fretinf.o
         4          0          0          0          0        116   printf1.o
       100          0          0          0          0        116   retnan.o
        92          0          0          0          0        116   scalbn.o
         4          0          0          0          0        116   scanf1.o
         8          0          0          0          0        132   scanf2.o
        48          0          0          0          0        116   trapv.o
         0          0          0          0          0          0   usenofp.o
       856        118         80          0          0        288   acos.o
       864         94         80          0          0        280   asin.o
       728        106        152          0          0        228   atan.o
        56         12          0          0          0        132   atof.o
       200         20          0          0          0        164   cos.o
       368         46         48          0          0        200   cos_i.o
       184         44          0          0          0        744   dunder.o
        24          0          0          0          0        124   fabs.o
        48          0          0          0          0        124   fpclassify.o
       140         22          0          0          0        132   frexp.o
       228          8          0          0          0        308   ldexp.o
       980         92         56          0          0        440   log.o
       304         44          0          0          0        200   log10.o
       184         18          0          0          0        152   narrow.o
       248          0          0          0          0        152   poly.o
      3128        302        136          0          0        356   pow.o
         0          0          8          0          0          0   qnan.o
      1080        142        200          0          0        188   rred.o
       200         20          0          0          0        164   sin.o
       304         24         40          0          0        208   sin_i.o
       232          0          0          0          0        296   sqrt.o
       128         20          0          0          0        144   tan.o
       848         84         96          0          0        196   tan_i.o

    ----------------------------------------------------------------------
     23118       1762       1370          0        100      13648   Library Totals
        40          4          1          0          4          0   (incl. Padding)

    ----------------------------------------------------------------------

      Code (inc. data)   RO Data    RW Data    ZI Data      Debug   Library Name

      8126        286        465          0         96       4580   c_w.l
      3620        256          8          0          0       3848   fz_wm.l
     11332       1216        896          0          0       5220   m_wm.l

    ----------------------------------------------------------------------
     23118       1762       1370          0        100      13648   Library Totals

    ----------------------------------------------------------------------

==============================================================================


      Code (inc. data)   RO Data    RW Data    ZI Data      Debug   

     32378       2430       2022         20       1484     124213   Grand Totals
     32378       2430       2022         20       1484     124213   ELF Image Totals
     32378       2430       2022         20          0          0   ROM Totals

==============================================================================

    Total RO  Size (Code + RO Data)                34400 (  33.59kB)
    Total RW  Size (RW Data + ZI Data)              1504 (   1.47kB)
    Total ROM Size (Code + RO Data + RW Data)      34420 (  33.61kB)

==============================================================================

